Archive member included to satisfy reference by file (symbol)

/usr/lib/gcc/arm-none-eabi/10.3.1/thumb/v7e-m+fp/hard/libgcc.a(_arm_muldf3.o)
                              build/mes/jp_hook.o (__aeabi_dmul)
/usr/lib/gcc/arm-none-eabi/10.3.1/thumb/v7e-m+fp/hard/libgcc.a(_arm_addsubdf3.o)
                              build/mes/jp_hook.o (__aeabi_ui2d)
/usr/lib/gcc/arm-none-eabi/10.3.1/thumb/v7e-m+fp/hard/libgcc.a(_arm_fixdfsi.o)
                              build/mes/jp_hook.o (__aeabi_d2iz)
/usr/lib/gcc/arm-none-eabi/10.3.1/../../../arm-none-eabi/lib/thumb/v7e-m+fp/hard/libg.a(lib_a-atexit.o)
                              /usr/lib/gcc/arm-none-eabi/10.3.1/../../../arm-none-eabi/lib/thumb/v7e-m+fp/hard/crt0.o (atexit)
/usr/lib/gcc/arm-none-eabi/10.3.1/../../../arm-none-eabi/lib/thumb/v7e-m+fp/hard/libg.a(lib_a-ctype_.o)
                              build/parser.o (_ctype_)
/usr/lib/gcc/arm-none-eabi/10.3.1/../../../arm-none-eabi/lib/thumb/v7e-m+fp/hard/libg.a(lib_a-errno.o)
                              build/syscall.o (__errno)
/usr/lib/gcc/arm-none-eabi/10.3.1/../../../arm-none-eabi/lib/thumb/v7e-m+fp/hard/libg.a(lib_a-exit.o)
                              /usr/lib/gcc/arm-none-eabi/10.3.1/../../../arm-none-eabi/lib/thumb/v7e-m+fp/hard/crt0.o (exit)
/usr/lib/gcc/arm-none-eabi/10.3.1/../../../arm-none-eabi/lib/thumb/v7e-m+fp/hard/libg.a(lib_a-fini.o)
                              /usr/lib/gcc/arm-none-eabi/10.3.1/../../../arm-none-eabi/lib/thumb/v7e-m+fp/hard/crt0.o (__libc_fini_array)
/usr/lib/gcc/arm-none-eabi/10.3.1/../../../arm-none-eabi/lib/thumb/v7e-m+fp/hard/libg.a(lib_a-impure.o)
                              /usr/lib/gcc/arm-none-eabi/10.3.1/../../../arm-none-eabi/lib/thumb/v7e-m+fp/hard/libg.a(lib_a-exit.o) (_global_impure_ptr)
/usr/lib/gcc/arm-none-eabi/10.3.1/../../../arm-none-eabi/lib/thumb/v7e-m+fp/hard/libg.a(lib_a-init.o)
                              /usr/lib/gcc/arm-none-eabi/10.3.1/../../../arm-none-eabi/lib/thumb/v7e-m+fp/hard/crt0.o (__libc_init_array)
/usr/lib/gcc/arm-none-eabi/10.3.1/../../../arm-none-eabi/lib/thumb/v7e-m+fp/hard/libg.a(lib_a-memset.o)
                              /usr/lib/gcc/arm-none-eabi/10.3.1/../../../arm-none-eabi/lib/thumb/v7e-m+fp/hard/crt0.o (memset)
/usr/lib/gcc/arm-none-eabi/10.3.1/../../../arm-none-eabi/lib/thumb/v7e-m+fp/hard/libg.a(lib_a-printf.o)
                              build/main.o (printf)
/usr/lib/gcc/arm-none-eabi/10.3.1/../../../arm-none-eabi/lib/thumb/v7e-m+fp/hard/libg.a(lib_a-putchar.o)
                              build/parser.o (putchar)
/usr/lib/gcc/arm-none-eabi/10.3.1/../../../arm-none-eabi/lib/thumb/v7e-m+fp/hard/libg.a(lib_a-puts.o)
                              build/main.o (puts)
/usr/lib/gcc/arm-none-eabi/10.3.1/../../../arm-none-eabi/lib/thumb/v7e-m+fp/hard/libg.a(lib_a-setvbuf.o)
                              build/terminal.o (setvbuf)
/usr/lib/gcc/arm-none-eabi/10.3.1/../../../arm-none-eabi/lib/thumb/v7e-m+fp/hard/libg.a(lib_a-strcasecmp.o)
                              build/parser.o (strcasecmp)
/usr/lib/gcc/arm-none-eabi/10.3.1/../../../arm-none-eabi/lib/thumb/v7e-m+fp/hard/libg.a(lib_a-strcpy.o)
                              build/parser.o (strcpy)
/usr/lib/gcc/arm-none-eabi/10.3.1/../../../arm-none-eabi/lib/thumb/v7e-m+fp/hard/libg.a(lib_a-strlen.o)
                              build/parser.o (strlen)
/usr/lib/gcc/arm-none-eabi/10.3.1/../../../arm-none-eabi/lib/thumb/v7e-m+fp/hard/libg.a(lib_a-strtok.o)
                              build/parser.o (strtok)
/usr/lib/gcc/arm-none-eabi/10.3.1/../../../arm-none-eabi/lib/thumb/v7e-m+fp/hard/libg.a(lib_a-strtok_r.o)
                              /usr/lib/gcc/arm-none-eabi/10.3.1/../../../arm-none-eabi/lib/thumb/v7e-m+fp/hard/libg.a(lib_a-strtok.o) (__strtok_r)
/usr/lib/gcc/arm-none-eabi/10.3.1/../../../arm-none-eabi/lib/thumb/v7e-m+fp/hard/libg.a(lib_a-strtol.o)
                              build/parser.o (strtol)
/usr/lib/gcc/arm-none-eabi/10.3.1/../../../arm-none-eabi/lib/thumb/v7e-m+fp/hard/libg.a(lib_a-strtoul.o)
                              build/parser.o (strtoul)
/usr/lib/gcc/arm-none-eabi/10.3.1/../../../arm-none-eabi/lib/thumb/v7e-m+fp/hard/libg.a(lib_a-vfprintf.o)
                              /usr/lib/gcc/arm-none-eabi/10.3.1/../../../arm-none-eabi/lib/thumb/v7e-m+fp/hard/libg.a(lib_a-printf.o) (_vfprintf_r)
/usr/lib/gcc/arm-none-eabi/10.3.1/../../../arm-none-eabi/lib/thumb/v7e-m+fp/hard/libg.a(lib_a-wsetup.o)
                              /usr/lib/gcc/arm-none-eabi/10.3.1/../../../arm-none-eabi/lib/thumb/v7e-m+fp/hard/libg.a(lib_a-vfprintf.o) (__swsetup_r)
/usr/lib/gcc/arm-none-eabi/10.3.1/../../../arm-none-eabi/lib/thumb/v7e-m+fp/hard/libg.a(lib_a-__atexit.o)
                              /usr/lib/gcc/arm-none-eabi/10.3.1/../../../arm-none-eabi/lib/thumb/v7e-m+fp/hard/libg.a(lib_a-atexit.o) (__register_exitproc)
/usr/lib/gcc/arm-none-eabi/10.3.1/../../../arm-none-eabi/lib/thumb/v7e-m+fp/hard/libg.a(lib_a-__call_atexit.o)
[...]
Memory Configuration

Name             Origin             Length             Attributes
FLASH            0x0000000008000000 0x0000000000040000 xr
RAM              0x0000000020000000 0x000000000000a000 xrw
CCMRAM           0x0000000010000000 0x0000000000002000 rw
*default*        0x0000000000000000 0xffffffffffffffff

Linker script and memory map

LOAD /usr/lib/gcc/arm-none-eabi/10.3.1/thumb/v7e-m+fp/hard/crti.o
LOAD /usr/lib/gcc/arm-none-eabi/10.3.1/thumb/v7e-m+fp/hard/crtbegin.o
LOAD /usr/lib/gcc/arm-none-eabi/10.3.1/../../../arm-none-eabi/lib/thumb/v7e-m+fp/hard/crt0.o
LOAD build/main.o
LOAD build/mes/jp_hook.o
LOAD build/mes/jp_asm.o
LOAD build/mycode.o
LOAD build/mytest.o
LOAD build/monitor.o
LOAD build/parser.o
LOAD build/dump.o
LOAD build/syscall.o
LOAD build/terminal.o
LOAD build/decoder/decoder.o
LOAD build/decoder/STM32F30x_decoder.o
LOAD build/Drivers/CMSIS/Device/ST/STM32F3xx/Source/Templates/system_stm32f3xx.o
LOAD build/Drivers/STM32F3xx_HAL_Driver/Src/stm32f3xx_hal_rcc.o
LOAD build/Drivers/STM32F3xx_HAL_Driver/Src/stm32f3xx_hal.o
LOAD build/Drivers/STM32F3xx_HAL_Driver/Src/stm32f3xx_hal_cortex.o
LOAD build/Drivers/STM32F3xx_HAL_Driver/Src/stm32f3xx_hal_uart.o
LOAD build/Drivers/STM32F3xx_HAL_Driver/Src/stm32f3xx_hal_gpio.o
LOAD build/Drivers/STM32F3xx_HAL_Driver/Src/stm32f3xx_hal_pcd.o
LOAD build/Drivers/STM32F3xx_HAL_Driver/Src/stm32f3xx_hal_pcd_ex.o
LOAD build/Drivers/STM32F3xx_HAL_Driver/Src/stm32f3xx_hal_i2c.o
LOAD build/Drivers/STM32F3xx_HAL_Driver/Src/stm32f3xx_hal_spi.o
LOAD build/Drivers/STM32_USB_Device_Library/Core/Src/usbd_core.o
LOAD build/Drivers/STM32_USB_Device_Library/Core/Src/usbd_ctlreq.o
LOAD build/Drivers/STM32_USB_Device_Library/Core/Src/usbd_ioreq.o
LOAD build/Drivers/STM32_USB_Device_Library/Class/CDC/Src/usbd_cdc.o
LOAD build/usbd_conf.o
LOAD build/usbd_desc.o
LOAD build/usbd_cdc_interface.o
LOAD build/Drivers/BSP/STM32F3-Discovery/stm32f3_discovery.o
LOAD build/Drivers/BSP/STM32F3-Discovery/stm32f3_discovery_accelerometer.o
LOAD build/Drivers/BSP/STM32F3-Discovery/stm32f3_discovery_gyroscope.o
LOAD build/Drivers/BSP/Components/lsm303dlhc/lsm303dlhc.o
LOAD build/Drivers/BSP/Components/l3gd20/l3gd20.o
LOAD build/Drivers/BSP/Components/i3g4250d/i3g4250d.o
LOAD build/Drivers/BSP/Components/lsm303agr/lsm303agr.o
LOAD build/Drivers/CMSIS/Device/ST/STM32F3xx/Source/Templates/gcc/startup_stm32f303xc.o
START GROUP
LOAD /usr/lib/gcc/arm-none-eabi/10.3.1/thumb/v7e-m+fp/hard/libgcc.a
LOAD /usr/lib/gcc/arm-none-eabi/10.3.1/../../../arm-none-eabi/lib/thumb/v7e-m+fp/hard/libg.a
LOAD /usr/lib/gcc/arm-none-eabi/10.3.1/../../../arm-none-eabi/lib/thumb/v7e-m+fp/hard/libc.a
END GROUP
START GROUP
LOAD /usr/lib/gcc/arm-none-eabi/10.3.1/thumb/v7e-m+fp/hard/libgcc.a
LOAD /usr/lib/gcc/arm-none-eabi/10.3.1/../../../arm-none-eabi/lib/thumb/v7e-m+fp/hard/libc.a
LOAD /usr/lib/gcc/arm-none-eabi/10.3.1/../../../arm-none-eabi/lib/thumb/v7e-m+fp/hard/libnosys.a
END GROUP
LOAD /usr/lib/gcc/arm-none-eabi/10.3.1/thumb/v7e-m+fp/hard/crtend.o
LOAD /usr/lib/gcc/arm-none-eabi/10.3.1/thumb/v7e-m+fp/hard/crtn.o
                0x0000000020008000                _estack = 0x20008000
                0x0000000000001000                _Min_Heap_Size = 0x1000
                0x0000000000000400                _Min_Stack_Size = 0x400

.isr_vector     0x0000000008000000      0x188
                0x0000000008000000                . = ALIGN (0x4)
 *(.isr_vector)
 .isr_vector    0x0000000008000000      0x188 build/Drivers/CMSIS/Device/ST/STM32F3xx/Source/Templates/gcc/startup_stm32f303xc.o
                0x0000000008000000                g_pfnVectors
                0x0000000008000188                . = ALIGN (0x4)

.text           0x00000000080001c0     0xc7e0
                0x00000000080001c0                . = ALIGN (0x4)
 *(.text)
 .text          0x00000000080001c0       0x88 /usr/lib/gcc/arm-none-eabi/10.3.1/thumb/v7e-m+fp/hard/crtbegin.o
 .text          0x0000000008000248      0x1dc build/mes/jp_asm.o
                0x0000000008000248                jp_led_demo_a4
                0x0000000008000288                jp_led_demo_a3
                0x000000000800033c                jp_led_demo_a2
                0x0000000008000378                add_test
                0x0000000008000408                busy_delay
 .text          0x0000000008000424       0x34 build/mycode.o
                0x0000000008000424                mytest
                0x0000000008000438                my_Tick
                0x000000000800044c                my_Loop
                0x0000000008000450                my_Init
 .text          0x0000000008000458      0x378 /usr/lib/gcc/arm-none-eabi/10.3.1/thumb/v7e-m+fp/hard/libgcc.a(_arm_addsubdf3.o)
                0x0000000008000458                __aeabi_drsub
                0x0000000008000460                __aeabi_dsub
                0x0000000008000460                __subdf3
                0x0000000008000464                __adddf3
                0x0000000008000464                __aeabi_dadd
                0x00000000080006dc                __aeabi_ui2d
                0x00000000080006dc                __floatunsidf
                0x00000000080006fc                __floatsidf
                0x00000000080006fc                __aeabi_i2d
                0x0000000008000720                __extendsfdf2
                0x0000000008000720                __aeabi_f2d
                0x0000000008000764                __aeabi_ul2d
                0x0000000008000764                __floatundidf
                0x0000000008000774                __floatdidf
                0x0000000008000774                __aeabi_l2d
 .text          0x00000000080007d0       0x50 /usr/lib/gcc/arm-none-eabi/10.3.1/thumb/v7e-m+fp/hard/libgcc.a(_arm_fixdfsi.o)
                0x00000000080007d0                __fixdfsi
                0x00000000080007d0                __aeabi_d2iz
 .text          0x0000000008000820        0xc /usr/lib/gcc/arm-none-eabi/10.3.1/../../../arm-none-eabi/lib/thumb/v7e-m+fp/hard/libg.a(lib_a-atexit.o)
                0x0000000008000820                atexit
 .text          0x000000000800082c        0xc /usr/lib/gcc/arm-none-eabi/10.3.1/../../../arm-none-eabi/lib/thumb/v7e-m+fp/hard/libg.a(lib_a-errno.o)
                0x000000000800082c                __errno
 .text          0x0000000008000838       0x2c /usr/lib/gcc/arm-none-eabi/10.3.1/../../../arm-none-eabi/lib/thumb/v7e-m+fp/hard/libg.a(lib_a-fini.o)
                0x0000000008000838                __libc_fini_array
 .text          0x0000000008000864       0x48 /usr/lib/gcc/arm-none-eabi/10.3.1/../../../arm-none-eabi/lib/thumb/v7e-m+fp/hard/libg.a(lib_a-init.o)
                0x0000000008000864                __libc_init_array
 .text          0x00000000080008ac       0xa4 /usr/lib/gcc/arm-none-eabi/10.3.1/../../../arm-none-eabi/lib/thumb/v7e-m+fp/hard/libg.a(lib_a-memset.o)
                0x00000000080008ac                memset
 .text          0x0000000008000950       0x48 /usr/lib/gcc/arm-none-eabi/10.3.1/../../../arm-none-eabi/lib/thumb/v7e-m+fp/hard/libg.a(lib_a-printf.o)
                0x0000000008000950                _printf_r
                0x0000000008000970                printf
 .text          0x0000000008000998       0x18 /usr/lib/gcc/arm-none-eabi/10.3.1/../../../arm-none-eabi/lib/thumb/v7e-m+fp/hard/libg.a(lib_a-putchar.o)
                0x0000000008000998                _putchar_r
                0x00000000080009a0                putchar
 .text          0x00000000080009b0       0x78 /usr/lib/gcc/arm-none-eabi/10.3.1/../../../arm-none-eabi/lib/thumb/v7e-m+fp/hard/libg.a(lib_a-puts.o)
                0x00000000080009b0                _puts_r
                0x0000000008000a18                puts
 .text          0x0000000008000a28      0x174 /usr/lib/gcc/arm-none-eabi/10.3.1/../../../arm-none-eabi/lib/thumb/v7e-m+fp/hard/libg.a(lib_a-setvbuf.o)
                0x0000000008000a28                setvbuf
 .text          0x0000000008000b9c       0x4c /usr/lib/gcc/arm-none-eabi/10.3.1/../../../arm-none-eabi/lib/thumb/v7e-m+fp/hard/libg.a(lib_a-strcasecmp.o)
                0x0000000008000b9c                strcasecmp
 .text          0x0000000008000be8       0xbc /usr/lib/gcc/arm-none-eabi/10.3.1/../../../arm-none-eabi/lib/thumb/v7e-m+fp/hard/libg.a(lib_a-strcpy.o)
                0x0000000008000be8                strcpy
 *fill*         0x0000000008000ca4       0x1c 
 .text          0x0000000008000cc0       0xdc /usr/lib/gcc/arm-none-eabi/10.3.1/../../../arm-none-eabi/lib/thumb/v7e-m+fp/hard/libg.a(lib_a-strlen.o)
                0x0000000008000cc0                strlen
 .text          0x0000000008000d9c       0x10 /usr/lib/gcc/arm-none-eabi/10.3.1/../../../arm-none-eabi/lib/thumb/v7e-m+fp/hard/libg.a(lib_a-strtok.o)
                0x0000000008000d9c                strtok
 .text          0x0000000008000dac       0x6c /usr/lib/gcc/arm-none-eabi/10.3.1/../../../arm-none-eabi/lib/thumb/v7e-m+fp/hard/libg.a(lib_a-strtok_r.o)
                0x0000000008000dac                __strtok_r
                0x0000000008000e10                strtok_r
 .text          0x0000000008000e18      0x170 /usr/lib/gcc/arm-none-eabi/10.3.1/../../../arm-none-eabi/lib/thumb/v7e-m+fp/hard/libg.a(lib_a-strtoul.o)
                0x0000000008000f54                _strtoul_r
                0x0000000008000f58                strtoul_l
                0x0000000008000f70                strtoul
 .text          0x0000000008000f88     0x159c /usr/lib/gcc/arm-none-eabi/10.3.1/../../../arm-none-eabi/lib/thumb/v7e-m+fp/hard/libg.a(lib_a-vfprintf.o)
                0x0000000008000f88                _vfprintf_r
                0x000000000800249c                vfprintf
 .text          0x0000000008002524       0xd4 /usr/lib/gcc/arm-none-eabi/10.3.1/../../../arm-none-eabi/lib/thumb/v7e-m+fp/hard/libg.a(lib_a-wsetup.o)
                0x0000000008002524                __swsetup_r
 .text          0x00000000080025f8       0x68 /usr/lib/gcc/arm-none-eabi/10.3.1/../../../arm-none-eabi/lib/thumb/v7e-m+fp/hard/libg.a(lib_a-__atexit.o)
                0x00000000080025f8                __register_exitproc
 .text          0x0000000008002660     0x1064 /usr/lib/gcc/arm-none-eabi/10.3.1/../../../arm-none-eabi/lib/thumb/v7e-m+fp/hard/libg.a(lib_a-dtoa.o)
                0x0000000008002788                _dtoa_r
 .text          0x00000000080036c4      0x1ac /usr/lib/gcc/arm-none-eabi/10.3.1/../../../arm-none-eabi/lib/thumb/v7e-m+fp/hard/libg.a(lib_a-fflush.o)
                0x00000000080036c4                __sflush_r
                0x00000000080037f4                _fflush_r
                0x0000000008003820                fflush
 .text          0x0000000008003870      0x218 /usr/lib/gcc/arm-none-eabi/10.3.1/../../../arm-none-eabi/lib/thumb/v7e-m+fp/hard/libg.a(lib_a-findfp.o)
                0x0000000008003874                _cleanup_r
                0x000000000800395c                __sfmoreglue
                0x000000000800398c                __sfp
                0x0000000008003a34                _cleanup
                0x0000000008003a48                __sinit
                0x0000000008003a50                __sfp_lock_acquire
                0x0000000008003a54                __sfp_lock_release
                0x0000000008003a58                __sinit_lock_acquire
                0x0000000008003a5c                __sinit_lock_release
                0x0000000008003a60                __fp_lock_all
                0x0000000008003a74                __fp_unlock_all
 .text          0x0000000008003a88      0x2ac /usr/lib/gcc/arm-none-eabi/10.3.1/../../../arm-none-eabi/lib/thumb/v7e-m+fp/hard/libg.a(lib_a-freer.o)
                0x0000000008003a88                _malloc_trim_r
                0x0000000008003b28                _free_r
 .text          0x0000000008003d34      0x2f0 /usr/lib/gcc/arm-none-eabi/10.3.1/../../../arm-none-eabi/lib/thumb/v7e-m+fp/hard/libg.a(lib_a-fvwrite.o)
                0x0000000008003d34                __sfvwrite_r
 .text          0x0000000008004024       0x88 /usr/lib/gcc/arm-none-eabi/10.3.1/../../../arm-none-eabi/lib/thumb/v7e-m+fp/hard/libg.a(lib_a-fwalk.o)
                0x0000000008004024                _fwalk
                0x0000000008004064                _fwalk_reent
 .text          0x00000000080040ac       0x14 /usr/lib/gcc/arm-none-eabi/10.3.1/../../../arm-none-eabi/lib/thumb/v7e-m+fp/hard/libg.a(lib_a-localeconv.o)
                0x00000000080040ac                __localeconv_l
                0x00000000080040b0                _localeconv_r
                0x00000000080040b8                localeconv
 .text          0x00000000080040c0      0x140 /usr/lib/gcc/arm-none-eabi/10.3.1/../../../arm-none-eabi/lib/thumb/v7e-m+fp/hard/libg.a(lib_a-makebuf.o)
                0x00000000080040c0                __smakebuf_r
                0x00000000080041a0                __swhatbuf_r
 .text          0x0000000008004200       0x20 /usr/lib/gcc/arm-none-eabi/10.3.1/../../../arm-none-eabi/lib/thumb/v7e-m+fp/hard/libg.a(lib_a-malloc.o)
                0x0000000008004200                malloc
                0x0000000008004210                free
 .text          0x0000000008004220      0x554 /usr/lib/gcc/arm-none-eabi/10.3.1/../../../arm-none-eabi/lib/thumb/v7e-m+fp/hard/libg.a(lib_a-mallocr.o)
                0x0000000008004220                _malloc_r
 *fill*         0x0000000008004774        0xc 
 .text          0x0000000008004780       0xa0 /usr/lib/gcc/arm-none-eabi/10.3.1/../../../arm-none-eabi/lib/thumb/v7e-m+fp/hard/libg.a(lib_a-memchr.o)
                0x0000000008004780                memchr
 .text          0x0000000008004820      0x134 /usr/lib/gcc/arm-none-eabi/10.3.1/../../../arm-none-eabi/lib/thumb/v7e-m+fp/hard/libg.a(lib_a-memcpy.o)
                0x0000000008004820                memcpy
 .text          0x0000000008004954       0xf8 /usr/lib/gcc/arm-none-eabi/10.3.1/../../../arm-none-eabi/lib/thumb/v7e-m+fp/hard/libg.a(lib_a-memmove.o)
                0x0000000008004954                memmove
 .text          0x0000000008004a4c        0x8 /usr/lib/gcc/arm-none-eabi/10.3.1/../../../arm-none-eabi/lib/thumb/v7e-m+fp/hard/libg.a(lib_a-mlock.o)
                0x0000000008004a4c                __malloc_lock
                0x0000000008004a50                __malloc_unlock
 .text          0x0000000008004a54      0xaa0 /usr/lib/gcc/arm-none-eabi/10.3.1/../../../arm-none-eabi/lib/thumb/v7e-m+fp/hard/libg.a(lib_a-mprec.o)
                0x0000000008004a54                _Balloc
                0x0000000008004aa0                _Bfree
                0x0000000008004ab4                __multadd
                0x0000000008004b5c                __s2b
                0x0000000008004c10                __hi0bits
                0x0000000008004c50                __lo0bits
                0x0000000008004cb0                __i2b
                0x0000000008004d0c                __multiply
                0x0000000008004e68                __pow5mult
                0x0000000008004f28                __lshift
                0x0000000008005018                __mcmp
                0x000000000800505c                __mdiff
                0x00000000080051a8                __ulp
                0x0000000008005208                __b2d
                0x00000000080052c8                __d2b
                0x0000000008005398                __ratio
                0x00000000080053f4                _mprec_log10
                0x0000000008005434                __copybits
                0x0000000008005490                __any_on
 .text          0x00000000080054f4       0xb8 /usr/lib/gcc/arm-none-eabi/10.3.1/../../../arm-none-eabi/lib/thumb/v7e-m+fp/hard/libg.a(lib_a-putc.o)
                0x00000000080054f4                _putc_r
                0x000000000800554c                putc
 .text          0x00000000080055ac      0x3d8 /usr/lib/gcc/arm-none-eabi/10.3.1/../../../arm-none-eabi/lib/thumb/v7e-m+fp/hard/libg.a(lib_a-reallocr.o)
                0x00000000080055ac                _realloc_r
 .text          0x0000000008005984       0x90 /usr/lib/gcc/arm-none-eabi/10.3.1/../../../arm-none-eabi/lib/thumb/v7e-m+fp/hard/libg.a(lib_a-stdio.o)
                0x0000000008005984                __sread
                0x00000000080059a8                __seofread
                0x00000000080059ac                __swrite
                0x00000000080059ec                __sseek
                0x0000000008005a0c                __sclose
 .text          0x0000000008005a14      0xd44 /usr/lib/gcc/arm-none-eabi/10.3.1/../../../arm-none-eabi/lib/thumb/v7e-m+fp/hard/libg.a(lib_a-vfiprintf.o)
                0x0000000008005a8c                __sprint_r
                0x0000000008005aa4                _vfiprintf_r
                0x00000000080066d0                vfiprintf
 .text          0x0000000008006758       0xc8 /usr/lib/gcc/arm-none-eabi/10.3.1/../../../arm-none-eabi/lib/thumb/v7e-m+fp/hard/libg.a(lib_a-wbuf.o)
                0x0000000008006758                __swbuf_r
                0x0000000008006808                __swbuf
 .text          0x0000000008006820       0x4c /usr/lib/gcc/arm-none-eabi/10.3.1/../../../arm-none-eabi/lib/thumb/v7e-m+fp/hard/libg.a(lib_a-assert.o)
                0x0000000008006820                __assert_func
                0x0000000008006860                __assert
 .text          0x000000000800686c       0x60 /usr/lib/gcc/arm-none-eabi/10.3.1/../../../arm-none-eabi/lib/thumb/v7e-m+fp/hard/libg.a(lib_a-callocr.o)
                0x000000000800686c                _calloc_r
 .text          0x00000000080068cc       0xd4 /usr/lib/gcc/arm-none-eabi/10.3.1/../../../arm-none-eabi/lib/thumb/v7e-m+fp/hard/libg.a(lib_a-fclose.o)
                0x0000000008006930                _fclose_r
                0x0000000008006964                fclose
 .text          0x00000000080069a0       0x44 /usr/lib/gcc/arm-none-eabi/10.3.1/../../../arm-none-eabi/lib/thumb/v7e-m+fp/hard/libg.a(lib_a-fiprintf.o)
                0x00000000080069a0                _fiprintf_r
                0x00000000080069bc                fiprintf
 .text          0x00000000080069e4      0x118 /usr/lib/gcc/arm-none-eabi/10.3.1/../../../arm-none-eabi/lib/thumb/v7e-m+fp/hard/libg.a(lib_a-fputwc.o)
                0x00000000080069e4                __fputwc
                0x0000000008006a8c                _fputwc_r
                0x0000000008006ab4                fputwc
 .text          0x0000000008006afc       0x8c /usr/lib/gcc/arm-none-eabi/10.3.1/../../../arm-none-eabi/lib/thumb/v7e-m+fp/hard/libg.a(lib_a-locale.o)
                0x0000000008006afc                _setlocale_r
                0x0000000008006b3c                __locale_mb_cur_max
                0x0000000008006b48                setlocale
 .text          0x0000000008006b88       0x40 /usr/lib/gcc/arm-none-eabi/10.3.1/../../../arm-none-eabi/lib/thumb/v7e-m+fp/hard/libg.a(lib_a-mbtowc_r.o)
                0x0000000008006b88                _mbtowc_r
                0x0000000008006b9c                __ascii_mbtowc
 *fill*         0x0000000008006bc8       0x18 
 .text          0x0000000008006be0      0x2dc /usr/lib/gcc/arm-none-eabi/10.3.1/../../../arm-none-eabi/lib/thumb/v7e-m+fp/hard/libg.a(lib_a-strcmp.o)
                0x0000000008006be8                strcmp
 .text          0x0000000008006ebc       0x88 /usr/lib/gcc/arm-none-eabi/10.3.1/../../../arm-none-eabi/lib/thumb/v7e-m+fp/hard/libg.a(lib_a-wcrtomb.o)
                0x0000000008006ebc                _wcrtomb_r
                0x0000000008006ef8                wcrtomb
 .text          0x0000000008006f44       0x30 /usr/lib/gcc/arm-none-eabi/10.3.1/../../../arm-none-eabi/lib/thumb/v7e-m+fp/hard/libg.a(lib_a-wctomb_r.o)
                0x0000000008006f44                _wctomb_r
                0x0000000008006f58                __ascii_wctomb
 .text          0x0000000008006f74       0x10 /usr/lib/gcc/arm-none-eabi/10.3.1/../../../arm-none-eabi/lib/thumb/v7e-m+fp/hard/libg.a(lib_a-abort.o)
                0x0000000008006f74                abort
 .text          0x0000000008006f84      0x288 /usr/lib/gcc/arm-none-eabi/10.3.1/../../../arm-none-eabi/lib/thumb/v7e-m+fp/hard/libg.a(lib_a-signal.o)
                0x0000000008006f84                _init_signal_r
                0x0000000008006fb4                _signal_r
                0x0000000008007000                _raise_r
                0x0000000008007058                __sigtramp_r
                0x00000000080070bc                raise
                0x0000000008007118                signal
                0x000000000800716c                _init_signal
                0x00000000080071a4                __sigtramp
 .text          0x000000000800720c       0x30 /usr/lib/gcc/arm-none-eabi/10.3.1/../../../arm-none-eabi/lib/thumb/v7e-m+fp/hard/libg.a(lib_a-signalr.o)
                0x000000000800720c                _kill_r
                0x0000000008007238                _getpid_r
 .text          0x000000000800723c      0x424 /usr/lib/gcc/arm-none-eabi/10.3.1/thumb/v7e-m+fp/hard/libgcc.a(_arm_muldivdf3.o)
                0x000000000800723c                __aeabi_dmul
                0x000000000800723c                __muldf3
                0x0000000008007490                __aeabi_ddiv
                0x0000000008007490                __divdf3
 .text          0x0000000008007660      0x110 /usr/lib/gcc/arm-none-eabi/10.3.1/thumb/v7e-m+fp/hard/libgcc.a(_arm_cmpdf2.o)
                0x0000000008007660                __gtdf2
                0x0000000008007660                __gedf2
                0x0000000008007668                __ltdf2
                0x0000000008007668                __ledf2
                0x0000000008007670                __cmpdf2
                0x0000000008007670                __eqdf2
                0x0000000008007670                __nedf2
                0x00000000080076ec                __aeabi_cdrcmple
                0x00000000080076fc                __aeabi_cdcmple
                0x00000000080076fc                __aeabi_cdcmpeq
                0x000000000800770c                __aeabi_dcmpeq
                0x0000000008007720                __aeabi_dcmplt
                0x0000000008007734                __aeabi_dcmple
                0x0000000008007748                __aeabi_dcmpge
                0x000000000800775c                __aeabi_dcmpgt
 .text          0x0000000008007770       0x2c /usr/lib/gcc/arm-none-eabi/10.3.1/thumb/v7e-m+fp/hard/libgcc.a(_arm_unorddf2.o)
                0x0000000008007770                __aeabi_dcmpun
                0x0000000008007770                __unorddf2
 .text          0x000000000800779c       0x30 /usr/lib/gcc/arm-none-eabi/10.3.1/thumb/v7e-m+fp/hard/libgcc.a(_aeabi_uldivmod.o)
                0x000000000800779c                __aeabi_uldivmod
 .text          0x00000000080077cc      0x2d0 /usr/lib/gcc/arm-none-eabi/10.3.1/thumb/v7e-m+fp/hard/libgcc.a(_udivmoddi4.o)
                0x00000000080077cc                __udivmoddi4
 .text          0x0000000008007a9c        0x4 /usr/lib/gcc/arm-none-eabi/10.3.1/thumb/v7e-m+fp/hard/libgcc.a(_dvmd_tls.o)
                0x0000000008007a9c                __aeabi_ldiv0
                0x0000000008007a9c                __aeabi_idiv0
 .text          0x0000000008007aa0       0x10 /usr/lib/gcc/arm-none-eabi/10.3.1/../../../arm-none-eabi/lib/thumb/v7e-m+fp/hard/libnosys.a(getpid.o)
                0x0000000008007aa0                _getpid
 .text          0x0000000008007ab0       0x10 /usr/lib/gcc/arm-none-eabi/10.3.1/../../../arm-none-eabi/lib/thumb/v7e-m+fp/hard/libnosys.a(kill.o)
                0x0000000008007ab0                _kill
 .text          0x0000000008007ac0        0x4 /usr/lib/gcc/arm-none-eabi/10.3.1/../../../arm-none-eabi/lib/thumb/v7e-m+fp/hard/libnosys.a(_exit.o)
                0x0000000008007ac0                _exit
 *(.text*)
 .text.CmdLED   0x0000000008007ac4       0x5c build/main.o
                0x0000000008007ac4                CmdLED
 .text.CmdAccel
                0x0000000008007b20       0x28 build/main.o
                0x0000000008007b20                CmdAccel
 .text.CmdGyro  0x0000000008007b48       0x4c build/main.o
                0x0000000008007b48                CmdGyro
 .text.CmdButton
                0x0000000008007b94       0x2c build/main.o
                0x0000000008007b94                CmdButton
 .text.Error_Handler
                0x0000000008007bc0        0xa build/main.o
                0x0000000008007bc0                Error_Handler
 *fill*         0x0000000008007bca        0x2 
 .text.startup.main
                0x0000000008007bcc       0x9c build/main.o
                0x0000000008007bcc                main
 .text.SysTick_Handler
                0x0000000008007c68        0xe build/main.o
                0x0000000008007c68                SysTick_Handler
 *fill*         0x0000000008007c76        0x2 
 .text._jp_A4   0x0000000008007c78       0x5c build/mes/jp_hook.o
                0x0000000008007c78                _jp_A4
 *fill*         0x0000000008007cd4        0x4 
 .text._jp_A3   0x0000000008007cd8       0x84 build/mes/jp_hook.o
                0x0000000008007cd8                _jp_A3
 .text.AddTest  0x0000000008007d5c       0x44 build/mes/jp_hook.o
                0x0000000008007d5c                AddTest
 .text._jp_A2   0x0000000008007da0       0x50 build/mes/jp_hook.o
                0x0000000008007da0                _jp_A2
 .text.CmdTest  0x0000000008007df0       0x30 build/mytest.o
                0x0000000008007df0                CmdTest
 .text.CmdW     0x0000000008007e20       0x1c build/monitor.o
                0x0000000008007e20                CmdW
 .text.CmdR     0x0000000008007e3c       0x20 build/monitor.o
                0x0000000008007e3c                CmdR
 .text.parse    0x0000000008007e5c       0xf8 build/parser.o
                0x0000000008007e5c                parse
 .text.TaskInput
                0x0000000008007f54      0x13c build/parser.o
                0x0000000008007f54                TaskInput
 .text.fetch_uint32_arg
                0x0000000008008090       0x28 build/parser.o
                0x0000000008008090                fetch_uint32_arg
 .text.fetch_string_arg
                0x00000000080080b8       0x20 build/parser.o
                0x00000000080080b8                fetch_string_arg
 .text.DumpBuffer
                0x00000000080080d8       0xb0 build/dump.o
                0x00000000080080d8                DumpBuffer
 .text.CmdDump  0x0000000008008188       0x54 build/dump.o
                0x0000000008008188                CmdDump
 .text._sbrk_r  0x00000000080081dc       0x30 build/syscall.o
                0x00000000080081dc                _sbrk_r
 .text._close_r
                0x000000000800820c        0x6 build/syscall.o
                0x000000000800820c                _close_r
 .text._fstat_r
                0x0000000008008212        0xa build/syscall.o
                0x0000000008008212                _fstat_r
 .text._isatty_r
                0x000000000800821c        0x4 build/syscall.o
                0x000000000800821c                _isatty_r
 .text._lseek_r
                0x0000000008008220        0x4 build/syscall.o
                0x0000000008008220                _lseek_r
 .text.USBD_CDC_DataIn
                0x0000000008008224       0x7c build/terminal.o
 .text.CmdStats
                0x00000000080082a0       0x4c build/terminal.o
                0x00000000080082a0                CmdStats
 .text.TerminalInit
                0x00000000080082ec       0x7c build/terminal.o
                0x00000000080082ec                TerminalInit
 .text.TerminalRead
                0x0000000008008368       0x4c build/terminal.o
                0x0000000008008368                TerminalRead
 .text._read_r  0x00000000080083b4        0xa build/terminal.o
                0x00000000080083b4                _read_r
 .text.TerminalReadNonBlock
                0x00000000080083be       0x10 build/terminal.o
                0x00000000080083be                TerminalReadNonBlock
 .text.TerminalReadAnyNonBlock
                0x00000000080083ce       0x12 build/terminal.o
                0x00000000080083ce                TerminalReadAnyNonBlock
 .text.TerminalOutputBufferWrite
                0x00000000080083e0       0xe8 build/terminal.o
                0x00000000080083e0                TerminalOutputBufferWrite
 .text._write_r
                0x00000000080084c8       0x40 build/terminal.o
                0x00000000080084c8                _write_r
 .text.TerminalInputBufferWrite
                0x0000000008008508       0x64 build/terminal.o
                0x0000000008008508                TerminalInputBufferWrite
 .text.USB_LP_CAN_RX0_IRQHandler
                0x000000000800856c        0xc build/terminal.o
                0x000000000800856c                USB_LP_CAN_RX0_IRQHandler
 .text.Uncompress
                0x0000000008008578       0x7c build/decoder/decoder.o
 .text.DecodeReadRegister
                0x00000000080085f4       0x54 build/decoder/decoder.o
                0x00000000080085f4                DecodeReadRegister
 .text.DecodeWriteRegister
                0x0000000008008648       0x54 build/decoder/decoder.o
                0x0000000008008648                DecodeWriteRegister
 .text.DecodeField
                0x000000000800869c       0x50 build/decoder/decoder.o
                0x000000000800869c                DecodeField
 .text.DecodeRegister
                0x00000000080086ec       0x60 build/decoder/decoder.o
                0x00000000080086ec                DecodeRegister
 .text.DecodePeripheral
                0x000000000800874c       0x54 build/decoder/decoder.o
                0x000000000800874c                DecodePeripheral
 .text.DecodePrintPeripherals
                0x00000000080087a0       0x54 build/decoder/decoder.o
                0x00000000080087a0                DecodePrintPeripherals
 .text.DecodePrintRegisters
                0x00000000080087f4       0x64 build/decoder/decoder.o
                0x00000000080087f4                DecodePrintRegisters
 .text.CmdDecode
                0x0000000008008858      0x270 build/decoder/decoder.o
                0x0000000008008858                CmdDecode
 .text.SystemInit
                0x0000000008008ac8       0x68 build/Drivers/CMSIS/Device/ST/STM32F3xx/Source/Templates/system_stm32f3xx.o
                0x0000000008008ac8                SystemInit
 .text.HAL_RCC_OscConfig
                0x0000000008008b30      0x5bc build/Drivers/STM32F3xx_HAL_Driver/Src/stm32f3xx_hal_rcc.o
                0x0000000008008b30                HAL_RCC_OscConfig
 .text.HAL_RCC_ClockConfig
                0x00000000080090ec      0x2b0 build/Drivers/STM32F3xx_HAL_Driver/Src/stm32f3xx_hal_rcc.o
                0x00000000080090ec                HAL_RCC_ClockConfig
 .text.HAL_RCC_GetSysClockFreq
                0x000000000800939c       0x6c build/Drivers/STM32F3xx_HAL_Driver/Src/stm32f3xx_hal_rcc.o
                0x000000000800939c                HAL_RCC_GetSysClockFreq
 .text.HAL_RCC_GetHCLKFreq
                0x0000000008009408       0x38 build/Drivers/STM32F3xx_HAL_Driver/Src/stm32f3xx_hal_rcc.o
                0x0000000008009408                HAL_RCC_GetHCLKFreq
 .text.HAL_MspInit
                0x0000000008009440        0x2 build/Drivers/STM32F3xx_HAL_Driver/Src/stm32f3xx_hal.o
                0x0000000008009440                HAL_MspInit
 .text.HAL_InitTick
                0x0000000008009442       0x28 build/Drivers/STM32F3xx_HAL_Driver/Src/stm32f3xx_hal.o
                0x0000000008009442                HAL_InitTick
 *fill*         0x000000000800946a        0x2 
 .text.HAL_Init
                0x000000000800946c       0x24 build/Drivers/STM32F3xx_HAL_Driver/Src/stm32f3xx_hal.o
                0x000000000800946c                HAL_Init
 .text.HAL_IncTick
                0x0000000008009490       0x10 build/Drivers/STM32F3xx_HAL_Driver/Src/stm32f3xx_hal.o
                0x0000000008009490                HAL_IncTick
 .text.HAL_GetTick
                0x00000000080094a0        0xc build/Drivers/STM32F3xx_HAL_Driver/Src/stm32f3xx_hal.o
                0x00000000080094a0                HAL_GetTick
 .text.HAL_Delay
                0x00000000080094ac       0x1a build/Drivers/STM32F3xx_HAL_Driver/Src/stm32f3xx_hal.o
                0x00000000080094ac                HAL_Delay
 *fill*         0x00000000080094c6        0x2 
 .text.HAL_NVIC_SetPriorityGrouping
                0x00000000080094c8       0x24 build/Drivers/STM32F3xx_HAL_Driver/Src/stm32f3xx_hal_cortex.o
                0x00000000080094c8                HAL_NVIC_SetPriorityGrouping
 .text.HAL_NVIC_SetPriority
                0x00000000080094ec       0x68 build/Drivers/STM32F3xx_HAL_Driver/Src/stm32f3xx_hal_cortex.o
                0x00000000080094ec                HAL_NVIC_SetPriority
 .text.HAL_NVIC_EnableIRQ
                0x0000000008009554       0x18 build/Drivers/STM32F3xx_HAL_Driver/Src/stm32f3xx_hal_cortex.o
                0x0000000008009554                HAL_NVIC_EnableIRQ
 .text.HAL_SYSTICK_Config
                0x000000000800956c       0x28 build/Drivers/STM32F3xx_HAL_Driver/Src/stm32f3xx_hal_cortex.o
                0x000000000800956c                HAL_SYSTICK_Config
 .text.HAL_GPIO_Init
                0x0000000008009594      0x188 build/Drivers/STM32F3xx_HAL_Driver/Src/stm32f3xx_hal_gpio.o
                0x0000000008009594                HAL_GPIO_Init
 .text.HAL_GPIO_ReadPin
                0x000000000800971c        0xc build/Drivers/STM32F3xx_HAL_Driver/Src/stm32f3xx_hal_gpio.o
                0x000000000800971c                HAL_GPIO_ReadPin
 .text.HAL_GPIO_WritePin
                0x0000000008009728        0xa build/Drivers/STM32F3xx_HAL_Driver/Src/stm32f3xx_hal_gpio.o
                0x0000000008009728                HAL_GPIO_WritePin
 .text.HAL_GPIO_TogglePin
                0x0000000008009732        0x8 build/Drivers/STM32F3xx_HAL_Driver/Src/stm32f3xx_hal_gpio.o
                0x0000000008009732                HAL_GPIO_TogglePin
 .text.HAL_PCD_Init
                0x000000000800973a       0x92 build/Drivers/STM32F3xx_HAL_Driver/Src/stm32f3xx_hal_pcd.o
                0x000000000800973a                HAL_PCD_Init
 .text.HAL_PCD_Start
                0x00000000080097cc        0xc build/Drivers/STM32F3xx_HAL_Driver/Src/stm32f3xx_hal_pcd.o
                0x00000000080097cc                HAL_PCD_Start
 .text.HAL_PCD_SetAddress
                0x00000000080097d8       0x2c build/Drivers/STM32F3xx_HAL_Driver/Src/stm32f3xx_hal_pcd.o
                0x00000000080097d8                HAL_PCD_SetAddress
 .text.HAL_PCD_EP_Open
                0x0000000008009804      0x2e4 build/Drivers/STM32F3xx_HAL_Driver/Src/stm32f3xx_hal_pcd.o
                0x0000000008009804                HAL_PCD_EP_Open
 .text.HAL_PCD_EP_Close
                0x0000000008009ae8      0x1b8 build/Drivers/STM32F3xx_HAL_Driver/Src/stm32f3xx_hal_pcd.o
                0x0000000008009ae8                HAL_PCD_EP_Close
 .text.HAL_PCD_EP_Receive
                0x0000000008009ca0       0xc8 build/Drivers/STM32F3xx_HAL_Driver/Src/stm32f3xx_hal_pcd.o
                0x0000000008009ca0                HAL_PCD_EP_Receive
 .text.HAL_PCD_EP_GetRxCount
                0x0000000008009d68       0x10 build/Drivers/STM32F3xx_HAL_Driver/Src/stm32f3xx_hal_pcd.o
                0x0000000008009d68                HAL_PCD_EP_GetRxCount
 .text.HAL_PCD_EP_Transmit
                0x0000000008009d78      0x116 build/Drivers/STM32F3xx_HAL_Driver/Src/stm32f3xx_hal_pcd.o
                0x0000000008009d78                HAL_PCD_EP_Transmit
 *fill*         0x0000000008009e8e        0x2 
 .text.HAL_PCD_IRQHandler
                0x0000000008009e90      0x488 build/Drivers/STM32F3xx_HAL_Driver/Src/stm32f3xx_hal_pcd.o
                0x0000000008009e90                HAL_PCD_IRQHandler
 .text.HAL_PCD_EP_SetStall
                0x000000000800a318       0xa0 build/Drivers/STM32F3xx_HAL_Driver/Src/stm32f3xx_hal_pcd.o
                0x000000000800a318                HAL_PCD_EP_SetStall
 .text.HAL_PCD_EP_ClrStall
                0x000000000800a3b8       0xbc build/Drivers/STM32F3xx_HAL_Driver/Src/stm32f3xx_hal_pcd.o
                0x000000000800a3b8                HAL_PCD_EP_ClrStall
 .text.HAL_PCDEx_PMAConfig
                0x000000000800a474       0x36 build/Drivers/STM32F3xx_HAL_Driver/Src/stm32f3xx_hal_pcd_ex.o
                0x000000000800a474                HAL_PCDEx_PMAConfig
 .text.PCD_WritePMA
                0x000000000800a4aa       0x1c build/Drivers/STM32F3xx_HAL_Driver/Src/stm32f3xx_hal_pcd_ex.o
                0x000000000800a4aa                PCD_WritePMA
 .text.PCD_ReadPMA
                0x000000000800a4c6       0x1c build/Drivers/STM32F3xx_HAL_Driver/Src/stm32f3xx_hal_pcd_ex.o
                0x000000000800a4c6                PCD_ReadPMA
 .text.HAL_PCDEx_SetConnectionState
                0x000000000800a4e2        0x2 build/Drivers/STM32F3xx_HAL_Driver/Src/stm32f3xx_hal_pcd_ex.o
                0x000000000800a4e2                HAL_PCDEx_SetConnectionState
 .text.I2C_TransferConfig
                0x000000000800a4e4       0x2a build/Drivers/STM32F3xx_HAL_Driver/Src/stm32f3xx_hal_i2c.o
 .text.I2C_IsAcknowledgeFailed
                0x000000000800a50e       0x98 build/Drivers/STM32F3xx_HAL_Driver/Src/stm32f3xx_hal_i2c.o
 .text.I2C_WaitOnTXISFlagUntilTimeout
                0x000000000800a5a6       0x54 build/Drivers/STM32F3xx_HAL_Driver/Src/stm32f3xx_hal_i2c.o
 .text.I2C_WaitOnFlagUntilTimeout
                0x000000000800a5fa       0x64 build/Drivers/STM32F3xx_HAL_Driver/Src/stm32f3xx_hal_i2c.o
 .text.I2C_RequestMemoryWrite
                0x000000000800a65e       0x66 build/Drivers/STM32F3xx_HAL_Driver/Src/stm32f3xx_hal_i2c.o
 .text.I2C_RequestMemoryRead
                0x000000000800a6c4       0x64 build/Drivers/STM32F3xx_HAL_Driver/Src/stm32f3xx_hal_i2c.o
 .text.I2C_WaitOnSTOPFlagUntilTimeout
                0x000000000800a728       0x50 build/Drivers/STM32F3xx_HAL_Driver/Src/stm32f3xx_hal_i2c.o
 .text.HAL_I2C_MspInit
                0x000000000800a778        0x2 build/Drivers/STM32F3xx_HAL_Driver/Src/stm32f3xx_hal_i2c.o
                0x000000000800a778                HAL_I2C_MspInit
 .text.HAL_I2C_Init
                0x000000000800a77a       0x90 build/Drivers/STM32F3xx_HAL_Driver/Src/stm32f3xx_hal_i2c.o
                0x000000000800a77a                HAL_I2C_Init
 .text.HAL_I2C_MspDeInit
                0x000000000800a80a        0x2 build/Drivers/STM32F3xx_HAL_Driver/Src/stm32f3xx_hal_i2c.o
                0x000000000800a80a                HAL_I2C_MspDeInit
 .text.HAL_I2C_DeInit
                0x000000000800a80c       0x2e build/Drivers/STM32F3xx_HAL_Driver/Src/stm32f3xx_hal_i2c.o
                0x000000000800a80c                HAL_I2C_DeInit
 .text.HAL_I2C_Mem_Write
                0x000000000800a83a      0x104 build/Drivers/STM32F3xx_HAL_Driver/Src/stm32f3xx_hal_i2c.o
                0x000000000800a83a                HAL_I2C_Mem_Write
 .text.HAL_I2C_Mem_Read
                0x000000000800a93e      0x10e build/Drivers/STM32F3xx_HAL_Driver/Src/stm32f3xx_hal_i2c.o
                0x000000000800a93e                HAL_I2C_Mem_Read
 .text.HAL_I2C_GetState
                0x000000000800aa4c        0x6 build/Drivers/STM32F3xx_HAL_Driver/Src/stm32f3xx_hal_i2c.o
                0x000000000800aa4c                HAL_I2C_GetState
 .text.SPI_WaitFifoStateUntilTimeout
                0x000000000800aa52       0x94 build/Drivers/STM32F3xx_HAL_Driver/Src/stm32f3xx_hal_spi.o
 .text.SPI_WaitFlagStateUntilTimeout
                0x000000000800aae6       0x82 build/Drivers/STM32F3xx_HAL_Driver/Src/stm32f3xx_hal_spi.o
 .text.SPI_EndRxTxTransaction
                0x000000000800ab68       0x4c build/Drivers/STM32F3xx_HAL_Driver/Src/stm32f3xx_hal_spi.o
 .text.HAL_SPI_MspInit
                0x000000000800abb4        0x2 build/Drivers/STM32F3xx_HAL_Driver/Src/stm32f3xx_hal_spi.o
                0x000000000800abb4                HAL_SPI_MspInit
 .text.HAL_SPI_Init
                0x000000000800abb6       0xa4 build/Drivers/STM32F3xx_HAL_Driver/Src/stm32f3xx_hal_spi.o
                0x000000000800abb6                HAL_SPI_Init
 .text.HAL_SPI_MspDeInit
                0x000000000800ac5a        0x2 build/Drivers/STM32F3xx_HAL_Driver/Src/stm32f3xx_hal_spi.o
                0x000000000800ac5a                HAL_SPI_MspDeInit
 .text.HAL_SPI_DeInit
                0x000000000800ac5c       0x2a build/Drivers/STM32F3xx_HAL_Driver/Src/stm32f3xx_hal_spi.o
                0x000000000800ac5c                HAL_SPI_DeInit
 .text.HAL_SPI_TransmitReceive
                0x000000000800ac86      0x270 build/Drivers/STM32F3xx_HAL_Driver/Src/stm32f3xx_hal_spi.o
                0x000000000800ac86                HAL_SPI_TransmitReceive
 .text.HAL_SPI_GetState
                0x000000000800aef6        0x6 build/Drivers/STM32F3xx_HAL_Driver/Src/stm32f3xx_hal_spi.o
                0x000000000800aef6                HAL_SPI_GetState
 .text.USBD_Init
                0x000000000800aefc       0x2a build/Drivers/STM32_USB_Device_Library/Core/Src/usbd_core.o
                0x000000000800aefc                USBD_Init
 .text.USBD_RegisterClass
                0x000000000800af26        0xe build/Drivers/STM32_USB_Device_Library/Core/Src/usbd_core.o
                0x000000000800af26                USBD_RegisterClass
 .text.USBD_Start
                0x000000000800af34        0xa build/Drivers/STM32_USB_Device_Library/Core/Src/usbd_core.o
                0x000000000800af34                USBD_Start
 .text.USBD_SetClassConfig
                0x000000000800af3e       0x16 build/Drivers/STM32_USB_Device_Library/Core/Src/usbd_core.o
                0x000000000800af3e                USBD_SetClassConfig
 .text.USBD_ClrClassConfig
                0x000000000800af54        0xe build/Drivers/STM32_USB_Device_Library/Core/Src/usbd_core.o
                0x000000000800af54                USBD_ClrClassConfig
 .text.USBD_LL_SetupStage
                0x000000000800af62       0x5a build/Drivers/STM32_USB_Device_Library/Core/Src/usbd_core.o
                0x000000000800af62                USBD_LL_SetupStage
 .text.USBD_LL_DataOutStage
                0x000000000800afbc       0x60 build/Drivers/STM32_USB_Device_Library/Core/Src/usbd_core.o
                0x000000000800afbc                USBD_LL_DataOutStage
 .text.USBD_LL_DataInStage
                0x000000000800b01c       0x8c build/Drivers/STM32_USB_Device_Library/Core/Src/usbd_core.o
                0x000000000800b01c                USBD_LL_DataInStage
 .text.USBD_LL_Reset
                0x000000000800b0a8       0x3e build/Drivers/STM32_USB_Device_Library/Core/Src/usbd_core.o
                0x000000000800b0a8                USBD_LL_Reset
 .text.USBD_LL_SetSpeed
                0x000000000800b0e6        0x6 build/Drivers/STM32_USB_Device_Library/Core/Src/usbd_core.o
                0x000000000800b0e6                USBD_LL_SetSpeed
 .text.USBD_LL_SOF
                0x000000000800b0ec       0x18 build/Drivers/STM32_USB_Device_Library/Core/Src/usbd_core.o
                0x000000000800b0ec                USBD_LL_SOF
 .text.USBD_CtlError.constprop.0
                0x000000000800b104       0x16 build/Drivers/STM32_USB_Device_Library/Core/Src/usbd_ctlreq.o
 *fill*         0x000000000800b11a        0x2 
 .text.USBD_StdDevReq
                0x000000000800b11c      0x1f4 build/Drivers/STM32_USB_Device_Library/Core/Src/usbd_ctlreq.o
                0x000000000800b11c                USBD_StdDevReq
 .text.USBD_StdItfReq
                0x000000000800b310       0x30 build/Drivers/STM32_USB_Device_Library/Core/Src/usbd_ctlreq.o
                0x000000000800b310                USBD_StdItfReq
 .text.USBD_StdEPReq
                0x000000000800b340       0xae build/Drivers/STM32_USB_Device_Library/Core/Src/usbd_ctlreq.o
                0x000000000800b340                USBD_StdEPReq
 .text.USBD_ParseSetupRequest
                0x000000000800b3ee       0x28 build/Drivers/STM32_USB_Device_Library/Core/Src/usbd_ctlreq.o
                0x000000000800b3ee                USBD_ParseSetupRequest
 .text.USBD_GetString
                0x000000000800b416       0x38 build/Drivers/STM32_USB_Device_Library/Core/Src/usbd_ctlreq.o
                0x000000000800b416                USBD_GetString
 .text.USBD_CtlSendData
                0x000000000800b44e       0x1a build/Drivers/STM32_USB_Device_Library/Core/Src/usbd_ioreq.o
                0x000000000800b44e                USBD_CtlSendData
 .text.USBD_CtlContinueSendData
                0x000000000800b468       0x10 build/Drivers/STM32_USB_Device_Library/Core/Src/usbd_ioreq.o
                0x000000000800b468                USBD_CtlContinueSendData
 .text.USBD_CtlPrepareRx
                0x000000000800b478       0x1a build/Drivers/STM32_USB_Device_Library/Core/Src/usbd_ioreq.o
                0x000000000800b478                USBD_CtlPrepareRx
 .text.USBD_CtlContinueRx
                0x000000000800b492       0x10 build/Drivers/STM32_USB_Device_Library/Core/Src/usbd_ioreq.o
                0x000000000800b492                USBD_CtlContinueRx
 .text.USBD_CtlSendStatus
                0x000000000800b4a2       0x16 build/Drivers/STM32_USB_Device_Library/Core/Src/usbd_ioreq.o
                0x000000000800b4a2                USBD_CtlSendStatus
 .text.USBD_CtlReceiveStatus
                0x000000000800b4b8       0x16 build/Drivers/STM32_USB_Device_Library/Core/Src/usbd_ioreq.o
                0x000000000800b4b8                USBD_CtlReceiveStatus
 .text.USBD_CDC_DataIn
                0x000000000800b4ce       0x12 build/Drivers/STM32_USB_Device_Library/Class/CDC/Src/usbd_cdc.o
 .text.USBD_CDC_EP0_RxReady
                0x000000000800b4e0       0x28 build/Drivers/STM32_USB_Device_Library/Class/CDC/Src/usbd_cdc.o
 .text.USBD_CDC_GetFSCfgDesc
                0x000000000800b508        0xc build/Drivers/STM32_USB_Device_Library/Class/CDC/Src/usbd_cdc.o
 .text.USBD_CDC_GetHSCfgDesc
                0x000000000800b514        0xc build/Drivers/STM32_USB_Device_Library/Class/CDC/Src/usbd_cdc.o
 .text.USBD_CDC_GetOtherSpeedCfgDesc
                0x000000000800b520        0xc build/Drivers/STM32_USB_Device_Library/Class/CDC/Src/usbd_cdc.o
 .text.USBD_CDC_GetDeviceQualifierDescriptor
                0x000000000800b52c        0xc build/Drivers/STM32_USB_Device_Library/Class/CDC/Src/usbd_cdc.o
                0x000000000800b52c                USBD_CDC_GetDeviceQualifierDescriptor
 .text.USBD_CDC_DataOut
                0x000000000800b538       0x2e build/Drivers/STM32_USB_Device_Library/Class/CDC/Src/usbd_cdc.o
 .text.USBD_CDC_Setup
                0x000000000800b566       0x56 build/Drivers/STM32_USB_Device_Library/Class/CDC/Src/usbd_cdc.o
 .text.USBD_CDC_DeInit
                0x000000000800b5bc       0x3a build/Drivers/STM32_USB_Device_Library/Class/CDC/Src/usbd_cdc.o
 .text.USBD_CDC_Init
                0x000000000800b5f6       0x8c build/Drivers/STM32_USB_Device_Library/Class/CDC/Src/usbd_cdc.o
 .text.USBD_CDC_RegisterInterface
                0x000000000800b682        0xe build/Drivers/STM32_USB_Device_Library/Class/CDC/Src/usbd_cdc.o
                0x000000000800b682                USBD_CDC_RegisterInterface
 .text.USBD_CDC_SetTxBuffer
                0x000000000800b690       0x10 build/Drivers/STM32_USB_Device_Library/Class/CDC/Src/usbd_cdc.o
                0x000000000800b690                USBD_CDC_SetTxBuffer
 .text.USBD_CDC_SetRxBuffer
                0x000000000800b6a0        0xc build/Drivers/STM32_USB_Device_Library/Class/CDC/Src/usbd_cdc.o
                0x000000000800b6a0                USBD_CDC_SetRxBuffer
 .text.USBD_CDC_TransmitPacket
                0x000000000800b6ac       0x2e build/Drivers/STM32_USB_Device_Library/Class/CDC/Src/usbd_cdc.o
                0x000000000800b6ac                USBD_CDC_TransmitPacket
 .text.USBD_CDC_ReceivePacket
                0x000000000800b6da       0x2e build/Drivers/STM32_USB_Device_Library/Class/CDC/Src/usbd_cdc.o
                0x000000000800b6da                USBD_CDC_ReceivePacket
 .text.HAL_PCD_MspInit
                0x000000000800b708       0x98 build/usbd_conf.o
                0x000000000800b708                HAL_PCD_MspInit
 .text.HAL_PCD_SetupStageCallback
                0x000000000800b7a0        0xc build/usbd_conf.o
                0x000000000800b7a0                HAL_PCD_SetupStageCallback
 .text.HAL_PCD_DataOutStageCallback
                0x000000000800b7ac       0x12 build/usbd_conf.o
                0x000000000800b7ac                HAL_PCD_DataOutStageCallback
 .text.HAL_PCD_DataInStageCallback
                0x000000000800b7be       0x10 build/usbd_conf.o
                0x000000000800b7be                HAL_PCD_DataInStageCallback
 .text.HAL_PCD_SOFCallback
                0x000000000800b7ce        0x8 build/usbd_conf.o
                0x000000000800b7ce                HAL_PCD_SOFCallback
 .text.HAL_PCD_ResetCallback
                0x000000000800b7d6       0x1a build/usbd_conf.o
                0x000000000800b7d6                HAL_PCD_ResetCallback
 .text.HAL_PCD_SuspendCallback
                0x000000000800b7f0        0x2 build/usbd_conf.o
                0x000000000800b7f0                HAL_PCD_SuspendCallback
 .text.HAL_PCD_ResumeCallback
                0x000000000800b7f2        0x2 build/usbd_conf.o
                0x000000000800b7f2                HAL_PCD_ResumeCallback
 .text.USBD_LL_Init
                0x000000000800b7f4       0x7c build/usbd_conf.o
                0x000000000800b7f4                USBD_LL_Init
 .text.USBD_LL_Start
                0x000000000800b870        0xe build/usbd_conf.o
                0x000000000800b870                USBD_LL_Start
 .text.USBD_LL_OpenEP
                0x000000000800b87e       0x14 build/usbd_conf.o
                0x000000000800b87e                USBD_LL_OpenEP
 .text.USBD_LL_CloseEP
                0x000000000800b892        0xe build/usbd_conf.o
                0x000000000800b892                USBD_LL_CloseEP
 .text.USBD_LL_StallEP
                0x000000000800b8a0        0xe build/usbd_conf.o
                0x000000000800b8a0                USBD_LL_StallEP
 .text.USBD_LL_ClearStallEP
                0x000000000800b8ae        0xe build/usbd_conf.o
                0x000000000800b8ae                USBD_LL_ClearStallEP
 .text.USBD_LL_IsStallEP
                0x000000000800b8bc       0x26 build/usbd_conf.o
                0x000000000800b8bc                USBD_LL_IsStallEP
 .text.USBD_LL_SetUSBAddress
                0x000000000800b8e2        0xe build/usbd_conf.o
                0x000000000800b8e2                USBD_LL_SetUSBAddress
 .text.USBD_LL_Transmit
                0x000000000800b8f0        0xe build/usbd_conf.o
                0x000000000800b8f0                USBD_LL_Transmit
 .text.USBD_LL_PrepareReceive
                0x000000000800b8fe        0xe build/usbd_conf.o
                0x000000000800b8fe                USBD_LL_PrepareReceive
 .text.USBD_LL_GetRxDataSize
                0x000000000800b90c        0xc build/usbd_conf.o
                0x000000000800b90c                USBD_LL_GetRxDataSize
 .text.USBD_static_malloc
                0x000000000800b918        0x8 build/usbd_conf.o
                0x000000000800b918                USBD_static_malloc
 .text.USBD_static_free
                0x000000000800b920        0x2 build/usbd_conf.o
                0x000000000800b920                USBD_static_free
 *fill*         0x000000000800b922        0x2 
 .text.USBD_VCP_DeviceDescriptor
                0x000000000800b924        0xc build/usbd_desc.o
                0x000000000800b924                USBD_VCP_DeviceDescriptor
 .text.USBD_VCP_LangIDStrDescriptor
                0x000000000800b930        0xc build/usbd_desc.o
                0x000000000800b930                USBD_VCP_LangIDStrDescriptor
 .text.IntToUnicode
                0x000000000800b93c       0x2a build/usbd_desc.o
 *fill*         0x000000000800b966        0x2 
 .text.USBD_VCP_SerialStrDescriptor
                0x000000000800b968       0x3c build/usbd_desc.o
                0x000000000800b968                USBD_VCP_SerialStrDescriptor
 .text.USBD_VCP_ProductStrDescriptor
                0x000000000800b9a4       0x1c build/usbd_desc.o
                0x000000000800b9a4                USBD_VCP_ProductStrDescriptor
 .text.USBD_VCP_ManufacturerStrDescriptor
                0x000000000800b9c0       0x1c build/usbd_desc.o
                0x000000000800b9c0                USBD_VCP_ManufacturerStrDescriptor
 .text.USBD_VCP_ConfigStrDescriptor
                0x000000000800b9dc       0x1c build/usbd_desc.o
                0x000000000800b9dc                USBD_VCP_ConfigStrDescriptor
 .text.USBD_VCP_InterfaceStrDescriptor
                0x000000000800b9f8       0x1c build/usbd_desc.o
                0x000000000800b9f8                USBD_VCP_InterfaceStrDescriptor
 .text.CDC_Itf_DeInit
                0x000000000800ba14        0x4 build/usbd_cdc_interface.o
 .text.CDC_Itf_Control
                0x000000000800ba18       0x48 build/usbd_cdc_interface.o
 .text.CDC_Itf_Receive
                0x000000000800ba60       0x1c build/usbd_cdc_interface.o
 .text.CDC_Itf_Init
                0x000000000800ba7c       0x18 build/usbd_cdc_interface.o
 .text.SPIx_Init
                0x000000000800ba94       0x88 build/Drivers/BSP/STM32F3-Discovery/stm32f3_discovery.o
 .text.SPIx_WriteRead
                0x000000000800bb1c       0x40 build/Drivers/BSP/STM32F3-Discovery/stm32f3_discovery.o
 .text.I2Cx_Init
                0x000000000800bb5c       0x74 build/Drivers/BSP/STM32F3-Discovery/stm32f3_discovery.o
 .text.BSP_LED_Init
                0x000000000800bbd0       0x6c build/Drivers/BSP/STM32F3-Discovery/stm32f3_discovery.o
                0x000000000800bbd0                BSP_LED_Init
 .text.BSP_LED_On
                0x000000000800bc3c       0x1c build/Drivers/BSP/STM32F3-Discovery/stm32f3_discovery.o
                0x000000000800bc3c                BSP_LED_On
 .text.BSP_LED_Off
                0x000000000800bc58       0x1c build/Drivers/BSP/STM32F3-Discovery/stm32f3_discovery.o
                0x000000000800bc58                BSP_LED_Off
 .text.BSP_LED_Toggle
                0x000000000800bc74       0x18 build/Drivers/BSP/STM32F3-Discovery/stm32f3_discovery.o
                0x000000000800bc74                BSP_LED_Toggle
 .text.BSP_PB_Init
                0x000000000800bc8c       0x74 build/Drivers/BSP/STM32F3-Discovery/stm32f3_discovery.o
                0x000000000800bc8c                BSP_PB_Init
 .text.BSP_PB_GetState
                0x000000000800bd00       0x14 build/Drivers/BSP/STM32F3-Discovery/stm32f3_discovery.o
                0x000000000800bd00                BSP_PB_GetState
 .text.GYRO_IO_Init
                0x000000000800bd14       0x60 build/Drivers/BSP/STM32F3-Discovery/stm32f3_discovery.o
                0x000000000800bd14                GYRO_IO_Init
 .text.GYRO_IO_Write
                0x000000000800bd74       0x44 build/Drivers/BSP/STM32F3-Discovery/stm32f3_discovery.o
                0x000000000800bd74                GYRO_IO_Write
 .text.GYRO_IO_Read
                0x000000000800bdb8       0x48 build/Drivers/BSP/STM32F3-Discovery/stm32f3_discovery.o
                0x000000000800bdb8                GYRO_IO_Read
 .text.COMPASSACCELERO_IO_Init
                0x000000000800be00       0x64 build/Drivers/BSP/STM32F3-Discovery/stm32f3_discovery.o
                0x000000000800be00                COMPASSACCELERO_IO_Init
 .text.COMPASSACCELERO_IO_ITConfig
                0x000000000800be64       0x48 build/Drivers/BSP/STM32F3-Discovery/stm32f3_discovery.o
                0x000000000800be64                COMPASSACCELERO_IO_ITConfig
 .text.COMPASSACCELERO_IO_Write
                0x000000000800beac       0x3c build/Drivers/BSP/STM32F3-Discovery/stm32f3_discovery.o
                0x000000000800beac                COMPASSACCELERO_IO_Write
 .text.COMPASSACCELERO_IO_Read
                0x000000000800bee8       0x40 build/Drivers/BSP/STM32F3-Discovery/stm32f3_discovery.o
                0x000000000800bee8                COMPASSACCELERO_IO_Read
 .text.BSP_ACCELERO_Init
                0x000000000800bf28       0x40 build/Drivers/BSP/STM32F3-Discovery/stm32f3_discovery_accelerometer.o
                0x000000000800bf28                BSP_ACCELERO_Init
 .text.BSP_ACCELERO_GetXYZ
                0x000000000800bf68       0x10 build/Drivers/BSP/STM32F3-Discovery/stm32f3_discovery_accelerometer.o
                0x000000000800bf68                BSP_ACCELERO_GetXYZ
 .text.BSP_GYRO_Init
                0x000000000800bf78       0x68 build/Drivers/BSP/STM32F3-Discovery/stm32f3_discovery_gyroscope.o
                0x000000000800bf78                BSP_GYRO_Init
 .text.BSP_GYRO_GetXYZ
                0x000000000800bfe0       0x10 build/Drivers/BSP/STM32F3-Discovery/stm32f3_discovery_gyroscope.o
                0x000000000800bfe0                BSP_GYRO_GetXYZ
 .text.LSM303DLHC_AccDeInit
                0x000000000800bff0        0x2 build/Drivers/BSP/Components/lsm303dlhc/lsm303dlhc.o
                0x000000000800bff0                LSM303DLHC_AccDeInit
 .text.LSM303DLHC_AccInit
                0x000000000800bff2       0x20 build/Drivers/BSP/Components/lsm303dlhc/lsm303dlhc.o
                0x000000000800bff2                LSM303DLHC_AccInit
 .text.LSM303DLHC_AccReadID
                0x000000000800c012       0x12 build/Drivers/BSP/Components/lsm303dlhc/lsm303dlhc.o
                0x000000000800c012                LSM303DLHC_AccReadID
 .text.LSM303DLHC_AccRebootCmd
                0x000000000800c024       0x1c build/Drivers/BSP/Components/lsm303dlhc/lsm303dlhc.o
                0x000000000800c024                LSM303DLHC_AccRebootCmd
 .text.LSM303DLHC_AccFilterConfig
                0x000000000800c040       0x20 build/Drivers/BSP/Components/lsm303dlhc/lsm303dlhc.o
                0x000000000800c040                LSM303DLHC_AccFilterConfig
 .text.LSM303DLHC_AccFilterCmd
                0x000000000800c060       0x20 build/Drivers/BSP/Components/lsm303dlhc/lsm303dlhc.o
                0x000000000800c060                LSM303DLHC_AccFilterCmd
 .text.LSM303DLHC_AccReadXYZ
                0x000000000800c080       0xae build/Drivers/BSP/Components/lsm303dlhc/lsm303dlhc.o
                0x000000000800c080                LSM303DLHC_AccReadXYZ
 .text.LSM303DLHC_AccFilterClickCmd
                0x000000000800c12e       0x20 build/Drivers/BSP/Components/lsm303dlhc/lsm303dlhc.o
                0x000000000800c12e                LSM303DLHC_AccFilterClickCmd
 .text.LSM303DLHC_AccIT1Enable
                0x000000000800c14e       0x1c build/Drivers/BSP/Components/lsm303dlhc/lsm303dlhc.o
                0x000000000800c14e                LSM303DLHC_AccIT1Enable
 .text.LSM303DLHC_AccClickITEnable
                0x000000000800c16a       0x44 build/Drivers/BSP/Components/lsm303dlhc/lsm303dlhc.o
                0x000000000800c16a                LSM303DLHC_AccClickITEnable
 .text.LSM303DLHC_AccZClickITConfig
                0x000000000800c1ae       0x1c build/Drivers/BSP/Components/lsm303dlhc/lsm303dlhc.o
                0x000000000800c1ae                LSM303DLHC_AccZClickITConfig
 .text.L3GD20_DeInit
                0x000000000800c1ca        0x2 build/Drivers/BSP/Components/l3gd20/l3gd20.o
                0x000000000800c1ca                L3GD20_DeInit
 .text.L3GD20_Init
                0x000000000800c1cc       0x34 build/Drivers/BSP/Components/l3gd20/l3gd20.o
                0x000000000800c1cc                L3GD20_Init
 .text.L3GD20_LowPower
                0x000000000800c200       0x18 build/Drivers/BSP/Components/l3gd20/l3gd20.o
                0x000000000800c200                L3GD20_LowPower
 .text.L3GD20_ReadID
                0x000000000800c218       0x1c build/Drivers/BSP/Components/l3gd20/l3gd20.o
                0x000000000800c218                L3GD20_ReadID
 .text.L3GD20_RebootCmd
                0x000000000800c234       0x2c build/Drivers/BSP/Components/l3gd20/l3gd20.o
                0x000000000800c234                L3GD20_RebootCmd
 .text.L3GD20_INT1InterruptConfig
                0x000000000800c260       0x5e build/Drivers/BSP/Components/l3gd20/l3gd20.o
                0x000000000800c260                L3GD20_INT1InterruptConfig
 .text.L3GD20_EnableIT
                0x000000000800c2be       0x40 build/Drivers/BSP/Components/l3gd20/l3gd20.o
                0x000000000800c2be                L3GD20_EnableIT
 .text.L3GD20_DisableIT
                0x000000000800c2fe       0x3c build/Drivers/BSP/Components/l3gd20/l3gd20.o
                0x000000000800c2fe                L3GD20_DisableIT
 .text.L3GD20_FilterConfig
                0x000000000800c33a       0x2e build/Drivers/BSP/Components/l3gd20/l3gd20.o
                0x000000000800c33a                L3GD20_FilterConfig
 .text.L3GD20_FilterCmd
                0x000000000800c368       0x2e build/Drivers/BSP/Components/l3gd20/l3gd20.o
                0x000000000800c368                L3GD20_FilterCmd
 *fill*         0x000000000800c396        0x2 
 .text.L3GD20_ReadXYZAngRate
                0x000000000800c398       0xf0 build/Drivers/BSP/Components/l3gd20/l3gd20.o
                0x000000000800c398                L3GD20_ReadXYZAngRate
 .text.I3G4250D_DeInit
                0x000000000800c488        0x2 build/Drivers/BSP/Components/i3g4250d/i3g4250d.o
                0x000000000800c488                I3G4250D_DeInit
 .text.I3G4250D_Init
                0x000000000800c48a       0x34 build/Drivers/BSP/Components/i3g4250d/i3g4250d.o
                0x000000000800c48a                I3G4250D_Init
 .text.I3G4250D_LowPower
                0x000000000800c4be       0x18 build/Drivers/BSP/Components/i3g4250d/i3g4250d.o
                0x000000000800c4be                I3G4250D_LowPower
 .text.I3G4250D_ReadID
                0x000000000800c4d6       0x1c build/Drivers/BSP/Components/i3g4250d/i3g4250d.o
                0x000000000800c4d6                I3G4250D_ReadID
 .text.I3G4250D_RebootCmd
                0x000000000800c4f2       0x2c build/Drivers/BSP/Components/i3g4250d/i3g4250d.o
                0x000000000800c4f2                I3G4250D_RebootCmd
 .text.I3G4250D_INT1InterruptConfig
                0x000000000800c51e       0x5e build/Drivers/BSP/Components/i3g4250d/i3g4250d.o
                0x000000000800c51e                I3G4250D_INT1InterruptConfig
 .text.I3G4250D_EnableIT
                0x000000000800c57c       0x40 build/Drivers/BSP/Components/i3g4250d/i3g4250d.o
                0x000000000800c57c                I3G4250D_EnableIT
 .text.I3G4250D_DisableIT
                0x000000000800c5bc       0x3c build/Drivers/BSP/Components/i3g4250d/i3g4250d.o
                0x000000000800c5bc                I3G4250D_DisableIT
 .text.I3G4250D_FilterConfig
                0x000000000800c5f8       0x2e build/Drivers/BSP/Components/i3g4250d/i3g4250d.o
                0x000000000800c5f8                I3G4250D_FilterConfig
 .text.I3G4250D_FilterCmd
                0x000000000800c626       0x2e build/Drivers/BSP/Components/i3g4250d/i3g4250d.o
                0x000000000800c626                I3G4250D_FilterCmd
 .text.I3G4250D_ReadXYZAngRate
                0x000000000800c654       0xf0 build/Drivers/BSP/Components/i3g4250d/i3g4250d.o
                0x000000000800c654                I3G4250D_ReadXYZAngRate
 .text.LSM303AGR_AccDeInit
                0x000000000800c744        0x2 build/Drivers/BSP/Components/lsm303agr/lsm303agr.o
                0x000000000800c744                LSM303AGR_AccDeInit
 .text.LSM303AGR_AccInit
                0x000000000800c746       0x20 build/Drivers/BSP/Components/lsm303agr/lsm303agr.o
                0x000000000800c746                LSM303AGR_AccInit
 .text.LSM303AGR_AccReadID
                0x000000000800c766       0x12 build/Drivers/BSP/Components/lsm303agr/lsm303agr.o
                0x000000000800c766                LSM303AGR_AccReadID
 .text.LSM303AGR_AccRebootCmd
                0x000000000800c778       0x1c build/Drivers/BSP/Components/lsm303agr/lsm303agr.o
                0x000000000800c778                LSM303AGR_AccRebootCmd
 .text.LSM303AGR_AccFilterConfig
                0x000000000800c794       0x20 build/Drivers/BSP/Components/lsm303agr/lsm303agr.o
                0x000000000800c794                LSM303AGR_AccFilterConfig
 .text.LSM303AGR_AccFilterCmd
                0x000000000800c7b4       0x20 build/Drivers/BSP/Components/lsm303agr/lsm303agr.o
                0x000000000800c7b4                LSM303AGR_AccFilterCmd
 .text.LSM303AGR_AccReadXYZ
                0x000000000800c7d4       0xae build/Drivers/BSP/Components/lsm303agr/lsm303agr.o
                0x000000000800c7d4                LSM303AGR_AccReadXYZ
 .text.LSM303AGR_AccFilterClickCmd
                0x000000000800c882       0x20 build/Drivers/BSP/Components/lsm303agr/lsm303agr.o
                0x000000000800c882                LSM303AGR_AccFilterClickCmd
 .text.LSM303AGR_AccIT1Enable
                0x000000000800c8a2       0x1c build/Drivers/BSP/Components/lsm303agr/lsm303agr.o
                0x000000000800c8a2                LSM303AGR_AccIT1Enable
 .text.LSM303AGR_AccClickITEnable
                0x000000000800c8be       0x44 build/Drivers/BSP/Components/lsm303agr/lsm303agr.o
                0x000000000800c8be                LSM303AGR_AccClickITEnable
 .text.LSM303AGR_AccZClickITConfig
                0x000000000800c902       0x1c build/Drivers/BSP/Components/lsm303agr/lsm303agr.o
                0x000000000800c902                LSM303AGR_AccZClickITConfig
 *fill*         0x000000000800c91e        0x2 
 .text.Reset_Handler
                0x000000000800c920       0x50 build/Drivers/CMSIS/Device/ST/STM32F3xx/Source/Templates/gcc/startup_stm32f303xc.o
                0x000000000800c920                Reset_Handler
 .text.Default_Handler
                0x000000000800c970        0x2 build/Drivers/CMSIS/Device/ST/STM32F3xx/Source/Templates/gcc/startup_stm32f303xc.o
                0x000000000800c970                RTC_Alarm_IRQHandler
                0x000000000800c970                TIM8_TRG_COM_IRQHandler
                0x000000000800c970                TIM8_CC_IRQHandler
                0x000000000800c970                DebugMon_Handler
                0x000000000800c970                TIM1_CC_IRQHandler
                0x000000000800c970                HardFault_Handler
                0x000000000800c970                USB_HP_IRQHandler
                0x000000000800c970                PVD_IRQHandler
                0x000000000800c970                TAMP_STAMP_IRQHandler
                0x000000000800c970                PendSV_Handler
                0x000000000800c970                NMI_Handler
                0x000000000800c970                EXTI3_IRQHandler
                0x000000000800c970                USB_HP_CAN_TX_IRQHandler
                0x000000000800c970                EXTI0_IRQHandler
                0x000000000800c970                I2C2_EV_IRQHandler
                0x000000000800c970                FPU_IRQHandler
                0x000000000800c970                TIM1_UP_TIM16_IRQHandler
                0x000000000800c970                UsageFault_Handler
                0x000000000800c970                ADC1_2_IRQHandler
                0x000000000800c970                SPI1_IRQHandler
                0x000000000800c970                CAN_SCE_IRQHandler
                0x000000000800c970                TIM6_DAC_IRQHandler
                0x000000000800c970                TIM8_UP_IRQHandler
                0x000000000800c970                DMA2_Channel2_IRQHandler
                0x000000000800c970                DMA1_Channel4_IRQHandler
                0x000000000800c970                USART3_IRQHandler
                0x000000000800c970                DMA1_Channel7_IRQHandler
                0x000000000800c970                UART5_IRQHandler
                0x000000000800c970                ADC3_IRQHandler
                0x000000000800c970                TIM4_IRQHandler
                0x000000000800c970                CAN_RX1_IRQHandler
                0x000000000800c970                DMA2_Channel1_IRQHandler
                0x000000000800c970                I2C1_EV_IRQHandler
                0x000000000800c970                DMA1_Channel6_IRQHandler
                0x000000000800c970                UART4_IRQHandler
                0x000000000800c970                DMA2_Channel4_IRQHandler
                0x000000000800c970                TIM3_IRQHandler
                0x000000000800c970                RCC_IRQHandler
                0x000000000800c970                DMA1_Channel1_IRQHandler
                0x000000000800c970                Default_Handler
                0x000000000800c970                USBWakeUp_RMP_IRQHandler
                0x000000000800c970                EXTI15_10_IRQHandler
                0x000000000800c970                TIM7_IRQHandler
                0x000000000800c970                EXTI9_5_IRQHandler
                0x000000000800c970                RTC_WKUP_IRQHandler
                0x000000000800c970                SPI2_IRQHandler
                0x000000000800c970                MemManage_Handler
                0x000000000800c970                SVC_Handler
                0x000000000800c970                DMA2_Channel5_IRQHandler
                0x000000000800c970                DMA1_Channel5_IRQHandler
                0x000000000800c970                USB_LP_IRQHandler
                0x000000000800c970                EXTI4_IRQHandler
                0x000000000800c970                TIM1_TRG_COM_TIM17_IRQHandler
                0x000000000800c970                DMA1_Channel3_IRQHandler
                0x000000000800c970                ADC4_IRQHandler
                0x000000000800c970                WWDG_IRQHandler
                0x000000000800c970                TIM2_IRQHandler
                0x000000000800c970                COMP7_IRQHandler
                0x000000000800c970                COMP1_2_3_IRQHandler
                0x000000000800c970                EXTI1_IRQHandler
                0x000000000800c970                USART2_IRQHandler
                0x000000000800c970                COMP4_5_6_IRQHandler
                0x000000000800c970                I2C2_ER_IRQHandler
                0x000000000800c970                DMA1_Channel2_IRQHandler
                0x000000000800c970                TIM8_BRK_IRQHandler
                0x000000000800c970                FLASH_IRQHandler
                0x000000000800c970                BusFault_Handler
                0x000000000800c970                USART1_IRQHandler
                0x000000000800c970                SPI3_IRQHandler
                0x000000000800c970                I2C1_ER_IRQHandler
                0x000000000800c970                USBWakeUp_IRQHandler
                0x000000000800c970                DMA2_Channel3_IRQHandler
                0x000000000800c970                EXTI2_TSC_IRQHandler
                0x000000000800c970                TIM1_BRK_TIM15_IRQHandler
 *fill*         0x000000000800c972        0x2 
 .text.startup  0x000000000800c974       0x14 /usr/lib/gcc/arm-none-eabi/10.3.1/../../../arm-none-eabi/lib/thumb/v7e-m+fp/hard/libg.a(lib_a-__call_atexit.o)
 *(.glue_7)
 .glue_7        0x000000000800c988        0x0 linker stubs
 *(.glue_7t)
 .glue_7t       0x000000000800c988        0x0 linker stubs
 *(.eh_frame)
 .eh_frame      0x000000000800c988        0x0 /usr/lib/gcc/arm-none-eabi/10.3.1/thumb/v7e-m+fp/hard/crtbegin.o
 *(.init)
 .init          0x000000000800c988        0x4 /usr/lib/gcc/arm-none-eabi/10.3.1/thumb/v7e-m+fp/hard/crti.o
                0x000000000800c988                _init
 .init          0x000000000800c98c        0x8 /usr/lib/gcc/arm-none-eabi/10.3.1/thumb/v7e-m+fp/hard/crtn.o
 *(.fini)
 .fini          0x000000000800c994        0x4 /usr/lib/gcc/arm-none-eabi/10.3.1/thumb/v7e-m+fp/hard/crti.o
                0x000000000800c994                _fini
 .fini          0x000000000800c998        0x8 /usr/lib/gcc/arm-none-eabi/10.3.1/thumb/v7e-m+fp/hard/crtn.o
                0x000000000800c9a0                . = ALIGN (0x4)
                0x000000000800c9a0                _etext = .

.vfp11_veneer   0x000000000800c9a0        0x0
 .vfp11_veneer  0x000000000800c9a0        0x0 linker stubs

.v4_bx          0x000000000800c9a0        0x0
 .v4_bx         0x000000000800c9a0        0x0 linker stubs

.iplt           0x000000000800c9a0        0x0
 .iplt          0x000000000800c9a0        0x0 /usr/lib/gcc/arm-none-eabi/10.3.1/thumb/v7e-m+fp/hard/crtbegin.o

.rodata         0x000000000800c9a0     0xfb30
                0x000000000800c9a0                . = ALIGN (0x4)
 *(.rodata)
 .rodata        0x000000000800c9a0      0x494 build/decoder/STM32F30x_decoder.o
 .rodata        0x000000000800ce34      0x101 /usr/lib/gcc/arm-none-eabi/10.3.1/../../../arm-none-eabi/lib/thumb/v7e-m+fp/hard/libg.a(lib_a-ctype_.o)
                0x000000000800ce34                _ctype_
 *fill*         0x000000000800cf35        0x3 
 .rodata        0x000000000800cf38        0x4 /usr/lib/gcc/arm-none-eabi/10.3.1/../../../arm-none-eabi/lib/thumb/v7e-m+fp/hard/libg.a(lib_a-impure.o)
                0x000000000800cf38                _global_impure_ptr
 .rodata        0x000000000800cf3c       0x20 /usr/lib/gcc/arm-none-eabi/10.3.1/../../../arm-none-eabi/lib/thumb/v7e-m+fp/hard/libg.a(lib_a-vfprintf.o)
 *fill*         0x000000000800cf5c        0x4 
 .rodata        0x000000000800cf60      0x128 /usr/lib/gcc/arm-none-eabi/10.3.1/../../../arm-none-eabi/lib/thumb/v7e-m+fp/hard/libg.a(lib_a-mprec.o)
                0x000000000800cf70                __mprec_tens
                0x000000000800d038                __mprec_tinytens
                0x000000000800d060                __mprec_bigtens
 .rodata        0x000000000800d088       0x20 /usr/lib/gcc/arm-none-eabi/10.3.1/../../../arm-none-eabi/lib/thumb/v7e-m+fp/hard/libg.a(lib_a-vfiprintf.o)
 *(.rodata*)
 .rodata.CmdLED.str1.1
                0x000000000800d0a8       0x68 build/main.o
 .rodata.CmdAccel.str1.1
                0x000000000800d110       0x33 build/main.o
 .rodata.CmdGyro.str1.1
                0x000000000800d143       0x2f build/main.o
 .rodata.CmdButton.str1.1
                0x000000000800d172       0x2a build/main.o
 .rodata.main.str1.1
                0x000000000800d19c       0x41 build/main.o
 .rodata.str1.1
                0x000000000800d1dd       0x9d build/main.o
                                         0xa4 (size before relaxing)
 .rodata.LEDs   0x000000000800d27a        0x8 build/main.o
                0x000000000800d27a                LEDs
 .rodata._jp_A4.str1.1
                0x000000000800d282       0x46 build/mes/jp_hook.o
 .rodata._jp_A3.str1.1
                0x000000000800d2c8       0x4f build/mes/jp_hook.o
 .rodata.AddTest.str1.1
                0x000000000800d317       0x4f build/mes/jp_hook.o
 .rodata._jp_A2.str1.1
                0x000000000800d366       0x11 build/mes/jp_hook.o
 .rodata.str1.1
                0x000000000800d377       0x84 build/mes/jp_hook.o
 .rodata.CmdTest.str1.1
                0x000000000800d3fb       0x47 build/mytest.o
 .rodata.str1.1
                0x000000000800d442       0x16 build/mytest.o
 .rodata.CmdR.str1.1
                0x000000000800d458       0x10 build/monitor.o
 .rodata.str1.1
                0x000000000800d468       0x3b build/monitor.o
                                         0x3d (size before relaxing)
 .rodata.parse.str1.1
                0x000000000800d4a3       0xd6 build/parser.o
 .rodata.TaskInput.str1.1
                0x000000000800d579        0xb build/parser.o
                                          0xe (size before relaxing)
 .rodata.__FUNCTION__.0
                0x000000000800d584        0x6 build/parser.o
 .rodata.DumpBuffer.str1.1
                0x000000000800d58a       0x16 build/dump.o
 .rodata.CmdDump.str1.1
                0x000000000800d5a0      0x1ca build/dump.o
 .rodata.str1.1
                0x000000000800d76a       0x1c build/dump.o
                                         0x1e (size before relaxing)
 .rodata.CmdStats.str1.1
                0x000000000800d786       0x78 build/terminal.o
 .rodata._write_r.str1.1
                0x000000000800d7fe       0x78 build/terminal.o
                                          0x2 (size before relaxing)
 .rodata.str1.1
                0x000000000800d7fe       0x32 build/terminal.o
 .rodata.Uncompress.str1.1
                0x000000000800d830       0x26 build/decoder/decoder.o
 .rodata.DecodeReadRegister.str1.1
                0x000000000800d856       0x35 build/decoder/decoder.o
 .rodata.DecodeField.str1.1
                0x000000000800d88b       0x35 build/decoder/decoder.o
 .rodata.DecodeRegister.str1.1
                0x000000000800d8c0       0x3b build/decoder/decoder.o
 .rodata.DecodePeripheral.str1.1
                0x000000000800d8fb       0x28 build/decoder/decoder.o
 .rodata.DecodePrintPeripherals.str1.1
                0x000000000800d923        0x3 build/decoder/decoder.o
                                          0x9 (size before relaxing)
 .rodata.CmdDecode.str1.1
                0x000000000800d926      0x403 build/decoder/decoder.o
                                        0x405 (size before relaxing)
 .rodata.str1.1
                0x000000000800dd29       0x21 build/decoder/decoder.o
                                         0x28 (size before relaxing)
 .rodata.str1.1
                0x000000000800dd4a     0x28bc build/decoder/STM32F30x_decoder.o
                                       0x2921 (size before relaxing)
 *fill*         0x0000000008010606        0x2 
 .rodata.ADC1_2_CCR_fields
                0x0000000008010608       0x40 build/decoder/STM32F30x_decoder.o
                0x0000000008010608                ADC1_2_CCR_fields
 .rodata.ADC1_2_CDR_fields
                0x0000000008010648       0x10 build/decoder/STM32F30x_decoder.o
                0x0000000008010648                ADC1_2_CDR_fields
 .rodata.ADC1_2_CSR_fields
                0x0000000008010658       0xb0 build/decoder/STM32F30x_decoder.o
                0x0000000008010658                ADC1_2_CSR_fields
 .rodata.ADC1_2_registers
                0x0000000008010708       0x30 build/decoder/STM32F30x_decoder.o
                0x0000000008010708                ADC1_2_registers
 .rodata.ADC1_AWD2CR_fields
                0x0000000008010738        0x8 build/decoder/STM32F30x_decoder.o
                0x0000000008010738                ADC1_AWD2CR_fields
 .rodata.ADC1_AWD3CR_fields
                0x0000000008010740        0x8 build/decoder/STM32F30x_decoder.o
                0x0000000008010740                ADC1_AWD3CR_fields
 .rodata.ADC1_CALFACT_fields
                0x0000000008010748       0x10 build/decoder/STM32F30x_decoder.o
                0x0000000008010748                ADC1_CALFACT_fields
 .rodata.ADC1_CFGR_fields
                0x0000000008010758       0x98 build/decoder/STM32F30x_decoder.o
                0x0000000008010758                ADC1_CFGR_fields
 .rodata.ADC1_CR_fields
                0x00000000080107f0       0x50 build/decoder/STM32F30x_decoder.o
                0x00000000080107f0                ADC1_CR_fields
 .rodata.ADC1_DIFSEL_fields
                0x0000000008010840       0x10 build/decoder/STM32F30x_decoder.o
                0x0000000008010840                ADC1_DIFSEL_fields
 .rodata.ADC1_DR_fields
                0x0000000008010850        0x8 build/decoder/STM32F30x_decoder.o
                0x0000000008010850                ADC1_DR_fields
 .rodata.ADC1_IER_fields
                0x0000000008010858       0x58 build/decoder/STM32F30x_decoder.o
                0x0000000008010858                ADC1_IER_fields
 .rodata.ADC1_ISR_fields
                0x00000000080108b0       0x58 build/decoder/STM32F30x_decoder.o
                0x00000000080108b0                ADC1_ISR_fields
 .rodata.ADC1_JDR1_fields
                0x0000000008010908        0x8 build/decoder/STM32F30x_decoder.o
                0x0000000008010908                ADC1_JDR1_fields
 .rodata.ADC1_JDR2_fields
                0x0000000008010910        0x8 build/decoder/STM32F30x_decoder.o
                0x0000000008010910                ADC1_JDR2_fields
 .rodata.ADC1_JDR3_fields
                0x0000000008010918        0x8 build/decoder/STM32F30x_decoder.o
                0x0000000008010918                ADC1_JDR3_fields
 .rodata.ADC1_JDR4_fields
                0x0000000008010920        0x8 build/decoder/STM32F30x_decoder.o
                0x0000000008010920                ADC1_JDR4_fields
 .rodata.ADC1_JSQR_fields
                0x0000000008010928       0x38 build/decoder/STM32F30x_decoder.o
                0x0000000008010928                ADC1_JSQR_fields
 .rodata.ADC1_OFR1_fields
                0x0000000008010960       0x18 build/decoder/STM32F30x_decoder.o
                0x0000000008010960                ADC1_OFR1_fields
 .rodata.ADC1_OFR2_fields
                0x0000000008010978       0x18 build/decoder/STM32F30x_decoder.o
                0x0000000008010978                ADC1_OFR2_fields
 .rodata.ADC1_OFR3_fields
                0x0000000008010990       0x18 build/decoder/STM32F30x_decoder.o
                0x0000000008010990                ADC1_OFR3_fields
 .rodata.ADC1_OFR4_fields
                0x00000000080109a8       0x18 build/decoder/STM32F30x_decoder.o
                0x00000000080109a8                ADC1_OFR4_fields
 .rodata.ADC1_SMPR1_fields
                0x00000000080109c0       0x48 build/decoder/STM32F30x_decoder.o
                0x00000000080109c0                ADC1_SMPR1_fields
 .rodata.ADC1_SMPR2_fields
                0x0000000008010a08       0x48 build/decoder/STM32F30x_decoder.o
                0x0000000008010a08                ADC1_SMPR2_fields
 .rodata.ADC1_SQR1_fields
                0x0000000008010a50       0x28 build/decoder/STM32F30x_decoder.o
                0x0000000008010a50                ADC1_SQR1_fields
 .rodata.ADC1_SQR2_fields
                0x0000000008010a78       0x28 build/decoder/STM32F30x_decoder.o
                0x0000000008010a78                ADC1_SQR2_fields
 .rodata.ADC1_SQR3_fields
                0x0000000008010aa0       0x28 build/decoder/STM32F30x_decoder.o
                0x0000000008010aa0                ADC1_SQR3_fields
 .rodata.ADC1_SQR4_fields
                0x0000000008010ac8       0x10 build/decoder/STM32F30x_decoder.o
                0x0000000008010ac8                ADC1_SQR4_fields
 .rodata.ADC1_TR1_fields
                0x0000000008010ad8       0x10 build/decoder/STM32F30x_decoder.o
                0x0000000008010ad8                ADC1_TR1_fields
 .rodata.ADC1_TR2_fields
                0x0000000008010ae8       0x10 build/decoder/STM32F30x_decoder.o
                0x0000000008010ae8                ADC1_TR2_fields
 .rodata.ADC1_TR3_fields
                0x0000000008010af8       0x10 build/decoder/STM32F30x_decoder.o
                0x0000000008010af8                ADC1_TR3_fields
 .rodata.ADC1_registers
                0x0000000008010b08      0x1b0 build/decoder/STM32F30x_decoder.o
                0x0000000008010b08                ADC1_registers
 .rodata.CAN_BTR_fields
                0x0000000008010cb8       0x30 build/decoder/STM32F30x_decoder.o
                0x0000000008010cb8                CAN_BTR_fields
 .rodata.CAN_ESR_fields
                0x0000000008010ce8       0x30 build/decoder/STM32F30x_decoder.o
                0x0000000008010ce8                CAN_ESR_fields
 .rodata.CAN_F0R1_fields
                0x0000000008010d18      0x100 build/decoder/STM32F30x_decoder.o
                0x0000000008010d18                CAN_F0R1_fields
 .rodata.CAN_F0R2_fields
                0x0000000008010e18      0x100 build/decoder/STM32F30x_decoder.o
                0x0000000008010e18                CAN_F0R2_fields
 .rodata.CAN_F10R1_fields
                0x0000000008010f18      0x100 build/decoder/STM32F30x_decoder.o
                0x0000000008010f18                CAN_F10R1_fields
 .rodata.CAN_F10R2_fields
                0x0000000008011018      0x100 build/decoder/STM32F30x_decoder.o
                0x0000000008011018                CAN_F10R2_fields
 .rodata.CAN_F11R1_fields
                0x0000000008011118      0x100 build/decoder/STM32F30x_decoder.o
                0x0000000008011118                CAN_F11R1_fields
 .rodata.CAN_F11R2_fields
                0x0000000008011218      0x100 build/decoder/STM32F30x_decoder.o
                0x0000000008011218                CAN_F11R2_fields
 .rodata.CAN_F12R1_fields
                0x0000000008011318      0x100 build/decoder/STM32F30x_decoder.o
                0x0000000008011318                CAN_F12R1_fields
 .rodata.CAN_F12R2_fields
                0x0000000008011418      0x100 build/decoder/STM32F30x_decoder.o
                0x0000000008011418                CAN_F12R2_fields
 .rodata.CAN_F13R1_fields
                0x0000000008011518      0x100 build/decoder/STM32F30x_decoder.o
                0x0000000008011518                CAN_F13R1_fields
 .rodata.CAN_F13R2_fields
                0x0000000008011618      0x100 build/decoder/STM32F30x_decoder.o
                0x0000000008011618                CAN_F13R2_fields
 .rodata.CAN_F14R1_fields
                0x0000000008011718      0x100 build/decoder/STM32F30x_decoder.o
                0x0000000008011718                CAN_F14R1_fields
 .rodata.CAN_F14R2_fields
                0x0000000008011818      0x100 build/decoder/STM32F30x_decoder.o
                0x0000000008011818                CAN_F14R2_fields
 .rodata.CAN_F15R1_fields
                0x0000000008011918      0x100 build/decoder/STM32F30x_decoder.o
                0x0000000008011918                CAN_F15R1_fields
 .rodata.CAN_F15R2_fields
                0x0000000008011a18      0x100 build/decoder/STM32F30x_decoder.o
                0x0000000008011a18                CAN_F15R2_fields
 .rodata.CAN_F16R1_fields
                0x0000000008011b18      0x100 build/decoder/STM32F30x_decoder.o
                0x0000000008011b18                CAN_F16R1_fields
 .rodata.CAN_F16R2_fields
                0x0000000008011c18      0x100 build/decoder/STM32F30x_decoder.o
                0x0000000008011c18                CAN_F16R2_fields
 .rodata.CAN_F17R1_fields
                0x0000000008011d18      0x100 build/decoder/STM32F30x_decoder.o
                0x0000000008011d18                CAN_F17R1_fields
 .rodata.CAN_F17R2_fields
                0x0000000008011e18      0x100 build/decoder/STM32F30x_decoder.o
                0x0000000008011e18                CAN_F17R2_fields
 .rodata.CAN_F18R1_fields
                0x0000000008011f18      0x100 build/decoder/STM32F30x_decoder.o
                0x0000000008011f18                CAN_F18R1_fields
 .rodata.CAN_F18R2_fields
                0x0000000008012018      0x100 build/decoder/STM32F30x_decoder.o
                0x0000000008012018                CAN_F18R2_fields
 .rodata.CAN_F19R1_fields
                0x0000000008012118      0x100 build/decoder/STM32F30x_decoder.o
                0x0000000008012118                CAN_F19R1_fields
 .rodata.CAN_F19R2_fields
                0x0000000008012218      0x100 build/decoder/STM32F30x_decoder.o
                0x0000000008012218                CAN_F19R2_fields
 .rodata.CAN_F1R1_fields
                0x0000000008012318      0x100 build/decoder/STM32F30x_decoder.o
                0x0000000008012318                CAN_F1R1_fields
 .rodata.CAN_F1R2_fields
                0x0000000008012418      0x100 build/decoder/STM32F30x_decoder.o
                0x0000000008012418                CAN_F1R2_fields
 .rodata.CAN_F20R1_fields
                0x0000000008012518      0x100 build/decoder/STM32F30x_decoder.o
                0x0000000008012518                CAN_F20R1_fields
 .rodata.CAN_F20R2_fields
                0x0000000008012618      0x100 build/decoder/STM32F30x_decoder.o
                0x0000000008012618                CAN_F20R2_fields
 .rodata.CAN_F21R1_fields
                0x0000000008012718      0x100 build/decoder/STM32F30x_decoder.o
                0x0000000008012718                CAN_F21R1_fields
 .rodata.CAN_F21R2_fields
                0x0000000008012818      0x100 build/decoder/STM32F30x_decoder.o
                0x0000000008012818                CAN_F21R2_fields
 .rodata.CAN_F22R1_fields
                0x0000000008012918      0x100 build/decoder/STM32F30x_decoder.o
                0x0000000008012918                CAN_F22R1_fields
 .rodata.CAN_F22R2_fields
                0x0000000008012a18      0x100 build/decoder/STM32F30x_decoder.o
                0x0000000008012a18                CAN_F22R2_fields
 .rodata.CAN_F23R1_fields
                0x0000000008012b18      0x100 build/decoder/STM32F30x_decoder.o
                0x0000000008012b18                CAN_F23R1_fields
 .rodata.CAN_F23R2_fields
                0x0000000008012c18      0x100 build/decoder/STM32F30x_decoder.o
                0x0000000008012c18                CAN_F23R2_fields
 .rodata.CAN_F24R1_fields
                0x0000000008012d18      0x100 build/decoder/STM32F30x_decoder.o
                0x0000000008012d18                CAN_F24R1_fields
 .rodata.CAN_F24R2_fields
                0x0000000008012e18      0x100 build/decoder/STM32F30x_decoder.o
                0x0000000008012e18                CAN_F24R2_fields
 .rodata.CAN_F25R1_fields
                0x0000000008012f18      0x100 build/decoder/STM32F30x_decoder.o
                0x0000000008012f18                CAN_F25R1_fields
 .rodata.CAN_F25R2_fields
                0x0000000008013018      0x100 build/decoder/STM32F30x_decoder.o
                0x0000000008013018                CAN_F25R2_fields
 .rodata.CAN_F26R1_fields
                0x0000000008013118      0x100 build/decoder/STM32F30x_decoder.o
                0x0000000008013118                CAN_F26R1_fields
 .rodata.CAN_F26R2_fields
                0x0000000008013218      0x100 build/decoder/STM32F30x_decoder.o
                0x0000000008013218                CAN_F26R2_fields
 .rodata.CAN_F27R1_fields
                0x0000000008013318      0x100 build/decoder/STM32F30x_decoder.o
                0x0000000008013318                CAN_F27R1_fields
 .rodata.CAN_F27R2_fields
                0x0000000008013418      0x100 build/decoder/STM32F30x_decoder.o
                0x0000000008013418                CAN_F27R2_fields
 .rodata.CAN_F2R1_fields
                0x0000000008013518      0x100 build/decoder/STM32F30x_decoder.o
                0x0000000008013518                CAN_F2R1_fields
 .rodata.CAN_F2R2_fields
                0x0000000008013618      0x100 build/decoder/STM32F30x_decoder.o
                0x0000000008013618                CAN_F2R2_fields
 .rodata.CAN_F3R1_fields
                0x0000000008013718      0x100 build/decoder/STM32F30x_decoder.o
                0x0000000008013718                CAN_F3R1_fields
 .rodata.CAN_F3R2_fields
                0x0000000008013818      0x100 build/decoder/STM32F30x_decoder.o
                0x0000000008013818                CAN_F3R2_fields
 .rodata.CAN_F4R1_fields
                0x0000000008013918      0x100 build/decoder/STM32F30x_decoder.o
                0x0000000008013918                CAN_F4R1_fields
 .rodata.CAN_F4R2_fields
                0x0000000008013a18      0x100 build/decoder/STM32F30x_decoder.o
                0x0000000008013a18                CAN_F4R2_fields
 .rodata.CAN_F5R1_fields
                0x0000000008013b18      0x100 build/decoder/STM32F30x_decoder.o
                0x0000000008013b18                CAN_F5R1_fields
 .rodata.CAN_F5R2_fields
                0x0000000008013c18      0x100 build/decoder/STM32F30x_decoder.o
                0x0000000008013c18                CAN_F5R2_fields
 .rodata.CAN_F6R1_fields
                0x0000000008013d18      0x100 build/decoder/STM32F30x_decoder.o
                0x0000000008013d18                CAN_F6R1_fields
 .rodata.CAN_F6R2_fields
                0x0000000008013e18      0x100 build/decoder/STM32F30x_decoder.o
                0x0000000008013e18                CAN_F6R2_fields
 .rodata.CAN_F7R1_fields
                0x0000000008013f18      0x100 build/decoder/STM32F30x_decoder.o
                0x0000000008013f18                CAN_F7R1_fields
 .rodata.CAN_F7R2_fields
                0x0000000008014018      0x100 build/decoder/STM32F30x_decoder.o
                0x0000000008014018                CAN_F7R2_fields
 .rodata.CAN_F8R1_fields
                0x0000000008014118      0x100 build/decoder/STM32F30x_decoder.o
                0x0000000008014118                CAN_F8R1_fields
 .rodata.CAN_F8R2_fields
                0x0000000008014218      0x100 build/decoder/STM32F30x_decoder.o
                0x0000000008014218                CAN_F8R2_fields
 .rodata.CAN_F9R1_fields
                0x0000000008014318      0x100 build/decoder/STM32F30x_decoder.o
                0x0000000008014318                CAN_F9R1_fields
 .rodata.CAN_F9R2_fields
                0x0000000008014418      0x100 build/decoder/STM32F30x_decoder.o
                0x0000000008014418                CAN_F9R2_fields
 .rodata.CAN_FA1R_fields
                0x0000000008014518       0xe0 build/decoder/STM32F30x_decoder.o
                0x0000000008014518                CAN_FA1R_fields
 .rodata.CAN_FFA1R_fields
                0x00000000080145f8       0xe0 build/decoder/STM32F30x_decoder.o
                0x00000000080145f8                CAN_FFA1R_fields
 .rodata.CAN_FM1R_fields
                0x00000000080146d8       0xe0 build/decoder/STM32F30x_decoder.o
                0x00000000080146d8                CAN_FM1R_fields
 .rodata.CAN_FMR_fields
                0x00000000080147b8       0x10 build/decoder/STM32F30x_decoder.o
                0x00000000080147b8                CAN_FMR_fields
 .rodata.CAN_FS1R_fields
                0x00000000080147c8       0xe0 build/decoder/STM32F30x_decoder.o
                0x00000000080147c8                CAN_FS1R_fields
 .rodata.CAN_IER_fields
                0x00000000080148a8       0x70 build/decoder/STM32F30x_decoder.o
                0x00000000080148a8                CAN_IER_fields
 .rodata.CAN_MCR_fields
                0x0000000008014918       0x50 build/decoder/STM32F30x_decoder.o
                0x0000000008014918                CAN_MCR_fields
 .rodata.CAN_MSR_fields
                0x0000000008014968       0x48 build/decoder/STM32F30x_decoder.o
                0x0000000008014968                CAN_MSR_fields
 .rodata.CAN_RDH0R_fields
                0x00000000080149b0       0x20 build/decoder/STM32F30x_decoder.o
                0x00000000080149b0                CAN_RDH0R_fields
 .rodata.CAN_RDH1R_fields