Archive member included to satisfy reference by file (symbol)

/usr/lib/gcc/arm-none-eabi/10.3.1/thumb/v7e-m+fp/hard/libgcc.a(_arm_muldf3.o)
                              build/mes/jp_hook.o (__aeabi_dmul)
/usr/lib/gcc/arm-none-eabi/10.3.1/thumb/v7e-m+fp/hard/libgcc.a(_arm_addsubdf3.o)
                              build/mes/jp_hook.o (__aeabi_ui2d)
/usr/lib/gcc/arm-none-eabi/10.3.1/thumb/v7e-m+fp/hard/libgcc.a(_arm_fixdfsi.o)
                              build/mes/jp_hook.o (__aeabi_d2iz)
/usr/lib/gcc/arm-none-eabi/10.3.1/../../../arm-none-eabi/lib/thumb/v7e-m+fp/hard/libg.a(lib_a-atexit.o)
                              /usr/lib/gcc/arm-none-eabi/10.3.1/../../../arm-none-eabi/lib/thumb/v7e-m+fp/hard/crt0.o (atexit)
/usr/lib/gcc/arm-none-eabi/10.3.1/../../../arm-none-eabi/lib/thumb/v7e-m+fp/hard/libg.a(lib_a-ctype_.o)
                              build/parser.o (_ctype_)
/usr/lib/gcc/arm-none-eabi/10.3.1/../../../arm-none-eabi/lib/thumb/v7e-m+fp/hard/libg.a(lib_a-errno.o)
                              build/syscall.o (__errno)
/usr/lib/gcc/arm-none-eabi/10.3.1/../../../arm-none-eabi/lib/thumb/v7e-m+fp/hard/libg.a(lib_a-exit.o)
                              /usr/lib/gcc/arm-none-eabi/10.3.1/../../../arm-none-eabi/lib/thumb/v7e-m+fp/hard/crt0.o (exit)
/usr/lib/gcc/arm-none-eabi/10.3.1/../../../arm-none-eabi/lib/thumb/v7e-m+fp/hard/libg.a(lib_a-fini.o)
                              /usr/lib/gcc/arm-none-eabi/10.3.1/../../../arm-none-eabi/lib/thumb/v7e-m+fp/hard/crt0.o (__libc_fini_array)
/usr/lib/gcc/arm-none-eabi/10.3.1/../../../arm-none-eabi/lib/thumb/v7e-m+fp/hard/libg.a(lib_a-impure.o)
                              /usr/lib/gcc/arm-none-eabi/10.3.1/../../../arm-none-eabi/lib/thumb/v7e-m+fp/hard/libg.a(lib_a-exit.o) (_global_impure_ptr)
/usr/lib/gcc/arm-none-eabi/10.3.1/../../../arm-none-eabi/lib/thumb/v7e-m+fp/hard/libg.a(lib_a-init.o)
                              /usr/lib/gcc/arm-none-eabi/10.3.1/../../../arm-none-eabi/lib/thumb/v7e-m+fp/hard/crt0.o (__libc_init_array)
/usr/lib/gcc/arm-none-eabi/10.3.1/../../../arm-none-eabi/lib/thumb/v7e-m+fp/hard/libg.a(lib_a-memset.o)
                              /usr/lib/gcc/arm-none-eabi/10.3.1/../../../arm-none-eabi/lib/thumb/v7e-m+fp/hard/crt0.o (memset)
/usr/lib/gcc/arm-none-eabi/10.3.1/../../../arm-none-eabi/lib/thumb/v7e-m+fp/hard/libg.a(lib_a-printf.o)
                              build/main.o (printf)
/usr/lib/gcc/arm-none-eabi/10.3.1/../../../arm-none-eabi/lib/thumb/v7e-m+fp/hard/libg.a(lib_a-putchar.o)
                              build/parser.o (putchar)
/usr/lib/gcc/arm-none-eabi/10.3.1/../../../arm-none-eabi/lib/thumb/v7e-m+fp/hard/libg.a(lib_a-puts.o)
                              build/main.o (puts)
/usr/lib/gcc/arm-none-eabi/10.3.1/../../../arm-none-eabi/lib/thumb/v7e-m+fp/hard/libg.a(lib_a-setvbuf.o)
                              build/terminal.o (setvbuf)
/usr/lib/gcc/arm-none-eabi/10.3.1/../../../arm-none-eabi/lib/thumb/v7e-m+fp/hard/libg.a(lib_a-strcasecmp.o)
                              build/parser.o (strcasecmp)
/usr/lib/gcc/arm-none-eabi/10.3.1/../../../arm-none-eabi/lib/thumb/v7e-m+fp/hard/libg.a(lib_a-strcpy.o)
                              build/parser.o (strcpy)
/usr/lib/gcc/arm-none-eabi/10.3.1/../../../arm-none-eabi/lib/thumb/v7e-m+fp/hard/libg.a(lib_a-strlen.o)
                              build/parser.o (strlen)
/usr/lib/gcc/arm-none-eabi/10.3.1/../../../arm-none-eabi/lib/thumb/v7e-m+fp/hard/libg.a(lib_a-strtok.o)
                              build/parser.o (strtok)
/usr/lib/gcc/arm-none-eabi/10.3.1/../../../arm-none-eabi/lib/thumb/v7e-m+fp/hard/libg.a(lib_a-strtok_r.o)
                              /usr/lib/gcc/arm-none-eabi/10.3.1/../../../arm-none-eabi/lib/thumb/v7e-m+fp/hard/libg.a(lib_a-strtok.o) (__strtok_r)
/usr/lib/gcc/arm-none-eabi/10.3.1/../../../arm-none-eabi/lib/thumb/v7e-m+fp/hard/libg.a(lib_a-strtol.o)
                              build/parser.o (strtol)
/usr/lib/gcc/arm-none-eabi/10.3.1/../../../arm-none-eabi/lib/thumb/v7e-m+fp/hard/libg.a(lib_a-strtoul.o)
                              build/parser.o (strtoul)
/usr/lib/gcc/arm-none-eabi/10.3.1/../../../arm-none-eabi/lib/thumb/v7e-m+fp/hard/libg.a(lib_a-vfprintf.o)
                              /usr/lib/gcc/arm-none-eabi/10.3.1/../../../arm-none-eabi/lib/thumb/v7e-m+fp/hard/libg.a(lib_a-printf.o) (_vfprintf_r)
/usr/lib/gcc/arm-none-eabi/10.3.1/../../../arm-none-eabi/lib/thumb/v7e-m+fp/hard/libg.a(lib_a-wsetup.o)
                              /usr/lib/gcc/arm-none-eabi/10.3.1/../../../arm-none-eabi/lib/thumb/v7e-m+fp/hard/libg.a(lib_a-vfprintf.o) (__swsetup_r)
/usr/lib/gcc/arm-none-eabi/10.3.1/../../../arm-none-eabi/lib/thumb/v7e-m+fp/hard/libg.a(lib_a-__atexit.o)
                              /usr/lib/gcc/arm-none-eabi/10.3.1/../../../arm-none-eabi/lib/thumb/v7e-m+fp/hard/libg.a(lib_a-atexit.o) (__register_exitproc)
/usr/lib/gcc/arm-none-eabi/10.3.1/../../../arm-none-eabi/lib/thumb/v7e-m+fp/hard/libg.a(lib_a-__call_atexit.o)
[...]
Memory Configuration

Name             Origin             Length             Attributes
FLASH            0x0000000008000000 0x0000000000040000 xr
RAM              0x0000000020000000 0x000000000000a000 xrw
CCMRAM           0x0000000010000000 0x0000000000002000 rw
*default*        0x0000000000000000 0xffffffffffffffff

Linker script and memory map

LOAD /usr/lib/gcc/arm-none-eabi/10.3.1/thumb/v7e-m+fp/hard/crti.o
LOAD /usr/lib/gcc/arm-none-eabi/10.3.1/thumb/v7e-m+fp/hard/crtbegin.o
LOAD /usr/lib/gcc/arm-none-eabi/10.3.1/../../../arm-none-eabi/lib/thumb/v7e-m+fp/hard/crt0.o
LOAD build/main.o
LOAD build/mes/jp_hook.o
LOAD build/mes/jp_asm.o
LOAD build/mycode.o
LOAD build/mytest.o
LOAD build/monitor.o
LOAD build/parser.o
LOAD build/dump.o
LOAD build/syscall.o
LOAD build/terminal.o
LOAD build/decoder/decoder.o
LOAD build/decoder/STM32F30x_decoder.o
LOAD build/Drivers/CMSIS/Device/ST/STM32F3xx/Source/Templates/system_stm32f3xx.o
LOAD build/Drivers/STM32F3xx_HAL_Driver/Src/stm32f3xx_hal_rcc.o
LOAD build/Drivers/STM32F3xx_HAL_Driver/Src/stm32f3xx_hal.o
LOAD build/Drivers/STM32F3xx_HAL_Driver/Src/stm32f3xx_hal_cortex.o
LOAD build/Drivers/STM32F3xx_HAL_Driver/Src/stm32f3xx_hal_uart.o
LOAD build/Drivers/STM32F3xx_HAL_Driver/Src/stm32f3xx_hal_gpio.o
LOAD build/Drivers/STM32F3xx_HAL_Driver/Src/stm32f3xx_hal_pcd.o
LOAD build/Drivers/STM32F3xx_HAL_Driver/Src/stm32f3xx_hal_pcd_ex.o
LOAD build/Drivers/STM32F3xx_HAL_Driver/Src/stm32f3xx_hal_i2c.o
LOAD build/Drivers/STM32F3xx_HAL_Driver/Src/stm32f3xx_hal_spi.o
LOAD build/Drivers/STM32_USB_Device_Library/Core/Src/usbd_core.o
LOAD build/Drivers/STM32_USB_Device_Library/Core/Src/usbd_ctlreq.o
LOAD build/Drivers/STM32_USB_Device_Library/Core/Src/usbd_ioreq.o
LOAD build/Drivers/STM32_USB_Device_Library/Class/CDC/Src/usbd_cdc.o
LOAD build/usbd_conf.o
LOAD build/usbd_desc.o
LOAD build/usbd_cdc_interface.o
LOAD build/Drivers/BSP/STM32F3-Discovery/stm32f3_discovery.o
LOAD build/Drivers/BSP/STM32F3-Discovery/stm32f3_discovery_accelerometer.o
LOAD build/Drivers/BSP/STM32F3-Discovery/stm32f3_discovery_gyroscope.o
LOAD build/Drivers/BSP/Components/lsm303dlhc/lsm303dlhc.o
LOAD build/Drivers/BSP/Components/l3gd20/l3gd20.o
LOAD build/Drivers/BSP/Components/i3g4250d/i3g4250d.o
LOAD build/Drivers/BSP/Components/lsm303agr/lsm303agr.o
LOAD build/Drivers/CMSIS/Device/ST/STM32F3xx/Source/Templates/gcc/startup_stm32f303xc.o
START GROUP
LOAD /usr/lib/gcc/arm-none-eabi/10.3.1/thumb/v7e-m+fp/hard/libgcc.a
LOAD /usr/lib/gcc/arm-none-eabi/10.3.1/../../../arm-none-eabi/lib/thumb/v7e-m+fp/hard/libg.a
LOAD /usr/lib/gcc/arm-none-eabi/10.3.1/../../../arm-none-eabi/lib/thumb/v7e-m+fp/hard/libc.a
END GROUP
START GROUP
LOAD /usr/lib/gcc/arm-none-eabi/10.3.1/thumb/v7e-m+fp/hard/libgcc.a
LOAD /usr/lib/gcc/arm-none-eabi/10.3.1/../../../arm-none-eabi/lib/thumb/v7e-m+fp/hard/libc.a
LOAD /usr/lib/gcc/arm-none-eabi/10.3.1/../../../arm-none-eabi/lib/thumb/v7e-m+fp/hard/libnosys.a
END GROUP
LOAD /usr/lib/gcc/arm-none-eabi/10.3.1/thumb/v7e-m+fp/hard/crtend.o
LOAD /usr/lib/gcc/arm-none-eabi/10.3.1/thumb/v7e-m+fp/hard/crtn.o
                0x0000000020008000                _estack = 0x20008000
                0x0000000000001000                _Min_Heap_Size = 0x1000
                0x0000000000000400                _Min_Stack_Size = 0x400

.isr_vector     0x0000000008000000      0x188
                0x0000000008000000                . = ALIGN (0x4)
 *(.isr_vector)
 .isr_vector    0x0000000008000000      0x188 build/Drivers/CMSIS/Device/ST/STM32F3xx/Source/Templates/gcc/startup_stm32f303xc.o
                0x0000000008000000                g_pfnVectors
                0x0000000008000188                . = ALIGN (0x4)

.text           0x00000000080001c0     0xc9e0
                0x00000000080001c0                . = ALIGN (0x4)
 *(.text)
 .text          0x00000000080001c0       0x88 /usr/lib/gcc/arm-none-eabi/10.3.1/thumb/v7e-m+fp/hard/crtbegin.o
 .text          0x0000000008000248      0x3f0 build/mes/jp_asm.o
                0x0000000008000248                jp_led_demo_a4
                0x00000000080002e8                A4_get_accel_values
                0x0000000008000478                jp_a4_timer_tick
                0x0000000008000498                jp_led_demo_a3
                0x000000000800054c                jp_led_demo_a2
                0x0000000008000588                add_test
                0x0000000008000618                busy_delay
 .text          0x0000000008000638       0x34 build/mycode.o
                0x0000000008000638                mytest
                0x000000000800064c                my_Tick
                0x0000000008000660                my_Loop
                0x0000000008000664                my_Init
 .text          0x000000000800066c      0x378 /usr/lib/gcc/arm-none-eabi/10.3.1/thumb/v7e-m+fp/hard/libgcc.a(_arm_addsubdf3.o)
                0x000000000800066c                __aeabi_drsub
                0x0000000008000674                __aeabi_dsub
                0x0000000008000674                __subdf3
                0x0000000008000678                __adddf3
                0x0000000008000678                __aeabi_dadd
                0x00000000080008f0                __aeabi_ui2d
                0x00000000080008f0                __floatunsidf
                0x0000000008000910                __floatsidf
                0x0000000008000910                __aeabi_i2d
                0x0000000008000934                __extendsfdf2
                0x0000000008000934                __aeabi_f2d
                0x0000000008000978                __aeabi_ul2d
                0x0000000008000978                __floatundidf
                0x0000000008000988                __floatdidf
                0x0000000008000988                __aeabi_l2d
 .text          0x00000000080009e4       0x50 /usr/lib/gcc/arm-none-eabi/10.3.1/thumb/v7e-m+fp/hard/libgcc.a(_arm_fixdfsi.o)
                0x00000000080009e4                __fixdfsi
                0x00000000080009e4                __aeabi_d2iz
 .text          0x0000000008000a34        0xc /usr/lib/gcc/arm-none-eabi/10.3.1/../../../arm-none-eabi/lib/thumb/v7e-m+fp/hard/libg.a(lib_a-atexit.o)
                0x0000000008000a34                atexit
 .text          0x0000000008000a40        0xc /usr/lib/gcc/arm-none-eabi/10.3.1/../../../arm-none-eabi/lib/thumb/v7e-m+fp/hard/libg.a(lib_a-errno.o)
                0x0000000008000a40                __errno
 .text          0x0000000008000a4c       0x2c /usr/lib/gcc/arm-none-eabi/10.3.1/../../../arm-none-eabi/lib/thumb/v7e-m+fp/hard/libg.a(lib_a-fini.o)
                0x0000000008000a4c                __libc_fini_array
 .text          0x0000000008000a78       0x48 /usr/lib/gcc/arm-none-eabi/10.3.1/../../../arm-none-eabi/lib/thumb/v7e-m+fp/hard/libg.a(lib_a-init.o)
                0x0000000008000a78                __libc_init_array
 .text          0x0000000008000ac0       0xa4 /usr/lib/gcc/arm-none-eabi/10.3.1/../../../arm-none-eabi/lib/thumb/v7e-m+fp/hard/libg.a(lib_a-memset.o)
                0x0000000008000ac0                memset
 .text          0x0000000008000b64       0x48 /usr/lib/gcc/arm-none-eabi/10.3.1/../../../arm-none-eabi/lib/thumb/v7e-m+fp/hard/libg.a(lib_a-printf.o)
                0x0000000008000b64                _printf_r
                0x0000000008000b84                printf
 .text          0x0000000008000bac       0x18 /usr/lib/gcc/arm-none-eabi/10.3.1/../../../arm-none-eabi/lib/thumb/v7e-m+fp/hard/libg.a(lib_a-putchar.o)
                0x0000000008000bac                _putchar_r
                0x0000000008000bb4                putchar
 .text          0x0000000008000bc4       0x78 /usr/lib/gcc/arm-none-eabi/10.3.1/../../../arm-none-eabi/lib/thumb/v7e-m+fp/hard/libg.a(lib_a-puts.o)
                0x0000000008000bc4                _puts_r
                0x0000000008000c2c                puts
 .text          0x0000000008000c3c      0x174 /usr/lib/gcc/arm-none-eabi/10.3.1/../../../arm-none-eabi/lib/thumb/v7e-m+fp/hard/libg.a(lib_a-setvbuf.o)
                0x0000000008000c3c                setvbuf
 .text          0x0000000008000db0       0x4c /usr/lib/gcc/arm-none-eabi/10.3.1/../../../arm-none-eabi/lib/thumb/v7e-m+fp/hard/libg.a(lib_a-strcasecmp.o)
                0x0000000008000db0                strcasecmp
 .text          0x0000000008000dfc       0xbc /usr/lib/gcc/arm-none-eabi/10.3.1/../../../arm-none-eabi/lib/thumb/v7e-m+fp/hard/libg.a(lib_a-strcpy.o)
                0x0000000008000dfc                strcpy
 *fill*         0x0000000008000eb8        0x8 
 .text          0x0000000008000ec0       0xdc /usr/lib/gcc/arm-none-eabi/10.3.1/../../../arm-none-eabi/lib/thumb/v7e-m+fp/hard/libg.a(lib_a-strlen.o)
                0x0000000008000ec0                strlen
 .text          0x0000000008000f9c       0x10 /usr/lib/gcc/arm-none-eabi/10.3.1/../../../arm-none-eabi/lib/thumb/v7e-m+fp/hard/libg.a(lib_a-strtok.o)
                0x0000000008000f9c                strtok
 .text          0x0000000008000fac       0x6c /usr/lib/gcc/arm-none-eabi/10.3.1/../../../arm-none-eabi/lib/thumb/v7e-m+fp/hard/libg.a(lib_a-strtok_r.o)
                0x0000000008000fac                __strtok_r
                0x0000000008001010                strtok_r
 .text          0x0000000008001018      0x170 /usr/lib/gcc/arm-none-eabi/10.3.1/../../../arm-none-eabi/lib/thumb/v7e-m+fp/hard/libg.a(lib_a-strtoul.o)
                0x0000000008001154                _strtoul_r
                0x0000000008001158                strtoul_l
                0x0000000008001170                strtoul
 .text          0x0000000008001188     0x159c /usr/lib/gcc/arm-none-eabi/10.3.1/../../../arm-none-eabi/lib/thumb/v7e-m+fp/hard/libg.a(lib_a-vfprintf.o)
                0x0000000008001188                _vfprintf_r
                0x000000000800269c                vfprintf
 .text          0x0000000008002724       0xd4 /usr/lib/gcc/arm-none-eabi/10.3.1/../../../arm-none-eabi/lib/thumb/v7e-m+fp/hard/libg.a(lib_a-wsetup.o)
                0x0000000008002724                __swsetup_r
 .text          0x00000000080027f8       0x68 /usr/lib/gcc/arm-none-eabi/10.3.1/../../../arm-none-eabi/lib/thumb/v7e-m+fp/hard/libg.a(lib_a-__atexit.o)
                0x00000000080027f8                __register_exitproc
 .text          0x0000000008002860     0x1064 /usr/lib/gcc/arm-none-eabi/10.3.1/../../../arm-none-eabi/lib/thumb/v7e-m+fp/hard/libg.a(lib_a-dtoa.o)
                0x0000000008002988                _dtoa_r
 .text          0x00000000080038c4      0x1ac /usr/lib/gcc/arm-none-eabi/10.3.1/../../../arm-none-eabi/lib/thumb/v7e-m+fp/hard/libg.a(lib_a-fflush.o)
                0x00000000080038c4                __sflush_r
                0x00000000080039f4                _fflush_r
                0x0000000008003a20                fflush
 .text          0x0000000008003a70      0x218 /usr/lib/gcc/arm-none-eabi/10.3.1/../../../arm-none-eabi/lib/thumb/v7e-m+fp/hard/libg.a(lib_a-findfp.o)
                0x0000000008003a74                _cleanup_r
                0x0000000008003b5c                __sfmoreglue
                0x0000000008003b8c                __sfp
                0x0000000008003c34                _cleanup
                0x0000000008003c48                __sinit
                0x0000000008003c50                __sfp_lock_acquire
                0x0000000008003c54                __sfp_lock_release
                0x0000000008003c58                __sinit_lock_acquire
                0x0000000008003c5c                __sinit_lock_release
                0x0000000008003c60                __fp_lock_all
                0x0000000008003c74                __fp_unlock_all
 .text          0x0000000008003c88      0x2ac /usr/lib/gcc/arm-none-eabi/10.3.1/../../../arm-none-eabi/lib/thumb/v7e-m+fp/hard/libg.a(lib_a-freer.o)
                0x0000000008003c88                _malloc_trim_r
                0x0000000008003d28                _free_r
 .text          0x0000000008003f34      0x2f0 /usr/lib/gcc/arm-none-eabi/10.3.1/../../../arm-none-eabi/lib/thumb/v7e-m+fp/hard/libg.a(lib_a-fvwrite.o)
                0x0000000008003f34                __sfvwrite_r
 .text          0x0000000008004224       0x88 /usr/lib/gcc/arm-none-eabi/10.3.1/../../../arm-none-eabi/lib/thumb/v7e-m+fp/hard/libg.a(lib_a-fwalk.o)
                0x0000000008004224                _fwalk
                0x0000000008004264                _fwalk_reent
 .text          0x00000000080042ac       0x14 /usr/lib/gcc/arm-none-eabi/10.3.1/../../../arm-none-eabi/lib/thumb/v7e-m+fp/hard/libg.a(lib_a-localeconv.o)
                0x00000000080042ac                __localeconv_l
                0x00000000080042b0                _localeconv_r
                0x00000000080042b8                localeconv
 .text          0x00000000080042c0      0x140 /usr/lib/gcc/arm-none-eabi/10.3.1/../../../arm-none-eabi/lib/thumb/v7e-m+fp/hard/libg.a(lib_a-makebuf.o)
                0x00000000080042c0                __smakebuf_r
                0x00000000080043a0                __swhatbuf_r
 .text          0x0000000008004400       0x20 /usr/lib/gcc/arm-none-eabi/10.3.1/../../../arm-none-eabi/lib/thumb/v7e-m+fp/hard/libg.a(lib_a-malloc.o)
                0x0000000008004400                malloc
                0x0000000008004410                free
 .text          0x0000000008004420      0x554 /usr/lib/gcc/arm-none-eabi/10.3.1/../../../arm-none-eabi/lib/thumb/v7e-m+fp/hard/libg.a(lib_a-mallocr.o)
                0x0000000008004420                _malloc_r
 *fill*         0x0000000008004974        0xc 
 .text          0x0000000008004980       0xa0 /usr/lib/gcc/arm-none-eabi/10.3.1/../../../arm-none-eabi/lib/thumb/v7e-m+fp/hard/libg.a(lib_a-memchr.o)
                0x0000000008004980                memchr
 .text          0x0000000008004a20      0x134 /usr/lib/gcc/arm-none-eabi/10.3.1/../../../arm-none-eabi/lib/thumb/v7e-m+fp/hard/libg.a(lib_a-memcpy.o)
                0x0000000008004a20                memcpy
 .text          0x0000000008004b54       0xf8 /usr/lib/gcc/arm-none-eabi/10.3.1/../../../arm-none-eabi/lib/thumb/v7e-m+fp/hard/libg.a(lib_a-memmove.o)
                0x0000000008004b54                memmove
 .text          0x0000000008004c4c        0x8 /usr/lib/gcc/arm-none-eabi/10.3.1/../../../arm-none-eabi/lib/thumb/v7e-m+fp/hard/libg.a(lib_a-mlock.o)
                0x0000000008004c4c                __malloc_lock
                0x0000000008004c50                __malloc_unlock
 .text          0x0000000008004c54      0xaa0 /usr/lib/gcc/arm-none-eabi/10.3.1/../../../arm-none-eabi/lib/thumb/v7e-m+fp/hard/libg.a(lib_a-mprec.o)
                0x0000000008004c54                _Balloc
                0x0000000008004ca0                _Bfree
                0x0000000008004cb4                __multadd
                0x0000000008004d5c                __s2b
                0x0000000008004e10                __hi0bits
                0x0000000008004e50                __lo0bits
                0x0000000008004eb0                __i2b
                0x0000000008004f0c                __multiply
                0x0000000008005068                __pow5mult
                0x0000000008005128                __lshift
                0x0000000008005218                __mcmp
                0x000000000800525c                __mdiff
                0x00000000080053a8                __ulp
                0x0000000008005408                __b2d
                0x00000000080054c8                __d2b
                0x0000000008005598                __ratio
                0x00000000080055f4                _mprec_log10
                0x0000000008005634                __copybits
                0x0000000008005690                __any_on
 .text          0x00000000080056f4       0xb8 /usr/lib/gcc/arm-none-eabi/10.3.1/../../../arm-none-eabi/lib/thumb/v7e-m+fp/hard/libg.a(lib_a-putc.o)
                0x00000000080056f4                _putc_r
                0x000000000800574c                putc
 .text          0x00000000080057ac      0x3d8 /usr/lib/gcc/arm-none-eabi/10.3.1/../../../arm-none-eabi/lib/thumb/v7e-m+fp/hard/libg.a(lib_a-reallocr.o)
                0x00000000080057ac                _realloc_r
 .text          0x0000000008005b84       0x90 /usr/lib/gcc/arm-none-eabi/10.3.1/../../../arm-none-eabi/lib/thumb/v7e-m+fp/hard/libg.a(lib_a-stdio.o)
                0x0000000008005b84                __sread
                0x0000000008005ba8                __seofread
                0x0000000008005bac                __swrite
                0x0000000008005bec                __sseek
                0x0000000008005c0c                __sclose
 .text          0x0000000008005c14      0xd44 /usr/lib/gcc/arm-none-eabi/10.3.1/../../../arm-none-eabi/lib/thumb/v7e-m+fp/hard/libg.a(lib_a-vfiprintf.o)
                0x0000000008005c8c                __sprint_r
                0x0000000008005ca4                _vfiprintf_r
                0x00000000080068d0                vfiprintf
 .text          0x0000000008006958       0xc8 /usr/lib/gcc/arm-none-eabi/10.3.1/../../../arm-none-eabi/lib/thumb/v7e-m+fp/hard/libg.a(lib_a-wbuf.o)
                0x0000000008006958                __swbuf_r
                0x0000000008006a08                __swbuf
 .text          0x0000000008006a20       0x4c /usr/lib/gcc/arm-none-eabi/10.3.1/../../../arm-none-eabi/lib/thumb/v7e-m+fp/hard/libg.a(lib_a-assert.o)
                0x0000000008006a20                __assert_func
                0x0000000008006a60                __assert
 .text          0x0000000008006a6c       0x60 /usr/lib/gcc/arm-none-eabi/10.3.1/../../../arm-none-eabi/lib/thumb/v7e-m+fp/hard/libg.a(lib_a-callocr.o)
                0x0000000008006a6c                _calloc_r
 .text          0x0000000008006acc       0xd4 /usr/lib/gcc/arm-none-eabi/10.3.1/../../../arm-none-eabi/lib/thumb/v7e-m+fp/hard/libg.a(lib_a-fclose.o)
                0x0000000008006b30                _fclose_r
                0x0000000008006b64                fclose
 .text          0x0000000008006ba0       0x44 /usr/lib/gcc/arm-none-eabi/10.3.1/../../../arm-none-eabi/lib/thumb/v7e-m+fp/hard/libg.a(lib_a-fiprintf.o)
                0x0000000008006ba0                _fiprintf_r
                0x0000000008006bbc                fiprintf
 .text          0x0000000008006be4      0x118 /usr/lib/gcc/arm-none-eabi/10.3.1/../../../arm-none-eabi/lib/thumb/v7e-m+fp/hard/libg.a(lib_a-fputwc.o)
                0x0000000008006be4                __fputwc
                0x0000000008006c8c                _fputwc_r
                0x0000000008006cb4                fputwc
 .text          0x0000000008006cfc       0x8c /usr/lib/gcc/arm-none-eabi/10.3.1/../../../arm-none-eabi/lib/thumb/v7e-m+fp/hard/libg.a(lib_a-locale.o)
                0x0000000008006cfc                _setlocale_r
                0x0000000008006d3c                __locale_mb_cur_max
                0x0000000008006d48                setlocale
 .text          0x0000000008006d88       0x40 /usr/lib/gcc/arm-none-eabi/10.3.1/../../../arm-none-eabi/lib/thumb/v7e-m+fp/hard/libg.a(lib_a-mbtowc_r.o)
                0x0000000008006d88                _mbtowc_r
                0x0000000008006d9c                __ascii_mbtowc
 *fill*         0x0000000008006dc8       0x18 
 .text          0x0000000008006de0      0x2dc /usr/lib/gcc/arm-none-eabi/10.3.1/../../../arm-none-eabi/lib/thumb/v7e-m+fp/hard/libg.a(lib_a-strcmp.o)
                0x0000000008006de8                strcmp
 .text          0x00000000080070bc       0x88 /usr/lib/gcc/arm-none-eabi/10.3.1/../../../arm-none-eabi/lib/thumb/v7e-m+fp/hard/libg.a(lib_a-wcrtomb.o)
                0x00000000080070bc                _wcrtomb_r
                0x00000000080070f8                wcrtomb
 .text          0x0000000008007144       0x30 /usr/lib/gcc/arm-none-eabi/10.3.1/../../../arm-none-eabi/lib/thumb/v7e-m+fp/hard/libg.a(lib_a-wctomb_r.o)
                0x0000000008007144                _wctomb_r
                0x0000000008007158                __ascii_wctomb
 .text          0x0000000008007174       0x10 /usr/lib/gcc/arm-none-eabi/10.3.1/../../../arm-none-eabi/lib/thumb/v7e-m+fp/hard/libg.a(lib_a-abort.o)
                0x0000000008007174                abort
 .text          0x0000000008007184      0x288 /usr/lib/gcc/arm-none-eabi/10.3.1/../../../arm-none-eabi/lib/thumb/v7e-m+fp/hard/libg.a(lib_a-signal.o)
                0x0000000008007184                _init_signal_r
                0x00000000080071b4                _signal_r
                0x0000000008007200                _raise_r
                0x0000000008007258                __sigtramp_r
                0x00000000080072bc                raise
                0x0000000008007318                signal
                0x000000000800736c                _init_signal
                0x00000000080073a4                __sigtramp
 .text          0x000000000800740c       0x30 /usr/lib/gcc/arm-none-eabi/10.3.1/../../../arm-none-eabi/lib/thumb/v7e-m+fp/hard/libg.a(lib_a-signalr.o)
                0x000000000800740c                _kill_r
                0x0000000008007438                _getpid_r
 .text          0x000000000800743c      0x424 /usr/lib/gcc/arm-none-eabi/10.3.1/thumb/v7e-m+fp/hard/libgcc.a(_arm_muldivdf3.o)
                0x000000000800743c                __aeabi_dmul
                0x000000000800743c                __muldf3
                0x0000000008007690                __aeabi_ddiv
                0x0000000008007690                __divdf3
 .text          0x0000000008007860      0x110 /usr/lib/gcc/arm-none-eabi/10.3.1/thumb/v7e-m+fp/hard/libgcc.a(_arm_cmpdf2.o)
                0x0000000008007860                __gtdf2
                0x0000000008007860                __gedf2
                0x0000000008007868                __ltdf2
                0x0000000008007868                __ledf2
                0x0000000008007870                __cmpdf2
                0x0000000008007870                __eqdf2
                0x0000000008007870                __nedf2
                0x00000000080078ec                __aeabi_cdrcmple
                0x00000000080078fc                __aeabi_cdcmple
                0x00000000080078fc                __aeabi_cdcmpeq
                0x000000000800790c                __aeabi_dcmpeq
                0x0000000008007920                __aeabi_dcmplt
                0x0000000008007934                __aeabi_dcmple
                0x0000000008007948                __aeabi_dcmpge
                0x000000000800795c                __aeabi_dcmpgt
 .text          0x0000000008007970       0x2c /usr/lib/gcc/arm-none-eabi/10.3.1/thumb/v7e-m+fp/hard/libgcc.a(_arm_unorddf2.o)
                0x0000000008007970                __aeabi_dcmpun
                0x0000000008007970                __unorddf2
 .text          0x000000000800799c       0x30 /usr/lib/gcc/arm-none-eabi/10.3.1/thumb/v7e-m+fp/hard/libgcc.a(_aeabi_uldivmod.o)
                0x000000000800799c                __aeabi_uldivmod
 .text          0x00000000080079cc      0x2d0 /usr/lib/gcc/arm-none-eabi/10.3.1/thumb/v7e-m+fp/hard/libgcc.a(_udivmoddi4.o)
                0x00000000080079cc                __udivmoddi4
 .text          0x0000000008007c9c        0x4 /usr/lib/gcc/arm-none-eabi/10.3.1/thumb/v7e-m+fp/hard/libgcc.a(_dvmd_tls.o)
                0x0000000008007c9c                __aeabi_ldiv0
                0x0000000008007c9c                __aeabi_idiv0
 .text          0x0000000008007ca0       0x10 /usr/lib/gcc/arm-none-eabi/10.3.1/../../../arm-none-eabi/lib/thumb/v7e-m+fp/hard/libnosys.a(getpid.o)
                0x0000000008007ca0                _getpid
 .text          0x0000000008007cb0       0x10 /usr/lib/gcc/arm-none-eabi/10.3.1/../../../arm-none-eabi/lib/thumb/v7e-m+fp/hard/libnosys.a(kill.o)
                0x0000000008007cb0                _kill
 .text          0x0000000008007cc0        0x4 /usr/lib/gcc/arm-none-eabi/10.3.1/../../../arm-none-eabi/lib/thumb/v7e-m+fp/hard/libnosys.a(_exit.o)
                0x0000000008007cc0                _exit
 *(.text*)
 .text.CmdLED   0x0000000008007cc4       0x5c build/main.o
                0x0000000008007cc4                CmdLED
 .text.CmdAccel
                0x0000000008007d20       0x28 build/main.o
                0x0000000008007d20                CmdAccel
 .text.CmdGyro  0x0000000008007d48       0x4c build/main.o
                0x0000000008007d48                CmdGyro
 .text.CmdButton
                0x0000000008007d94       0x2c build/main.o
                0x0000000008007d94                CmdButton
 .text.Error_Handler
                0x0000000008007dc0        0xa build/main.o
                0x0000000008007dc0                Error_Handler
 *fill*         0x0000000008007dca        0x2 
 .text.startup.main
                0x0000000008007dcc       0x9c build/main.o
                0x0000000008007dcc                main
 .text.SysTick_Handler
                0x0000000008007e68       0x12 build/main.o
                0x0000000008007e68                SysTick_Handler
 *fill*         0x0000000008007e7a        0x2 
 .text._jp_A4   0x0000000008007e7c       0x5c build/mes/jp_hook.o
                0x0000000008007e7c                _jp_A4
 .text._jp_A3   0x0000000008007ed8       0x84 build/mes/jp_hook.o
                0x0000000008007ed8                _jp_A3
 .text.AddTest  0x0000000008007f5c       0x44 build/mes/jp_hook.o
                0x0000000008007f5c                AddTest
 .text._jp_A2   0x0000000008007fa0       0x50 build/mes/jp_hook.o
                0x0000000008007fa0                _jp_A2
 .text.CmdTest  0x0000000008007ff0       0x30 build/mytest.o
                0x0000000008007ff0                CmdTest
 .text.CmdW     0x0000000008008020       0x1c build/monitor.o
                0x0000000008008020                CmdW
 .text.CmdR     0x000000000800803c       0x20 build/monitor.o
                0x000000000800803c                CmdR
 .text.parse    0x000000000800805c       0xf8 build/parser.o
                0x000000000800805c                parse
 .text.TaskInput
                0x0000000008008154      0x13c build/parser.o
                0x0000000008008154                TaskInput
 .text.fetch_uint32_arg
                0x0000000008008290       0x28 build/parser.o
                0x0000000008008290                fetch_uint32_arg
 .text.fetch_string_arg
                0x00000000080082b8       0x20 build/parser.o
                0x00000000080082b8                fetch_string_arg
 .text.DumpBuffer
                0x00000000080082d8       0xb0 build/dump.o
                0x00000000080082d8                DumpBuffer
 .text.CmdDump  0x0000000008008388       0x54 build/dump.o
                0x0000000008008388                CmdDump
 .text._sbrk_r  0x00000000080083dc       0x30 build/syscall.o
                0x00000000080083dc                _sbrk_r
 .text._close_r
                0x000000000800840c        0x6 build/syscall.o
                0x000000000800840c                _close_r
 .text._fstat_r
                0x0000000008008412        0xa build/syscall.o
                0x0000000008008412                _fstat_r
 .text._isatty_r
                0x000000000800841c        0x4 build/syscall.o
                0x000000000800841c                _isatty_r
 .text._lseek_r
                0x0000000008008420        0x4 build/syscall.o
                0x0000000008008420                _lseek_r
 .text.USBD_CDC_DataIn
                0x0000000008008424       0x7c build/terminal.o
 .text.CmdStats
                0x00000000080084a0       0x4c build/terminal.o
                0x00000000080084a0                CmdStats
 .text.TerminalInit
                0x00000000080084ec       0x7c build/terminal.o
                0x00000000080084ec                TerminalInit
 .text.TerminalRead
                0x0000000008008568       0x4c build/terminal.o
                0x0000000008008568                TerminalRead
 .text._read_r  0x00000000080085b4        0xa build/terminal.o
                0x00000000080085b4                _read_r
 .text.TerminalReadNonBlock
                0x00000000080085be       0x10 build/terminal.o
                0x00000000080085be                TerminalReadNonBlock
 .text.TerminalReadAnyNonBlock
                0x00000000080085ce       0x12 build/terminal.o
                0x00000000080085ce                TerminalReadAnyNonBlock
 .text.TerminalOutputBufferWrite
                0x00000000080085e0       0xe8 build/terminal.o
                0x00000000080085e0                TerminalOutputBufferWrite
 .text._write_r
                0x00000000080086c8       0x40 build/terminal.o
                0x00000000080086c8                _write_r
 .text.TerminalInputBufferWrite
                0x0000000008008708       0x64 build/terminal.o
                0x0000000008008708                TerminalInputBufferWrite
 .text.USB_LP_CAN_RX0_IRQHandler
                0x000000000800876c        0xc build/terminal.o
                0x000000000800876c                USB_LP_CAN_RX0_IRQHandler
 .text.Uncompress
                0x0000000008008778       0x7c build/decoder/decoder.o
 .text.DecodeReadRegister
                0x00000000080087f4       0x54 build/decoder/decoder.o
                0x00000000080087f4                DecodeReadRegister
 .text.DecodeWriteRegister
                0x0000000008008848       0x54 build/decoder/decoder.o
                0x0000000008008848                DecodeWriteRegister
 .text.DecodeField
                0x000000000800889c       0x50 build/decoder/decoder.o
                0x000000000800889c                DecodeField
 .text.DecodeRegister
                0x00000000080088ec       0x60 build/decoder/decoder.o
                0x00000000080088ec                DecodeRegister
 .text.DecodePeripheral
                0x000000000800894c       0x54 build/decoder/decoder.o
                0x000000000800894c                DecodePeripheral
 .text.DecodePrintPeripherals
                0x00000000080089a0       0x54 build/decoder/decoder.o
                0x00000000080089a0                DecodePrintPeripherals
 .text.DecodePrintRegisters
                0x00000000080089f4       0x64 build/decoder/decoder.o
                0x00000000080089f4                DecodePrintRegisters
 .text.CmdDecode
                0x0000000008008a58      0x270 build/decoder/decoder.o
                0x0000000008008a58                CmdDecode
 .text.SystemInit
                0x0000000008008cc8       0x68 build/Drivers/CMSIS/Device/ST/STM32F3xx/Source/Templates/system_stm32f3xx.o
                0x0000000008008cc8                SystemInit
 .text.HAL_RCC_OscConfig
                0x0000000008008d30      0x5bc build/Drivers/STM32F3xx_HAL_Driver/Src/stm32f3xx_hal_rcc.o
                0x0000000008008d30                HAL_RCC_OscConfig
 .text.HAL_RCC_ClockConfig
                0x00000000080092ec      0x2b0 build/Drivers/STM32F3xx_HAL_Driver/Src/stm32f3xx_hal_rcc.o
                0x00000000080092ec                HAL_RCC_ClockConfig
 .text.HAL_RCC_GetSysClockFreq
                0x000000000800959c       0x6c build/Drivers/STM32F3xx_HAL_Driver/Src/stm32f3xx_hal_rcc.o
                0x000000000800959c                HAL_RCC_GetSysClockFreq
 .text.HAL_RCC_GetHCLKFreq
                0x0000000008009608       0x38 build/Drivers/STM32F3xx_HAL_Driver/Src/stm32f3xx_hal_rcc.o
                0x0000000008009608                HAL_RCC_GetHCLKFreq
 .text.HAL_MspInit
                0x0000000008009640        0x2 build/Drivers/STM32F3xx_HAL_Driver/Src/stm32f3xx_hal.o
                0x0000000008009640                HAL_MspInit
 .text.HAL_InitTick
                0x0000000008009642       0x28 build/Drivers/STM32F3xx_HAL_Driver/Src/stm32f3xx_hal.o
                0x0000000008009642                HAL_InitTick
 *fill*         0x000000000800966a        0x2 
 .text.HAL_Init
                0x000000000800966c       0x24 build/Drivers/STM32F3xx_HAL_Driver/Src/stm32f3xx_hal.o
                0x000000000800966c                HAL_Init
 .text.HAL_IncTick
                0x0000000008009690       0x10 build/Drivers/STM32F3xx_HAL_Driver/Src/stm32f3xx_hal.o
                0x0000000008009690                HAL_IncTick
 .text.HAL_GetTick
                0x00000000080096a0        0xc build/Drivers/STM32F3xx_HAL_Driver/Src/stm32f3xx_hal.o
                0x00000000080096a0                HAL_GetTick
 .text.HAL_Delay
                0x00000000080096ac       0x1a build/Drivers/STM32F3xx_HAL_Driver/Src/stm32f3xx_hal.o
                0x00000000080096ac                HAL_Delay
 *fill*         0x00000000080096c6        0x2 
 .text.HAL_NVIC_SetPriorityGrouping
                0x00000000080096c8       0x24 build/Drivers/STM32F3xx_HAL_Driver/Src/stm32f3xx_hal_cortex.o
                0x00000000080096c8                HAL_NVIC_SetPriorityGrouping
 .text.HAL_NVIC_SetPriority
                0x00000000080096ec       0x68 build/Drivers/STM32F3xx_HAL_Driver/Src/stm32f3xx_hal_cortex.o
                0x00000000080096ec                HAL_NVIC_SetPriority
 .text.HAL_NVIC_EnableIRQ
                0x0000000008009754       0x18 build/Drivers/STM32F3xx_HAL_Driver/Src/stm32f3xx_hal_cortex.o
                0x0000000008009754                HAL_NVIC_EnableIRQ
 .text.HAL_SYSTICK_Config
                0x000000000800976c       0x28 build/Drivers/STM32F3xx_HAL_Driver/Src/stm32f3xx_hal_cortex.o
                0x000000000800976c                HAL_SYSTICK_Config
 .text.HAL_GPIO_Init
                0x0000000008009794      0x188 build/Drivers/STM32F3xx_HAL_Driver/Src/stm32f3xx_hal_gpio.o
                0x0000000008009794                HAL_GPIO_Init
 .text.HAL_GPIO_ReadPin
                0x000000000800991c        0xc build/Drivers/STM32F3xx_HAL_Driver/Src/stm32f3xx_hal_gpio.o
                0x000000000800991c                HAL_GPIO_ReadPin
 .text.HAL_GPIO_WritePin
                0x0000000008009928        0xa build/Drivers/STM32F3xx_HAL_Driver/Src/stm32f3xx_hal_gpio.o
                0x0000000008009928                HAL_GPIO_WritePin
 .text.HAL_GPIO_TogglePin
                0x0000000008009932        0x8 build/Drivers/STM32F3xx_HAL_Driver/Src/stm32f3xx_hal_gpio.o
                0x0000000008009932                HAL_GPIO_TogglePin
 .text.HAL_PCD_Init
                0x000000000800993a       0x92 build/Drivers/STM32F3xx_HAL_Driver/Src/stm32f3xx_hal_pcd.o
                0x000000000800993a                HAL_PCD_Init
 .text.HAL_PCD_Start
                0x00000000080099cc        0xc build/Drivers/STM32F3xx_HAL_Driver/Src/stm32f3xx_hal_pcd.o
                0x00000000080099cc                HAL_PCD_Start
 .text.HAL_PCD_SetAddress
                0x00000000080099d8       0x2c build/Drivers/STM32F3xx_HAL_Driver/Src/stm32f3xx_hal_pcd.o
                0x00000000080099d8                HAL_PCD_SetAddress
 .text.HAL_PCD_EP_Open
                0x0000000008009a04      0x2e4 build/Drivers/STM32F3xx_HAL_Driver/Src/stm32f3xx_hal_pcd.o
                0x0000000008009a04                HAL_PCD_EP_Open
 .text.HAL_PCD_EP_Close
                0x0000000008009ce8      0x1b8 build/Drivers/STM32F3xx_HAL_Driver/Src/stm32f3xx_hal_pcd.o
                0x0000000008009ce8                HAL_PCD_EP_Close
 .text.HAL_PCD_EP_Receive
                0x0000000008009ea0       0xc8 build/Drivers/STM32F3xx_HAL_Driver/Src/stm32f3xx_hal_pcd.o
                0x0000000008009ea0                HAL_PCD_EP_Receive
 .text.HAL_PCD_EP_GetRxCount
                0x0000000008009f68       0x10 build/Drivers/STM32F3xx_HAL_Driver/Src/stm32f3xx_hal_pcd.o
                0x0000000008009f68                HAL_PCD_EP_GetRxCount
 .text.HAL_PCD_EP_Transmit
                0x0000000008009f78      0x116 build/Drivers/STM32F3xx_HAL_Driver/Src/stm32f3xx_hal_pcd.o
                0x0000000008009f78                HAL_PCD_EP_Transmit
 *fill*         0x000000000800a08e        0x2 
 .text.HAL_PCD_IRQHandler
                0x000000000800a090      0x488 build/Drivers/STM32F3xx_HAL_Driver/Src/stm32f3xx_hal_pcd.o
                0x000000000800a090                HAL_PCD_IRQHandler
 .text.HAL_PCD_EP_SetStall
                0x000000000800a518       0xa0 build/Drivers/STM32F3xx_HAL_Driver/Src/stm32f3xx_hal_pcd.o
                0x000000000800a518                HAL_PCD_EP_SetStall
 .text.HAL_PCD_EP_ClrStall
                0x000000000800a5b8       0xbc build/Drivers/STM32F3xx_HAL_Driver/Src/stm32f3xx_hal_pcd.o
                0x000000000800a5b8                HAL_PCD_EP_ClrStall
 .text.HAL_PCDEx_PMAConfig
                0x000000000800a674       0x36 build/Drivers/STM32F3xx_HAL_Driver/Src/stm32f3xx_hal_pcd_ex.o
                0x000000000800a674                HAL_PCDEx_PMAConfig
 .text.PCD_WritePMA
                0x000000000800a6aa       0x1c build/Drivers/STM32F3xx_HAL_Driver/Src/stm32f3xx_hal_pcd_ex.o
                0x000000000800a6aa                PCD_WritePMA
 .text.PCD_ReadPMA
                0x000000000800a6c6       0x1c build/Drivers/STM32F3xx_HAL_Driver/Src/stm32f3xx_hal_pcd_ex.o
                0x000000000800a6c6                PCD_ReadPMA
 .text.HAL_PCDEx_SetConnectionState
                0x000000000800a6e2        0x2 build/Drivers/STM32F3xx_HAL_Driver/Src/stm32f3xx_hal_pcd_ex.o
                0x000000000800a6e2                HAL_PCDEx_SetConnectionState
 .text.I2C_TransferConfig
                0x000000000800a6e4       0x2a build/Drivers/STM32F3xx_HAL_Driver/Src/stm32f3xx_hal_i2c.o
 .text.I2C_IsAcknowledgeFailed
                0x000000000800a70e       0x98 build/Drivers/STM32F3xx_HAL_Driver/Src/stm32f3xx_hal_i2c.o
 .text.I2C_WaitOnTXISFlagUntilTimeout
                0x000000000800a7a6       0x54 build/Drivers/STM32F3xx_HAL_Driver/Src/stm32f3xx_hal_i2c.o
 .text.I2C_WaitOnFlagUntilTimeout
                0x000000000800a7fa       0x64 build/Drivers/STM32F3xx_HAL_Driver/Src/stm32f3xx_hal_i2c.o
 .text.I2C_RequestMemoryWrite
                0x000000000800a85e       0x66 build/Drivers/STM32F3xx_HAL_Driver/Src/stm32f3xx_hal_i2c.o
 .text.I2C_RequestMemoryRead
                0x000000000800a8c4       0x64 build/Drivers/STM32F3xx_HAL_Driver/Src/stm32f3xx_hal_i2c.o
 .text.I2C_WaitOnSTOPFlagUntilTimeout
                0x000000000800a928       0x50 build/Drivers/STM32F3xx_HAL_Driver/Src/stm32f3xx_hal_i2c.o
 .text.HAL_I2C_MspInit
                0x000000000800a978        0x2 build/Drivers/STM32F3xx_HAL_Driver/Src/stm32f3xx_hal_i2c.o
                0x000000000800a978                HAL_I2C_MspInit
 .text.HAL_I2C_Init
                0x000000000800a97a       0x90 build/Drivers/STM32F3xx_HAL_Driver/Src/stm32f3xx_hal_i2c.o
                0x000000000800a97a                HAL_I2C_Init
 .text.HAL_I2C_MspDeInit
                0x000000000800aa0a        0x2 build/Drivers/STM32F3xx_HAL_Driver/Src/stm32f3xx_hal_i2c.o
                0x000000000800aa0a                HAL_I2C_MspDeInit
 .text.HAL_I2C_DeInit
                0x000000000800aa0c       0x2e build/Drivers/STM32F3xx_HAL_Driver/Src/stm32f3xx_hal_i2c.o
                0x000000000800aa0c                HAL_I2C_DeInit
 .text.HAL_I2C_Mem_Write
                0x000000000800aa3a      0x104 build/Drivers/STM32F3xx_HAL_Driver/Src/stm32f3xx_hal_i2c.o
                0x000000000800aa3a                HAL_I2C_Mem_Write
 .text.HAL_I2C_Mem_Read
                0x000000000800ab3e      0x10e build/Drivers/STM32F3xx_HAL_Driver/Src/stm32f3xx_hal_i2c.o
                0x000000000800ab3e                HAL_I2C_Mem_Read
 .text.HAL_I2C_GetState
                0x000000000800ac4c        0x6 build/Drivers/STM32F3xx_HAL_Driver/Src/stm32f3xx_hal_i2c.o
                0x000000000800ac4c                HAL_I2C_GetState
 .text.SPI_WaitFifoStateUntilTimeout
                0x000000000800ac52       0x94 build/Drivers/STM32F3xx_HAL_Driver/Src/stm32f3xx_hal_spi.o
 .text.SPI_WaitFlagStateUntilTimeout
                0x000000000800ace6       0x82 build/Drivers/STM32F3xx_HAL_Driver/Src/stm32f3xx_hal_spi.o
 .text.SPI_EndRxTxTransaction
                0x000000000800ad68       0x4c build/Drivers/STM32F3xx_HAL_Driver/Src/stm32f3xx_hal_spi.o
 .text.HAL_SPI_MspInit
                0x000000000800adb4        0x2 build/Drivers/STM32F3xx_HAL_Driver/Src/stm32f3xx_hal_spi.o
                0x000000000800adb4                HAL_SPI_MspInit
 .text.HAL_SPI_Init
                0x000000000800adb6       0xa4 build/Drivers/STM32F3xx_HAL_Driver/Src/stm32f3xx_hal_spi.o
                0x000000000800adb6                HAL_SPI_Init
 .text.HAL_SPI_MspDeInit
                0x000000000800ae5a        0x2 build/Drivers/STM32F3xx_HAL_Driver/Src/stm32f3xx_hal_spi.o
                0x000000000800ae5a                HAL_SPI_MspDeInit
 .text.HAL_SPI_DeInit
                0x000000000800ae5c       0x2a build/Drivers/STM32F3xx_HAL_Driver/Src/stm32f3xx_hal_spi.o
                0x000000000800ae5c                HAL_SPI_DeInit
 .text.HAL_SPI_TransmitReceive
                0x000000000800ae86      0x270 build/Drivers/STM32F3xx_HAL_Driver/Src/stm32f3xx_hal_spi.o
                0x000000000800ae86                HAL_SPI_TransmitReceive
 .text.HAL_SPI_GetState
                0x000000000800b0f6        0x6 build/Drivers/STM32F3xx_HAL_Driver/Src/stm32f3xx_hal_spi.o
                0x000000000800b0f6                HAL_SPI_GetState
 .text.USBD_Init
                0x000000000800b0fc       0x2a build/Drivers/STM32_USB_Device_Library/Core/Src/usbd_core.o
                0x000000000800b0fc                USBD_Init
 .text.USBD_RegisterClass
                0x000000000800b126        0xe build/Drivers/STM32_USB_Device_Library/Core/Src/usbd_core.o
                0x000000000800b126                USBD_RegisterClass
 .text.USBD_Start
                0x000000000800b134        0xa build/Drivers/STM32_USB_Device_Library/Core/Src/usbd_core.o
                0x000000000800b134                USBD_Start
 .text.USBD_SetClassConfig
                0x000000000800b13e       0x16 build/Drivers/STM32_USB_Device_Library/Core/Src/usbd_core.o
                0x000000000800b13e                USBD_SetClassConfig
 .text.USBD_ClrClassConfig
                0x000000000800b154        0xe build/Drivers/STM32_USB_Device_Library/Core/Src/usbd_core.o
                0x000000000800b154                USBD_ClrClassConfig
 .text.USBD_LL_SetupStage
                0x000000000800b162       0x5a build/Drivers/STM32_USB_Device_Library/Core/Src/usbd_core.o
                0x000000000800b162                USBD_LL_SetupStage
 .text.USBD_LL_DataOutStage
                0x000000000800b1bc       0x60 build/Drivers/STM32_USB_Device_Library/Core/Src/usbd_core.o
                0x000000000800b1bc                USBD_LL_DataOutStage
 .text.USBD_LL_DataInStage
                0x000000000800b21c       0x8c build/Drivers/STM32_USB_Device_Library/Core/Src/usbd_core.o
                0x000000000800b21c                USBD_LL_DataInStage
 .text.USBD_LL_Reset
                0x000000000800b2a8       0x3e build/Drivers/STM32_USB_Device_Library/Core/Src/usbd_core.o
                0x000000000800b2a8                USBD_LL_Reset
 .text.USBD_LL_SetSpeed
                0x000000000800b2e6        0x6 build/Drivers/STM32_USB_Device_Library/Core/Src/usbd_core.o
                0x000000000800b2e6                USBD_LL_SetSpeed
 .text.USBD_LL_SOF
                0x000000000800b2ec       0x18 build/Drivers/STM32_USB_Device_Library/Core/Src/usbd_core.o
                0x000000000800b2ec                USBD_LL_SOF
 .text.USBD_CtlError.constprop.0
                0x000000000800b304       0x16 build/Drivers/STM32_USB_Device_Library/Core/Src/usbd_ctlreq.o
 *fill*         0x000000000800b31a        0x2 
 .text.USBD_StdDevReq
                0x000000000800b31c      0x1f4 build/Drivers/STM32_USB_Device_Library/Core/Src/usbd_ctlreq.o
                0x000000000800b31c                USBD_StdDevReq
 .text.USBD_StdItfReq
                0x000000000800b510       0x30 build/Drivers/STM32_USB_Device_Library/Core/Src/usbd_ctlreq.o
                0x000000000800b510                USBD_StdItfReq
 .text.USBD_StdEPReq
                0x000000000800b540       0xae build/Drivers/STM32_USB_Device_Library/Core/Src/usbd_ctlreq.o
                0x000000000800b540                USBD_StdEPReq
 .text.USBD_ParseSetupRequest
                0x000000000800b5ee       0x28 build/Drivers/STM32_USB_Device_Library/Core/Src/usbd_ctlreq.o
                0x000000000800b5ee                USBD_ParseSetupRequest
 .text.USBD_GetString
                0x000000000800b616       0x38 build/Drivers/STM32_USB_Device_Library/Core/Src/usbd_ctlreq.o
                0x000000000800b616                USBD_GetString
 .text.USBD_CtlSendData
                0x000000000800b64e       0x1a build/Drivers/STM32_USB_Device_Library/Core/Src/usbd_ioreq.o
                0x000000000800b64e                USBD_CtlSendData
 .text.USBD_CtlContinueSendData
                0x000000000800b668       0x10 build/Drivers/STM32_USB_Device_Library/Core/Src/usbd_ioreq.o
                0x000000000800b668                USBD_CtlContinueSendData
 .text.USBD_CtlPrepareRx
                0x000000000800b678       0x1a build/Drivers/STM32_USB_Device_Library/Core/Src/usbd_ioreq.o
                0x000000000800b678                USBD_CtlPrepareRx
 .text.USBD_CtlContinueRx
                0x000000000800b692       0x10 build/Drivers/STM32_USB_Device_Library/Core/Src/usbd_ioreq.o
                0x000000000800b692                USBD_CtlContinueRx
 .text.USBD_CtlSendStatus
                0x000000000800b6a2       0x16 build/Drivers/STM32_USB_Device_Library/Core/Src/usbd_ioreq.o
                0x000000000800b6a2                USBD_CtlSendStatus
 .text.USBD_CtlReceiveStatus
                0x000000000800b6b8       0x16 build/Drivers/STM32_USB_Device_Library/Core/Src/usbd_ioreq.o
                0x000000000800b6b8                USBD_CtlReceiveStatus
 .text.USBD_CDC_DataIn
                0x000000000800b6ce       0x12 build/Drivers/STM32_USB_Device_Library/Class/CDC/Src/usbd_cdc.o
 .text.USBD_CDC_EP0_RxReady
                0x000000000800b6e0       0x28 build/Drivers/STM32_USB_Device_Library/Class/CDC/Src/usbd_cdc.o
 .text.USBD_CDC_GetFSCfgDesc
                0x000000000800b708        0xc build/Drivers/STM32_USB_Device_Library/Class/CDC/Src/usbd_cdc.o
 .text.USBD_CDC_GetHSCfgDesc
                0x000000000800b714        0xc build/Drivers/STM32_USB_Device_Library/Class/CDC/Src/usbd_cdc.o
 .text.USBD_CDC_GetOtherSpeedCfgDesc
                0x000000000800b720        0xc build/Drivers/STM32_USB_Device_Library/Class/CDC/Src/usbd_cdc.o
 .text.USBD_CDC_GetDeviceQualifierDescriptor
                0x000000000800b72c        0xc build/Drivers/STM32_USB_Device_Library/Class/CDC/Src/usbd_cdc.o
                0x000000000800b72c                USBD_CDC_GetDeviceQualifierDescriptor
 .text.USBD_CDC_DataOut
                0x000000000800b738       0x2e build/Drivers/STM32_USB_Device_Library/Class/CDC/Src/usbd_cdc.o
 .text.USBD_CDC_Setup
                0x000000000800b766       0x56 build/Drivers/STM32_USB_Device_Library/Class/CDC/Src/usbd_cdc.o
 .text.USBD_CDC_DeInit
                0x000000000800b7bc       0x3a build/Drivers/STM32_USB_Device_Library/Class/CDC/Src/usbd_cdc.o
 .text.USBD_CDC_Init
                0x000000000800b7f6       0x8c build/Drivers/STM32_USB_Device_Library/Class/CDC/Src/usbd_cdc.o
 .text.USBD_CDC_RegisterInterface
                0x000000000800b882        0xe build/Drivers/STM32_USB_Device_Library/Class/CDC/Src/usbd_cdc.o
                0x000000000800b882                USBD_CDC_RegisterInterface
 .text.USBD_CDC_SetTxBuffer
                0x000000000800b890       0x10 build/Drivers/STM32_USB_Device_Library/Class/CDC/Src/usbd_cdc.o
                0x000000000800b890                USBD_CDC_SetTxBuffer
 .text.USBD_CDC_SetRxBuffer
                0x000000000800b8a0        0xc build/Drivers/STM32_USB_Device_Library/Class/CDC/Src/usbd_cdc.o
                0x000000000800b8a0                USBD_CDC_SetRxBuffer
 .text.USBD_CDC_TransmitPacket
                0x000000000800b8ac       0x2e build/Drivers/STM32_USB_Device_Library/Class/CDC/Src/usbd_cdc.o
                0x000000000800b8ac                USBD_CDC_TransmitPacket
 .text.USBD_CDC_ReceivePacket
                0x000000000800b8da       0x2e build/Drivers/STM32_USB_Device_Library/Class/CDC/Src/usbd_cdc.o
                0x000000000800b8da                USBD_CDC_ReceivePacket
 .text.HAL_PCD_MspInit
                0x000000000800b908       0x98 build/usbd_conf.o
                0x000000000800b908                HAL_PCD_MspInit
 .text.HAL_PCD_SetupStageCallback
                0x000000000800b9a0        0xc build/usbd_conf.o
                0x000000000800b9a0                HAL_PCD_SetupStageCallback
 .text.HAL_PCD_DataOutStageCallback
                0x000000000800b9ac       0x12 build/usbd_conf.o
                0x000000000800b9ac                HAL_PCD_DataOutStageCallback
 .text.HAL_PCD_DataInStageCallback
                0x000000000800b9be       0x10 build/usbd_conf.o
                0x000000000800b9be                HAL_PCD_DataInStageCallback
 .text.HAL_PCD_SOFCallback
                0x000000000800b9ce        0x8 build/usbd_conf.o
                0x000000000800b9ce                HAL_PCD_SOFCallback
 .text.HAL_PCD_ResetCallback
                0x000000000800b9d6       0x1a build/usbd_conf.o
                0x000000000800b9d6                HAL_PCD_ResetCallback
 .text.HAL_PCD_SuspendCallback
                0x000000000800b9f0        0x2 build/usbd_conf.o
                0x000000000800b9f0                HAL_PCD_SuspendCallback
 .text.HAL_PCD_ResumeCallback
                0x000000000800b9f2        0x2 build/usbd_conf.o
                0x000000000800b9f2                HAL_PCD_ResumeCallback
 .text.USBD_LL_Init
                0x000000000800b9f4       0x7c build/usbd_conf.o
                0x000000000800b9f4                USBD_LL_Init
 .text.USBD_LL_Start
                0x000000000800ba70        0xe build/usbd_conf.o
                0x000000000800ba70                USBD_LL_Start
 .text.USBD_LL_OpenEP
                0x000000000800ba7e       0x14 build/usbd_conf.o
                0x000000000800ba7e                USBD_LL_OpenEP
 .text.USBD_LL_CloseEP
                0x000000000800ba92        0xe build/usbd_conf.o
                0x000000000800ba92                USBD_LL_CloseEP
 .text.USBD_LL_StallEP
                0x000000000800baa0        0xe build/usbd_conf.o
                0x000000000800baa0                USBD_LL_StallEP
 .text.USBD_LL_ClearStallEP
                0x000000000800baae        0xe build/usbd_conf.o
                0x000000000800baae                USBD_LL_ClearStallEP
 .text.USBD_LL_IsStallEP
                0x000000000800babc       0x26 build/usbd_conf.o
                0x000000000800babc                USBD_LL_IsStallEP
 .text.USBD_LL_SetUSBAddress
                0x000000000800bae2        0xe build/usbd_conf.o
                0x000000000800bae2                USBD_LL_SetUSBAddress
 .text.USBD_LL_Transmit
                0x000000000800baf0        0xe build/usbd_conf.o
                0x000000000800baf0                USBD_LL_Transmit
 .text.USBD_LL_PrepareReceive
                0x000000000800bafe        0xe build/usbd_conf.o
                0x000000000800bafe                USBD_LL_PrepareReceive
 .text.USBD_LL_GetRxDataSize
                0x000000000800bb0c        0xc build/usbd_conf.o
                0x000000000800bb0c                USBD_LL_GetRxDataSize
 .text.USBD_static_malloc
                0x000000000800bb18        0x8 build/usbd_conf.o
                0x000000000800bb18                USBD_static_malloc
 .text.USBD_static_free
                0x000000000800bb20        0x2 build/usbd_conf.o
                0x000000000800bb20                USBD_static_free
 *fill*         0x000000000800bb22        0x2 
 .text.USBD_VCP_DeviceDescriptor
                0x000000000800bb24        0xc build/usbd_desc.o
                0x000000000800bb24                USBD_VCP_DeviceDescriptor
 .text.USBD_VCP_LangIDStrDescriptor
                0x000000000800bb30        0xc build/usbd_desc.o
                0x000000000800bb30                USBD_VCP_LangIDStrDescriptor
 .text.IntToUnicode
                0x000000000800bb3c       0x2a build/usbd_desc.o
 *fill*         0x000000000800bb66        0x2 
 .text.USBD_VCP_SerialStrDescriptor
                0x000000000800bb68       0x3c build/usbd_desc.o
                0x000000000800bb68                USBD_VCP_SerialStrDescriptor
 .text.USBD_VCP_ProductStrDescriptor
                0x000000000800bba4       0x1c build/usbd_desc.o
                0x000000000800bba4                USBD_VCP_ProductStrDescriptor
 .text.USBD_VCP_ManufacturerStrDescriptor
                0x000000000800bbc0       0x1c build/usbd_desc.o
                0x000000000800bbc0                USBD_VCP_ManufacturerStrDescriptor
 .text.USBD_VCP_ConfigStrDescriptor
                0x000000000800bbdc       0x1c build/usbd_desc.o
                0x000000000800bbdc                USBD_VCP_ConfigStrDescriptor
 .text.USBD_VCP_InterfaceStrDescriptor
                0x000000000800bbf8       0x1c build/usbd_desc.o
                0x000000000800bbf8                USBD_VCP_InterfaceStrDescriptor
 .text.CDC_Itf_DeInit
                0x000000000800bc14        0x4 build/usbd_cdc_interface.o
 .text.CDC_Itf_Control
                0x000000000800bc18       0x48 build/usbd_cdc_interface.o
 .text.CDC_Itf_Receive
                0x000000000800bc60       0x1c build/usbd_cdc_interface.o
 .text.CDC_Itf_Init
                0x000000000800bc7c       0x18 build/usbd_cdc_interface.o
 .text.SPIx_Init
                0x000000000800bc94       0x88 build/Drivers/BSP/STM32F3-Discovery/stm32f3_discovery.o
 .text.SPIx_WriteRead
                0x000000000800bd1c       0x40 build/Drivers/BSP/STM32F3-Discovery/stm32f3_discovery.o
 .text.I2Cx_Init
                0x000000000800bd5c       0x74 build/Drivers/BSP/STM32F3-Discovery/stm32f3_discovery.o
 .text.BSP_LED_Init
                0x000000000800bdd0       0x6c build/Drivers/BSP/STM32F3-Discovery/stm32f3_discovery.o
                0x000000000800bdd0                BSP_LED_Init
 .text.BSP_LED_On
                0x000000000800be3c       0x1c build/Drivers/BSP/STM32F3-Discovery/stm32f3_discovery.o
                0x000000000800be3c                BSP_LED_On
 .text.BSP_LED_Off
                0x000000000800be58       0x1c build/Drivers/BSP/STM32F3-Discovery/stm32f3_discovery.o
                0x000000000800be58                BSP_LED_Off
 .text.BSP_LED_Toggle
                0x000000000800be74       0x18 build/Drivers/BSP/STM32F3-Discovery/stm32f3_discovery.o
                0x000000000800be74                BSP_LED_Toggle
 .text.BSP_PB_Init
                0x000000000800be8c       0x74 build/Drivers/BSP/STM32F3-Discovery/stm32f3_discovery.o
                0x000000000800be8c                BSP_PB_Init
 .text.BSP_PB_GetState
                0x000000000800bf00       0x14 build/Drivers/BSP/STM32F3-Discovery/stm32f3_discovery.o
                0x000000000800bf00                BSP_PB_GetState
 .text.GYRO_IO_Init
                0x000000000800bf14       0x60 build/Drivers/BSP/STM32F3-Discovery/stm32f3_discovery.o
                0x000000000800bf14                GYRO_IO_Init
 .text.GYRO_IO_Write
                0x000000000800bf74       0x44 build/Drivers/BSP/STM32F3-Discovery/stm32f3_discovery.o
                0x000000000800bf74                GYRO_IO_Write
 .text.GYRO_IO_Read
                0x000000000800bfb8       0x48 build/Drivers/BSP/STM32F3-Discovery/stm32f3_discovery.o
                0x000000000800bfb8                GYRO_IO_Read
 .text.COMPASSACCELERO_IO_Init
                0x000000000800c000       0x64 build/Drivers/BSP/STM32F3-Discovery/stm32f3_discovery.o
                0x000000000800c000                COMPASSACCELERO_IO_Init
 .text.COMPASSACCELERO_IO_ITConfig
                0x000000000800c064       0x48 build/Drivers/BSP/STM32F3-Discovery/stm32f3_discovery.o
                0x000000000800c064                COMPASSACCELERO_IO_ITConfig
 .text.COMPASSACCELERO_IO_Write
                0x000000000800c0ac       0x3c build/Drivers/BSP/STM32F3-Discovery/stm32f3_discovery.o
                0x000000000800c0ac                COMPASSACCELERO_IO_Write
 .text.COMPASSACCELERO_IO_Read
                0x000000000800c0e8       0x40 build/Drivers/BSP/STM32F3-Discovery/stm32f3_discovery.o
                0x000000000800c0e8                COMPASSACCELERO_IO_Read
 .text.BSP_ACCELERO_Init
                0x000000000800c128       0x40 build/Drivers/BSP/STM32F3-Discovery/stm32f3_discovery_accelerometer.o
                0x000000000800c128                BSP_ACCELERO_Init
 .text.BSP_ACCELERO_GetXYZ
                0x000000000800c168       0x10 build/Drivers/BSP/STM32F3-Discovery/stm32f3_discovery_accelerometer.o
                0x000000000800c168                BSP_ACCELERO_GetXYZ
 .text.BSP_GYRO_Init
                0x000000000800c178       0x68 build/Drivers/BSP/STM32F3-Discovery/stm32f3_discovery_gyroscope.o
                0x000000000800c178                BSP_GYRO_Init
 .text.BSP_GYRO_GetXYZ
                0x000000000800c1e0       0x10 build/Drivers/BSP/STM32F3-Discovery/stm32f3_discovery_gyroscope.o
                0x000000000800c1e0                BSP_GYRO_GetXYZ
 .text.LSM303DLHC_AccDeInit
                0x000000000800c1f0        0x2 build/Drivers/BSP/Components/lsm303dlhc/lsm303dlhc.o
                0x000000000800c1f0                LSM303DLHC_AccDeInit
 .text.LSM303DLHC_AccInit
                0x000000000800c1f2       0x20 build/Drivers/BSP/Components/lsm303dlhc/lsm303dlhc.o
                0x000000000800c1f2                LSM303DLHC_AccInit
 .text.LSM303DLHC_AccReadID
                0x000000000800c212       0x12 build/Drivers/BSP/Components/lsm303dlhc/lsm303dlhc.o
                0x000000000800c212                LSM303DLHC_AccReadID
 .text.LSM303DLHC_AccRebootCmd
                0x000000000800c224       0x1c build/Drivers/BSP/Components/lsm303dlhc/lsm303dlhc.o
                0x000000000800c224                LSM303DLHC_AccRebootCmd
 .text.LSM303DLHC_AccFilterConfig
                0x000000000800c240       0x20 build/Drivers/BSP/Components/lsm303dlhc/lsm303dlhc.o
                0x000000000800c240                LSM303DLHC_AccFilterConfig
 .text.LSM303DLHC_AccFilterCmd
                0x000000000800c260       0x20 build/Drivers/BSP/Components/lsm303dlhc/lsm303dlhc.o
                0x000000000800c260                LSM303DLHC_AccFilterCmd
 .text.LSM303DLHC_AccReadXYZ
                0x000000000800c280       0xae build/Drivers/BSP/Components/lsm303dlhc/lsm303dlhc.o
                0x000000000800c280                LSM303DLHC_AccReadXYZ
 .text.LSM303DLHC_AccFilterClickCmd
                0x000000000800c32e       0x20 build/Drivers/BSP/Components/lsm303dlhc/lsm303dlhc.o
                0x000000000800c32e                LSM303DLHC_AccFilterClickCmd
 .text.LSM303DLHC_AccIT1Enable
                0x000000000800c34e       0x1c build/Drivers/BSP/Components/lsm303dlhc/lsm303dlhc.o
                0x000000000800c34e                LSM303DLHC_AccIT1Enable
 .text.LSM303DLHC_AccClickITEnable
                0x000000000800c36a       0x44 build/Drivers/BSP/Components/lsm303dlhc/lsm303dlhc.o
                0x000000000800c36a                LSM303DLHC_AccClickITEnable
 .text.LSM303DLHC_AccZClickITConfig
                0x000000000800c3ae       0x1c build/Drivers/BSP/Components/lsm303dlhc/lsm303dlhc.o
                0x000000000800c3ae                LSM303DLHC_AccZClickITConfig
 .text.L3GD20_DeInit
                0x000000000800c3ca        0x2 build/Drivers/BSP/Components/l3gd20/l3gd20.o
                0x000000000800c3ca                L3GD20_DeInit
 .text.L3GD20_Init
                0x000000000800c3cc       0x34 build/Drivers/BSP/Components/l3gd20/l3gd20.o
                0x000000000800c3cc                L3GD20_Init
 .text.L3GD20_LowPower
                0x000000000800c400       0x18 build/Drivers/BSP/Components/l3gd20/l3gd20.o
                0x000000000800c400                L3GD20_LowPower
 .text.L3GD20_ReadID
                0x000000000800c418       0x1c build/Drivers/BSP/Components/l3gd20/l3gd20.o
                0x000000000800c418                L3GD20_ReadID
 .text.L3GD20_RebootCmd
                0x000000000800c434       0x2c build/Drivers/BSP/Components/l3gd20/l3gd20.o
                0x000000000800c434                L3GD20_RebootCmd
 .text.L3GD20_INT1InterruptConfig
                0x000000000800c460       0x5e build/Drivers/BSP/Components/l3gd20/l3gd20.o
                0x000000000800c460                L3GD20_INT1InterruptConfig
 .text.L3GD20_EnableIT
                0x000000000800c4be       0x40 build/Drivers/BSP/Components/l3gd20/l3gd20.o
                0x000000000800c4be                L3GD20_EnableIT
 .text.L3GD20_DisableIT
                0x000000000800c4fe       0x3c build/Drivers/BSP/Components/l3gd20/l3gd20.o
                0x000000000800c4fe                L3GD20_DisableIT
 .text.L3GD20_FilterConfig
                0x000000000800c53a       0x2e build/Drivers/BSP/Components/l3gd20/l3gd20.o
                0x000000000800c53a                L3GD20_FilterConfig
 .text.L3GD20_FilterCmd
                0x000000000800c568       0x2e build/Drivers/BSP/Components/l3gd20/l3gd20.o
                0x000000000800c568                L3GD20_FilterCmd
 *fill*         0x000000000800c596        0x2 
 .text.L3GD20_ReadXYZAngRate
                0x000000000800c598       0xf0 build/Drivers/BSP/Components/l3gd20/l3gd20.o
                0x000000000800c598                L3GD20_ReadXYZAngRate
 .text.I3G4250D_DeInit
                0x000000000800c688        0x2 build/Drivers/BSP/Components/i3g4250d/i3g4250d.o
                0x000000000800c688                I3G4250D_DeInit
 .text.I3G4250D_Init
                0x000000000800c68a       0x34 build/Drivers/BSP/Components/i3g4250d/i3g4250d.o
                0x000000000800c68a                I3G4250D_Init
 .text.I3G4250D_LowPower
                0x000000000800c6be       0x18 build/Drivers/BSP/Components/i3g4250d/i3g4250d.o
                0x000000000800c6be                I3G4250D_LowPower
 .text.I3G4250D_ReadID
                0x000000000800c6d6       0x1c build/Drivers/BSP/Components/i3g4250d/i3g4250d.o
                0x000000000800c6d6                I3G4250D_ReadID
 .text.I3G4250D_RebootCmd
                0x000000000800c6f2       0x2c build/Drivers/BSP/Components/i3g4250d/i3g4250d.o
                0x000000000800c6f2                I3G4250D_RebootCmd
 .text.I3G4250D_INT1InterruptConfig
                0x000000000800c71e       0x5e build/Drivers/BSP/Components/i3g4250d/i3g4250d.o
                0x000000000800c71e                I3G4250D_INT1InterruptConfig
 .text.I3G4250D_EnableIT
                0x000000000800c77c       0x40 build/Drivers/BSP/Components/i3g4250d/i3g4250d.o
                0x000000000800c77c                I3G4250D_EnableIT
 .text.I3G4250D_DisableIT
                0x000000000800c7bc       0x3c build/Drivers/BSP/Components/i3g4250d/i3g4250d.o
                0x000000000800c7bc                I3G4250D_DisableIT
 .text.I3G4250D_FilterConfig
                0x000000000800c7f8       0x2e build/Drivers/BSP/Components/i3g4250d/i3g4250d.o
                0x000000000800c7f8                I3G4250D_FilterConfig
 .text.I3G4250D_FilterCmd
                0x000000000800c826       0x2e build/Drivers/BSP/Components/i3g4250d/i3g4250d.o
                0x000000000800c826                I3G4250D_FilterCmd
 .text.I3G4250D_ReadXYZAngRate
                0x000000000800c854       0xf0 build/Drivers/BSP/Components/i3g4250d/i3g4250d.o
                0x000000000800c854                I3G4250D_ReadXYZAngRate
 .text.LSM303AGR_AccDeInit
                0x000000000800c944        0x2 build/Drivers/BSP/Components/lsm303agr/lsm303agr.o
                0x000000000800c944                LSM303AGR_AccDeInit
 .text.LSM303AGR_AccInit
                0x000000000800c946       0x20 build/Drivers/BSP/Components/lsm303agr/lsm303agr.o
                0x000000000800c946                LSM303AGR_AccInit
 .text.LSM303AGR_AccReadID
                0x000000000800c966       0x12 build/Drivers/BSP/Components/lsm303agr/lsm303agr.o
                0x000000000800c966                LSM303AGR_AccReadID
 .text.LSM303AGR_AccRebootCmd
                0x000000000800c978       0x1c build/Drivers/BSP/Components/lsm303agr/lsm303agr.o
                0x000000000800c978                LSM303AGR_AccRebootCmd
 .text.LSM303AGR_AccFilterConfig
                0x000000000800c994       0x20 build/Drivers/BSP/Components/lsm303agr/lsm303agr.o
                0x000000000800c994                LSM303AGR_AccFilterConfig
 .text.LSM303AGR_AccFilterCmd
                0x000000000800c9b4       0x20 build/Drivers/BSP/Components/lsm303agr/lsm303agr.o
                0x000000000800c9b4                LSM303AGR_AccFilterCmd
 .text.LSM303AGR_AccReadXYZ
                0x000000000800c9d4       0xae build/Drivers/BSP/Components/lsm303agr/lsm303agr.o
                0x000000000800c9d4                LSM303AGR_AccReadXYZ
 .text.LSM303AGR_AccFilterClickCmd
                0x000000000800ca82       0x20 build/Drivers/BSP/Components/lsm303agr/lsm303agr.o
                0x000000000800ca82                LSM303AGR_AccFilterClickCmd
 .text.LSM303AGR_AccIT1Enable
                0x000000000800caa2       0x1c build/Drivers/BSP/Components/lsm303agr/lsm303agr.o
                0x000000000800caa2                LSM303AGR_AccIT1Enable
 .text.LSM303AGR_AccClickITEnable
                0x000000000800cabe       0x44 build/Drivers/BSP/Components/lsm303agr/lsm303agr.o
                0x000000000800cabe                LSM303AGR_AccClickITEnable
 .text.LSM303AGR_AccZClickITConfig
                0x000000000800cb02       0x1c build/Drivers/BSP/Components/lsm303agr/lsm303agr.o
                0x000000000800cb02                LSM303AGR_AccZClickITConfig
 *fill*         0x000000000800cb1e        0x2 
 .text.Reset_Handler
                0x000000000800cb20       0x50 build/Drivers/CMSIS/Device/ST/STM32F3xx/Source/Templates/gcc/startup_stm32f303xc.o
                0x000000000800cb20                Reset_Handler
 .text.Default_Handler
                0x000000000800cb70        0x2 build/Drivers/CMSIS/Device/ST/STM32F3xx/Source/Templates/gcc/startup_stm32f303xc.o
                0x000000000800cb70                RTC_Alarm_IRQHandler
                0x000000000800cb70                TIM8_TRG_COM_IRQHandler
                0x000000000800cb70                TIM8_CC_IRQHandler
                0x000000000800cb70                DebugMon_Handler
                0x000000000800cb70                TIM1_CC_IRQHandler
                0x000000000800cb70                HardFault_Handler
                0x000000000800cb70                USB_HP_IRQHandler
                0x000000000800cb70                PVD_IRQHandler
                0x000000000800cb70                TAMP_STAMP_IRQHandler
                0x000000000800cb70                PendSV_Handler
                0x000000000800cb70                NMI_Handler
                0x000000000800cb70                EXTI3_IRQHandler
                0x000000000800cb70                USB_HP_CAN_TX_IRQHandler
                0x000000000800cb70                EXTI0_IRQHandler
                0x000000000800cb70                I2C2_EV_IRQHandler
                0x000000000800cb70                FPU_IRQHandler
                0x000000000800cb70                TIM1_UP_TIM16_IRQHandler
                0x000000000800cb70                UsageFault_Handler
                0x000000000800cb70                ADC1_2_IRQHandler
                0x000000000800cb70                SPI1_IRQHandler
                0x000000000800cb70                CAN_SCE_IRQHandler
                0x000000000800cb70                TIM6_DAC_IRQHandler
                0x000000000800cb70                TIM8_UP_IRQHandler
                0x000000000800cb70                DMA2_Channel2_IRQHandler
                0x000000000800cb70                DMA1_Channel4_IRQHandler
                0x000000000800cb70                USART3_IRQHandler
                0x000000000800cb70                DMA1_Channel7_IRQHandler
                0x000000000800cb70                UART5_IRQHandler
                0x000000000800cb70                ADC3_IRQHandler
                0x000000000800cb70                TIM4_IRQHandler
                0x000000000800cb70                CAN_RX1_IRQHandler
                0x000000000800cb70                DMA2_Channel1_IRQHandler
                0x000000000800cb70                I2C1_EV_IRQHandler
                0x000000000800cb70                DMA1_Channel6_IRQHandler
                0x000000000800cb70                UART4_IRQHandler
                0x000000000800cb70                DMA2_Channel4_IRQHandler
                0x000000000800cb70                TIM3_IRQHandler
                0x000000000800cb70                RCC_IRQHandler
                0x000000000800cb70                DMA1_Channel1_IRQHandler
                0x000000000800cb70                Default_Handler
                0x000000000800cb70                USBWakeUp_RMP_IRQHandler
                0x000000000800cb70                EXTI15_10_IRQHandler
                0x000000000800cb70                TIM7_IRQHandler
                0x000000000800cb70                EXTI9_5_IRQHandler
                0x000000000800cb70                RTC_WKUP_IRQHandler
                0x000000000800cb70                SPI2_IRQHandler
                0x000000000800cb70                MemManage_Handler
                0x000000000800cb70                SVC_Handler
                0x000000000800cb70                DMA2_Channel5_IRQHandler
                0x000000000800cb70                DMA1_Channel5_IRQHandler
                0x000000000800cb70                USB_LP_IRQHandler
                0x000000000800cb70                EXTI4_IRQHandler
                0x000000000800cb70                TIM1_TRG_COM_TIM17_IRQHandler
                0x000000000800cb70                DMA1_Channel3_IRQHandler
                0x000000000800cb70                ADC4_IRQHandler
                0x000000000800cb70                WWDG_IRQHandler
                0x000000000800cb70                TIM2_IRQHandler
                0x000000000800cb70                COMP7_IRQHandler
                0x000000000800cb70                COMP1_2_3_IRQHandler
                0x000000000800cb70                EXTI1_IRQHandler
                0x000000000800cb70                USART2_IRQHandler
                0x000000000800cb70                COMP4_5_6_IRQHandler
                0x000000000800cb70                I2C2_ER_IRQHandler
                0x000000000800cb70                DMA1_Channel2_IRQHandler
                0x000000000800cb70                TIM8_BRK_IRQHandler
                0x000000000800cb70                FLASH_IRQHandler
                0x000000000800cb70                BusFault_Handler
                0x000000000800cb70                USART1_IRQHandler
                0x000000000800cb70                SPI3_IRQHandler
                0x000000000800cb70                I2C1_ER_IRQHandler
                0x000000000800cb70                USBWakeUp_IRQHandler
                0x000000000800cb70                DMA2_Channel3_IRQHandler
                0x000000000800cb70                EXTI2_TSC_IRQHandler
                0x000000000800cb70                TIM1_BRK_TIM15_IRQHandler
 *fill*         0x000000000800cb72        0x2 
 .text.startup  0x000000000800cb74       0x14 /usr/lib/gcc/arm-none-eabi/10.3.1/../../../arm-none-eabi/lib/thumb/v7e-m+fp/hard/libg.a(lib_a-__call_atexit.o)
 *(.glue_7)
 .glue_7        0x000000000800cb88        0x0 linker stubs
 *(.glue_7t)
 .glue_7t       0x000000000800cb88        0x0 linker stubs
 *(.eh_frame)
 .eh_frame      0x000000000800cb88        0x0 /usr/lib/gcc/arm-none-eabi/10.3.1/thumb/v7e-m+fp/hard/crtbegin.o
 *(.init)
 .init          0x000000000800cb88        0x4 /usr/lib/gcc/arm-none-eabi/10.3.1/thumb/v7e-m+fp/hard/crti.o
                0x000000000800cb88                _init
 .init          0x000000000800cb8c        0x8 /usr/lib/gcc/arm-none-eabi/10.3.1/thumb/v7e-m+fp/hard/crtn.o
 *(.fini)
 .fini          0x000000000800cb94        0x4 /usr/lib/gcc/arm-none-eabi/10.3.1/thumb/v7e-m+fp/hard/crti.o
                0x000000000800cb94                _fini
 .fini          0x000000000800cb98        0x8 /usr/lib/gcc/arm-none-eabi/10.3.1/thumb/v7e-m+fp/hard/crtn.o
                0x000000000800cba0                . = ALIGN (0x4)
                0x000000000800cba0                _etext = .

.vfp11_veneer   0x000000000800cba0        0x0
 .vfp11_veneer  0x000000000800cba0        0x0 linker stubs

.v4_bx          0x000000000800cba0        0x0
 .v4_bx         0x000000000800cba0        0x0 linker stubs

.iplt           0x000000000800cba0        0x0
 .iplt          0x000000000800cba0        0x0 /usr/lib/gcc/arm-none-eabi/10.3.1/thumb/v7e-m+fp/hard/crtbegin.o

.rodata         0x000000000800cba0     0xfb30
                0x000000000800cba0                . = ALIGN (0x4)
 *(.rodata)
 .rodata        0x000000000800cba0      0x494 build/decoder/STM32F30x_decoder.o
 .rodata        0x000000000800d034      0x101 /usr/lib/gcc/arm-none-eabi/10.3.1/../../../arm-none-eabi/lib/thumb/v7e-m+fp/hard/libg.a(lib_a-ctype_.o)
                0x000000000800d034                _ctype_
 *fill*         0x000000000800d135        0x3 
 .rodata        0x000000000800d138        0x4 /usr/lib/gcc/arm-none-eabi/10.3.1/../../../arm-none-eabi/lib/thumb/v7e-m+fp/hard/libg.a(lib_a-impure.o)
                0x000000000800d138                _global_impure_ptr
 .rodata        0x000000000800d13c       0x20 /usr/lib/gcc/arm-none-eabi/10.3.1/../../../arm-none-eabi/lib/thumb/v7e-m+fp/hard/libg.a(lib_a-vfprintf.o)
 *fill*         0x000000000800d15c        0x4 
 .rodata        0x000000000800d160      0x128 /usr/lib/gcc/arm-none-eabi/10.3.1/../../../arm-none-eabi/lib/thumb/v7e-m+fp/hard/libg.a(lib_a-mprec.o)
                0x000000000800d170                __mprec_tens
                0x000000000800d238                __mprec_tinytens
                0x000000000800d260                __mprec_bigtens
 .rodata        0x000000000800d288       0x20 /usr/lib/gcc/arm-none-eabi/10.3.1/../../../arm-none-eabi/lib/thumb/v7e-m+fp/hard/libg.a(lib_a-vfiprintf.o)
 *(.rodata*)
 .rodata.CmdLED.str1.1
                0x000000000800d2a8       0x68 build/main.o
 .rodata.CmdAccel.str1.1
                0x000000000800d310       0x33 build/main.o
 .rodata.CmdGyro.str1.1
                0x000000000800d343       0x2f build/main.o
 .rodata.CmdButton.str1.1
                0x000000000800d372       0x2a build/main.o
 .rodata.main.str1.1
                0x000000000800d39c       0x41 build/main.o
 .rodata.str1.1
                0x000000000800d3dd       0x9d build/main.o
                                         0xa4 (size before relaxing)
 .rodata.LEDs   0x000000000800d47a        0x8 build/main.o
                0x000000000800d47a                LEDs
 .rodata._jp_A4.str1.1
                0x000000000800d482       0x46 build/mes/jp_hook.o
 .rodata._jp_A3.str1.1
                0x000000000800d4c8       0x4f build/mes/jp_hook.o
 .rodata.AddTest.str1.1
                0x000000000800d517       0x4f build/mes/jp_hook.o
 .rodata._jp_A2.str1.1
                0x000000000800d566       0x11 build/mes/jp_hook.o
 .rodata.str1.1
                0x000000000800d577       0x84 build/mes/jp_hook.o
 .rodata.CmdTest.str1.1
                0x000000000800d5fb       0x47 build/mytest.o
 .rodata.str1.1
                0x000000000800d642       0x16 build/mytest.o
 .rodata.CmdR.str1.1
                0x000000000800d658       0x10 build/monitor.o
 .rodata.str1.1
                0x000000000800d668       0x3b build/monitor.o
                                         0x3d (size before relaxing)
 .rodata.parse.str1.1
                0x000000000800d6a3       0xd6 build/parser.o
 .rodata.TaskInput.str1.1
                0x000000000800d779        0xb build/parser.o
                                          0xe (size before relaxing)
 .rodata.__FUNCTION__.0
                0x000000000800d784        0x6 build/parser.o
 .rodata.DumpBuffer.str1.1
                0x000000000800d78a       0x16 build/dump.o
 .rodata.CmdDump.str1.1
                0x000000000800d7a0      0x1ca build/dump.o
 .rodata.str1.1
                0x000000000800d96a       0x1c build/dump.o
                                         0x1e (size before relaxing)
 .rodata.CmdStats.str1.1
                0x000000000800d986       0x78 build/terminal.o
 .rodata._write_r.str1.1
                0x000000000800d9fe       0x78 build/terminal.o
                                          0x2 (size before relaxing)
 .rodata.str1.1
                0x000000000800d9fe       0x32 build/terminal.o
 .rodata.Uncompress.str1.1
                0x000000000800da30       0x26 build/decoder/decoder.o
 .rodata.DecodeReadRegister.str1.1
                0x000000000800da56       0x35 build/decoder/decoder.o
 .rodata.DecodeField.str1.1
                0x000000000800da8b       0x35 build/decoder/decoder.o
 .rodata.DecodeRegister.str1.1
                0x000000000800dac0       0x3b build/decoder/decoder.o
 .rodata.DecodePeripheral.str1.1
                0x000000000800dafb       0x28 build/decoder/decoder.o
 .rodata.DecodePrintPeripherals.str1.1
                0x000000000800db23        0x3 build/decoder/decoder.o
                                          0x9 (size before relaxing)
 .rodata.CmdDecode.str1.1
                0x000000000800db26      0x403 build/decoder/decoder.o
                                        0x405 (size before relaxing)
 .rodata.str1.1
                0x000000000800df29       0x21 build/decoder/decoder.o
                                         0x28 (size before relaxing)
 .rodata.str1.1
                0x000000000800df4a     0x28bc build/decoder/STM32F30x_decoder.o
                                       0x2921 (size before relaxing)
 *fill*         0x0000000008010806        0x2 
 .rodata.ADC1_2_CCR_fields
                0x0000000008010808       0x40 build/decoder/STM32F30x_decoder.o
                0x0000000008010808                ADC1_2_CCR_fields
 .rodata.ADC1_2_CDR_fields
                0x0000000008010848       0x10 build/decoder/STM32F30x_decoder.o
                0x0000000008010848                ADC1_2_CDR_fields
 .rodata.ADC1_2_CSR_fields
                0x0000000008010858       0xb0 build/decoder/STM32F30x_decoder.o
                0x0000000008010858                ADC1_2_CSR_fields
 .rodata.ADC1_2_registers
                0x0000000008010908       0x30 build/decoder/STM32F30x_decoder.o
                0x0000000008010908                ADC1_2_registers
 .rodata.ADC1_AWD2CR_fields
                0x0000000008010938        0x8 build/decoder/STM32F30x_decoder.o
                0x0000000008010938                ADC1_AWD2CR_fields
 .rodata.ADC1_AWD3CR_fields
                0x0000000008010940        0x8 build/decoder/STM32F30x_decoder.o
                0x0000000008010940                ADC1_AWD3CR_fields
 .rodata.ADC1_CALFACT_fields
                0x0000000008010948       0x10 build/decoder/STM32F30x_decoder.o
                0x0000000008010948                ADC1_CALFACT_fields
 .rodata.ADC1_CFGR_fields
                0x0000000008010958       0x98 build/decoder/STM32F30x_decoder.o
                0x0000000008010958                ADC1_CFGR_fields
 .rodata.ADC1_CR_fields
                0x00000000080109f0       0x50 build/decoder/STM32F30x_decoder.o
                0x00000000080109f0                ADC1_CR_fields
 .rodata.ADC1_DIFSEL_fields
                0x0000000008010a40       0x10 build/decoder/STM32F30x_decoder.o
                0x0000000008010a40                ADC1_DIFSEL_fields
 .rodata.ADC1_DR_fields
                0x0000000008010a50        0x8 build/decoder/STM32F30x_decoder.o
                0x0000000008010a50                ADC1_DR_fields
 .rodata.ADC1_IER_fields
                0x0000000008010a58       0x58 build/decoder/STM32F30x_decoder.o
                0x0000000008010a58                ADC1_IER_fields
 .rodata.ADC1_ISR_fields
                0x0000000008010ab0       0x58 build/decoder/STM32F30x_decoder.o
                0x0000000008010ab0                ADC1_ISR_fields
 .rodata.ADC1_JDR1_fields
                0x0000000008010b08        0x8 build/decoder/STM32F30x_decoder.o
                0x0000000008010b08                ADC1_JDR1_fields
 .rodata.ADC1_JDR2_fields
                0x0000000008010b10        0x8 build/decoder/STM32F30x_decoder.o
                0x0000000008010b10                ADC1_JDR2_fields
 .rodata.ADC1_JDR3_fields
                0x0000000008010b18        0x8 build/decoder/STM32F30x_decoder.o
                0x0000000008010b18                ADC1_JDR3_fields
 .rodata.ADC1_JDR4_fields
                0x0000000008010b20        0x8 build/decoder/STM32F30x_decoder.o
                0x0000000008010b20                ADC1_JDR4_fields
 .rodata.ADC1_JSQR_fields
                0x0000000008010b28       0x38 build/decoder/STM32F30x_decoder.o
                0x0000000008010b28                ADC1_JSQR_fields
 .rodata.ADC1_OFR1_fields
                0x0000000008010b60       0x18 build/decoder/STM32F30x_decoder.o
                0x0000000008010b60                ADC1_OFR1_fields
 .rodata.ADC1_OFR2_fields
                0x0000000008010b78       0x18 build/decoder/STM32F30x_decoder.o
                0x0000000008010b78                ADC1_OFR2_fields
 .rodata.ADC1_OFR3_fields
                0x0000000008010b90       0x18 build/decoder/STM32F30x_decoder.o
                0x0000000008010b90                ADC1_OFR3_fields
 .rodata.ADC1_OFR4_fields
                0x0000000008010ba8       0x18 build/decoder/STM32F30x_decoder.o
                0x0000000008010ba8                ADC1_OFR4_fields
 .rodata.ADC1_SMPR1_fields
                0x0000000008010bc0       0x48 build/decoder/STM32F30x_decoder.o
                0x0000000008010bc0                ADC1_SMPR1_fields
 .rodata.ADC1_SMPR2_fields
                0x0000000008010c08       0x48 build/decoder/STM32F30x_decoder.o
                0x0000000008010c08                ADC1_SMPR2_fields
 .rodata.ADC1_SQR1_fields
                0x0000000008010c50       0x28 build/decoder/STM32F30x_decoder.o
                0x0000000008010c50                ADC1_SQR1_fields
 .rodata.ADC1_SQR2_fields
                0x0000000008010c78       0x28 build/decoder/STM32F30x_decoder.o
                0x0000000008010c78                ADC1_SQR2_fields
 .rodata.ADC1_SQR3_fields
                0x0000000008010ca0       0x28 build/decoder/STM32F30x_decoder.o
                0x0000000008010ca0                ADC1_SQR3_fields
 .rodata.ADC1_SQR4_fields
                0x0000000008010cc8       0x10 build/decoder/STM32F30x_decoder.o
                0x0000000008010cc8                ADC1_SQR4_fields
 .rodata.ADC1_TR1_fields
                0x0000000008010cd8       0x10 build/decoder/STM32F30x_decoder.o
                0x0000000008010cd8                ADC1_TR1_fields
 .rodata.ADC1_TR2_fields
                0x0000000008010ce8       0x10 build/decoder/STM32F30x_decoder.o
                0x0000000008010ce8                ADC1_TR2_fields
 .rodata.ADC1_TR3_fields
                0x0000000008010cf8       0x10 build/decoder/STM32F30x_decoder.o
                0x0000000008010cf8                ADC1_TR3_fields
 .rodata.ADC1_registers
                0x0000000008010d08      0x1b0 build/decoder/STM32F30x_decoder.o
                0x0000000008010d08                ADC1_registers
 .rodata.CAN_BTR_fields
                0x0000000008010eb8       0x30 build/decoder/STM32F30x_decoder.o
                0x0000000008010eb8                CAN_BTR_fields
 .rodata.CAN_ESR_fields
                0x0000000008010ee8       0x30 build/decoder/STM32F30x_decoder.o
                0x0000000008010ee8                CAN_ESR_fields
 .rodata.CAN_F0R1_fields
                0x0000000008010f18      0x100 build/decoder/STM32F30x_decoder.o
                0x0000000008010f18                CAN_F0R1_fields
 .rodata.CAN_F0R2_fields
                0x0000000008011018      0x100 build/decoder/STM32F30x_decoder.o
                0x0000000008011018                CAN_F0R2_fields
 .rodata.CAN_F10R1_fields
                0x0000000008011118      0x100 build/decoder/STM32F30x_decoder.o
                0x0000000008011118                CAN_F10R1_fields
 .rodata.CAN_F10R2_fields
                0x0000000008011218      0x100 build/decoder/STM32F30x_decoder.o
                0x0000000008011218                CAN_F10R2_fields
 .rodata.CAN_F11R1_fields
                0x0000000008011318      0x100 build/decoder/STM32F30x_decoder.o
                0x0000000008011318                CAN_F11R1_fields
 .rodata.CAN_F11R2_fields
                0x0000000008011418      0x100 build/decoder/STM32F30x_decoder.o
                0x0000000008011418                CAN_F11R2_fields
 .rodata.CAN_F12R1_fields
                0x0000000008011518      0x100 build/decoder/STM32F30x_decoder.o
                0x0000000008011518                CAN_F12R1_fields
 .rodata.CAN_F12R2_fields
                0x0000000008011618      0x100 build/decoder/STM32F30x_decoder.o
                0x0000000008011618                CAN_F12R2_fields
 .rodata.CAN_F13R1_fields
                0x0000000008011718      0x100 build/decoder/STM32F30x_decoder.o
                0x0000000008011718                CAN_F13R1_fields
 .rodata.CAN_F13R2_fields
                0x0000000008011818      0x100 build/decoder/STM32F30x_decoder.o
                0x0000000008011818                CAN_F13R2_fields
 .rodata.CAN_F14R1_fields
                0x0000000008011918      0x100 build/decoder/STM32F30x_decoder.o
                0x0000000008011918                CAN_F14R1_fields
 .rodata.CAN_F14R2_fields
                0x0000000008011a18      0x100 build/decoder/STM32F30x_decoder.o
                0x0000000008011a18                CAN_F14R2_fields
 .rodata.CAN_F15R1_fields
                0x0000000008011b18      0x100 build/decoder/STM32F30x_decoder.o
                0x0000000008011b18                CAN_F15R1_fields
 .rodata.CAN_F15R2_fields
                0x0000000008011c18      0x100 build/decoder/STM32F30x_decoder.o
                0x0000000008011c18                CAN_F15R2_fields
 .rodata.CAN_F16R1_fields
                0x0000000008011d18      0x100 build/decoder/STM32F30x_decoder.o
                0x0000000008011d18                CAN_F16R1_fields
 .rodata.CAN_F16R2_fields
                0x0000000008011e18      0x100 build/decoder/STM32F30x_decoder.o
                0x0000000008011e18                CAN_F16R2_fields
 .rodata.CAN_F17R1_fields
                0x0000000008011f18      0x100 build/decoder/STM32F30x_decoder.o
                0x0000000008011f18                CAN_F17R1_fields
 .rodata.CAN_F17R2_fields
                0x0000000008012018      0x100 build/decoder/STM32F30x_decoder.o
                0x0000000008012018                CAN_F17R2_fields
 .rodata.CAN_F18R1_fields
                0x0000000008012118      0x100 build/decoder/STM32F30x_decoder.o
                0x0000000008012118                CAN_F18R1_fields
 .rodata.CAN_F18R2_fields
                0x0000000008012218      0x100 build/decoder/STM32F30x_decoder.o
                0x0000000008012218                CAN_F18R2_fields
 .rodata.CAN_F19R1_fields
                0x0000000008012318      0x100 build/decoder/STM32F30x_decoder.o
                0x0000000008012318                CAN_F19R1_fields
 .rodata.CAN_F19R2_fields
                0x0000000008012418      0x100 build/decoder/STM32F30x_decoder.o
                0x0000000008012418                CAN_F19R2_fields
 .rodata.CAN_F1R1_fields
                0x0000000008012518      0x100 build/decoder/STM32F30x_decoder.o
                0x0000000008012518                CAN_F1R1_fields
 .rodata.CAN_F1R2_fields
                0x0000000008012618      0x100 build/decoder/STM32F30x_decoder.o
                0x0000000008012618                CAN_F1R2_fields
 .rodata.CAN_F20R1_fields
                0x0000000008012718      0x100 build/decoder/STM32F30x_decoder.o
                0x0000000008012718                CAN_F20R1_fields
 .rodata.CAN_F20R2_fields
                0x0000000008012818      0x100 build/decoder/STM32F30x_decoder.o
                0x0000000008012818                CAN_F20R2_fields
 .rodata.CAN_F21R1_fields
                0x0000000008012918      0x100 build/decoder/STM32F30x_decoder.o
                0x0000000008012918                CAN_F21R1_fields
 .rodata.CAN_F21R2_fields
                0x0000000008012a18      0x100 build/decoder/STM32F30x_decoder.o
                0x0000000008012a18                CAN_F21R2_fields
 .rodata.CAN_F22R1_fields
                0x0000000008012b18      0x100 build/decoder/STM32F30x_decoder.o
                0x0000000008012b18                CAN_F22R1_fields
 .rodata.CAN_F22R2_fields
                0x0000000008012c18      0x100 build/decoder/STM32F30x_decoder.o
                0x0000000008012c18                CAN_F22R2_fields
 .rodata.CAN_F23R1_fields
                0x0000000008012d18      0x100 build/decoder/STM32F30x_decoder.o
                0x0000000008012d18                CAN_F23R1_fields
 .rodata.CAN_F23R2_fields
                0x0000000008012e18      0x100 build/decoder/STM32F30x_decoder.o
                0x0000000008012e18                CAN_F23R2_fields
 .rodata.CAN_F24R1_fields
                0x0000000008012f18      0x100 build/decoder/STM32F30x_decoder.o
                0x0000000008012f18                CAN_F24R1_fields
 .rodata.CAN_F24R2_fields
                0x0000000008013018      0x100 build/decoder/STM32F30x_decoder.o
                0x0000000008013018                CAN_F24R2_fields
 .rodata.CAN_F25R1_fields
                0x0000000008013118      0x100 build/decoder/STM32F30x_decoder.o
                0x0000000008013118                CAN_F25R1_fields
 .rodata.CAN_F25R2_fields
                0x0000000008013218      0x100 build/decoder/STM32F30x_decoder.o
                0x0000000008013218                CAN_F25R2_fields
 .rodata.CAN_F26R1_fields
                0x0000000008013318      0x100 build/decoder/STM32F30x_decoder.o
                0x0000000008013318                CAN_F26R1_fields
 .rodata.CAN_F26R2_fields
                0x0000000008013418      0x100 build/decoder/STM32F30x_decoder.o
                0x0000000008013418                CAN_F26R2_fields
 .rodata.CAN_F27R1_fields
                0x0000000008013518      0x100 build/decoder/STM32F30x_decoder.o
                0x0000000008013518                CAN_F27R1_fields
 .rodata.CAN_F27R2_fields
                0x0000000008013618      0x100 build/decoder/STM32F30x_decoder.o
                0x0000000008013618                CAN_F27R2_fields
 .rodata.CAN_F2R1_fields
                0x0000000008013718      0x100 build/decoder/STM32F30x_decoder.o
                0x0000000008013718                CAN_F2R1_fields
 .rodata.CAN_F2R2_fields
                0x0000000008013818      0x100 build/decoder/STM32F30x_decoder.o
                0x0000000008013818                CAN_F2R2_fields
 .rodata.CAN_F3R1_fields
                0x0000000008013918      0x100 build/decoder/STM32F30x_decoder.o
                0x0000000008013918                CAN_F3R1_fields
 .rodata.CAN_F3R2_fields
                0x0000000008013a18      0x100 build/decoder/STM32F30x_decoder.o
                0x0000000008013a18                CAN_F3R2_fields
 .rodata.CAN_F4R1_fields
                0x0000000008013b18      0x100 build/decoder/STM32F30x_decoder.o
                0x0000000008013b18                CAN_F4R1_fields
 .rodata.CAN_F4R2_fields
                0x0000000008013c18      0x100 build/decoder/STM32F30x_decoder.o
                0x0000000008013c18                CAN_F4R2_fields
 .rodata.CAN_F5R1_fields
                0x0000000008013d18      0x100 build/decoder/STM32F30x_decoder.o
                0x0000000008013d18                CAN_F5R1_fields
 .rodata.CAN_F5R2_fields
                0x0000000008013e18      0x100 build/decoder/STM32F30x_decoder.o
                0x0000000008013e18                CAN_F5R2_fields
 .rodata.CAN_F6R1_fields
                0x0000000008013f18      0x100 build/decoder/STM32F30x_decoder.o
                0x0000000008013f18                CAN_F6R1_fields
 .rodata.CAN_F6R2_fields
                0x0000000008014018      0x100 build/decoder/STM32F30x_decoder.o
                0x0000000008014018                CAN_F6R2_fields
 .rodata.CAN_F7R1_fields
                0x0000000008014118      0x100 build/decoder/STM32F30x_decoder.o
                0x0000000008014118                CAN_F7R1_fields
 .rodata.CAN_F7R2_fields
                0x0000000008014218      0x100 build/decoder/STM32F30x_decoder.o
                0x0000000008014218                CAN_F7R2_fields
 .rodata.CAN_F8R1_fields
                0x0000000008014318      0x100 build/decoder/STM32F30x_decoder.o
                0x0000000008014318                CAN_F8R1_fields
 .rodata.CAN_F8R2_fields
                0x0000000008014418      0x100 build/decoder/STM32F30x_decoder.o
                0x0000000008014418                CAN_F8R2_fields
 .rodata.CAN_F9R1_fields
                0x0000000008014518      0x100 build/decoder/STM32F30x_decoder.o
                0x0000000008014518                CAN_F9R1_fields
 .rodata.CAN_F9R2_fields
                0x0000000008014618      0x100 build/decoder/STM32F30x_decoder.o
                0x0000000008014618                CAN_F9R2_fields
 .rodata.CAN_FA1R_fields
                0x0000000008014718       0xe0 build/decoder/STM32F30x_decoder.o
                0x0000000008014718                CAN_FA1R_fields
 .rodata.CAN_FFA1R_fields
                0x00000000080147f8       0xe0 build/decoder/STM32F30x_decoder.o
                0x00000000080147f8                CAN_FFA1R_fields
 .rodata.CAN_FM1R_fields
                0x00000000080148d8       0xe0 build/decoder/STM32F30x_decoder.o
                0x00000000080148d8                CAN_FM1R_fields
 .rodata.CAN_FMR_fields
                0x00000000080149b8       0x10 build/decoder/STM32F30x_decoder.o
                0x00000000080149b8                CAN_FMR_fields
 .rodata.CAN_FS1R_fields
                0x00000000080149c8       0xe0 build/decoder/STM32F30x_decoder.o
                0x00000000080149c8                CAN_FS1R_fields
 .rodata.CAN_IER_fields
                0x0000000008014aa8       0x70 build/decoder/STM32F30x_decoder.o
                0x0000000008014aa8                CAN_IER_fields
 .rodata.CAN_MCR_fields
                0x0000000008014b18       0x50 build/decoder/STM32F30x_decoder.o
                0x0000000008014b18                CAN_MCR_fields
 .rodata.CAN_MSR_fields
                0x0000000008014b68       0x48 build/decoder/STM32F30x_decoder.o
                0x0000000008014b68                CAN_MSR_fields
 .rodata.CAN_RDH0R_fields
                0x0000000008014bb0       0x20 build/decoder/STM32F30x_decoder.o